MariaDB [(none)]> tee C:\Users\715368\Downloads\LOG_C0715368_Test1.txt
MariaDB [(none)]> show databases;
+--------------------+
| Database           |
+--------------------+
| information_schema |
| mysql              |
| mytestdb           |
| performance_schema |
| phpmyadmin         |
| test               |
+--------------------+
6 rows in set (0.00 sec)

MariaDB [(none)]> create database dbC0715368;
Query OK, 1 row affected (0.00 sec)

MariaDB [(none)]> use dbC0715368;
Database changed
MariaDB [dbC0715368]> show tables;
Empty set (0.00 sec)

MariaDB [dbC0715368]> CREATE TABLE Movies(
    -> Code INTEGER(5) PRIMARY KEY NOT NULL, 
    -> Title VARCHAR(50) NOT NULL, 
    -> Rating VARCHAR(10), 
    -> ReleaseDate DATE() NOT NULL;
ERROR 1064 (42000): You have an error in your SQL syntax; check the manual that corresponds to your MariaDB server version for the right syntax to use near '() NOT NULL' at line 5
MariaDB [dbC0715368]> );CREATE TABLE Movies(
ERROR 1064 (42000): You have an error in your SQL syntax; check the manual that corresponds to your MariaDB server version for the right syntax to use near ')' at line 1
    -> Code INTEGER(5) PRIMARY KEY NOT NULL, 
    -> Title VARCHAR(50) NOT NULL, 
    -> Rating VARCHAR(10), 
    -> ReleaseDate DATE() NOT NULL
    -> );
ERROR 1064 (42000): You have an error in your SQL syntax; check the manual that corresponds to your MariaDB server version for the right syntax to use near '() NOT NULL
)' at line 5
MariaDB [dbC0715368]> CREATE TABLE Movies(
    -> Code INTEGER(5) PRIMARY KEY NOT NULL, 
    -> Title VARCHAR(50) NOT NULL, 
    -> Rating VARCHAR(10), 
    -> ReleaseDate DATE NOT NULL
    -> );
Query OK, 0 rows affected (0.25 sec)

MariaDB [dbC0715368]> CREATE TABLE MovieTheaters (
    -> Code INTEGER(5) PRIMARY KEY NOT NULL, 
    -> Name VARCHAR(50) NOT NULL, 
    -> Movie VARCHAR(50) REFERENCES Movies(Code) 
    -> );
Query OK, 0 rows affected (0.20 sec)

MariaDB [dbC0715368]> show tables;
+----------------------+
| Tables_in_dbc0715368 |
+----------------------+
| movies               |
| movietheaters        |
+----------------------+
2 rows in set (0.00 sec)

MariaDB [dbC0715368]> show create tables movies\G;
ERROR 1064 (42000): You have an error in your SQL syntax; check the manual that corresponds to your MariaDB server version for the right syntax to use near 'tables movies' at line 1
ERROR: No query specified

MariaDB [dbC0715368]> show create table movies\G;
*************************** 1. row ***************************
       Table: movies
Create Table: CREATE TABLE `movies` (
  `Code` int(5) NOT NULL,
  `Title` varchar(50) NOT NULL,
  `Rating` varchar(10) DEFAULT NULL,
  `ReleaseDate` date NOT NULL,
  PRIMARY KEY (`Code`)
) ENGINE=InnoDB DEFAULT CHARSET=latin1
1 row in set (0.00 sec)

ERROR: No query specified

MariaDB [dbC0715368]> show create table moviestheaters\G;
ERROR 1146 (42S02): Table 'dbc0715368.moviestheaters' doesn't exist
ERROR: No query specified

MariaDB [dbC0715368]> show create table movietheaters\G;
*************************** 1. row ***************************
       Table: movietheaters
Create Table: CREATE TABLE `movietheaters` (
  `Code` int(5) NOT NULL,
  `Name` varchar(50) NOT NULL,
  `Movie` varchar(50) DEFAULT NULL,
  PRIMARY KEY (`Code`)
) ENGINE=InnoDB DEFAULT CHARSET=latin1
1 row in set (0.00 sec)

ERROR: No query specified

MariaDB [dbC0715368]> LOAD DATA INFILE 'C:\Users\715368\Downloads\movies.txt' INTO TABLE movies;
ERROR 29 (HY000): File 'C:\xampp\mysql\data\Users715368Downloadsmovies.txt' not found (Errcode: 2 "No such file or directory")
MariaDB [dbC0715368]> LOAD DATA INFILE 'C:/Users/715368/Downloads/movies.txt' INTO TABLE movies;
Query OK, 8 rows affected (0.09 sec)
Records: 8  Deleted: 0  Skipped: 0  Warnings: 0

MariaDB [dbC0715368]> LOAD DATA INFILE 'C:/Users/715368/Downloads/movietheaters.txt' INTO TABLE movietheaters;
Query OK, 6 rows affected (0.09 sec)
Records: 6  Deleted: 0  Skipped: 0  Warnings: 0

MariaDB [dbC0715368]> select * from movies;
+------+-------------------------+--------+-------------+
| Code | Title                   | Rating | ReleaseDate |
+------+-------------------------+--------+-------------+
|    1 | Citizen Kane            | PG     | 1970-01-24  |
|    2 | Singin in the Rain      | G      | 1972-02-20  |
|    3 | The Wizard of Oz        | G      | 1970-01-20  |
|    4 | The Quiet Man           | NULL   | 1997-12-15  |
|    5 | North by Northwest      | NULL   | 1978-03-11  |
|    6 | The Last Tango in Paris | NC-17  | 1999-08-12  |
|    7 | Some Like it Hot        | PG-13  | 2017-01-08  |
|    8 | A Night at the Opera    | NULL   | 2015-09-29  |
+------+-------------------------+--------+-------------+
8 rows in set (0.00 sec)

MariaDB [dbC0715368]> select * from movietheaters;
+------+-------------+-------+
| Code | Name        | Movie |
+------+-------------+-------+
|    1 | Odeon       | 5    |
|    2 | Imperial    | 1    |
|    3 | Majestic    | NULL |
|    4 | Royale      | 6    |
|    5 | Paraiso     | 3    |
|    6 | Nickelodeon | NULL  |
+------+-------------+-------+
6 rows in set (0.00 sec)

MariaDB [dbC0715368]> select * from movies order by title desc;
+------+-------------------------+--------+-------------+
| Code | Title                   | Rating | ReleaseDate |
+------+-------------------------+--------+-------------+
|    3 | The Wizard of Oz        | G      | 1970-01-20  |
|    4 | The Quiet Man           | NULL   | 1997-12-15  |
|    6 | The Last Tango in Paris | NC-17  | 1999-08-12  |
|    7 | Some Like it Hot        | PG-13  | 2017-01-08  |
|    2 | Singin in the Rain      | G      | 1972-02-20  |
|    5 | North by Northwest      | NULL   | 1978-03-11  |
|    1 | Citizen Kane            | PG     | 1970-01-24  |
|    8 | A Night at the Opera    | NULL   | 2015-09-29  |
+------+-------------------------+--------+-------------+
8 rows in set (0.00 sec)

MariaDB [dbC0715368]> SELECT * FROM movies ORDER BY title DESC;
+------+-------------------------+--------+-------------+
| Code | Title                   | Rating | ReleaseDate |
+------+-------------------------+--------+-------------+
|    3 | The Wizard of Oz        | G      | 1970-01-20  |
|    4 | The Quiet Man           | NULL   | 1997-12-15  |
|    6 | The Last Tango in Paris | NC-17  | 1999-08-12  |
|    7 | Some Like it Hot        | PG-13  | 2017-01-08  |
|    2 | Singin in the Rain      | G      | 1972-02-20  |
|    5 | North by Northwest      | NULL   | 1978-03-11  |
|    1 | Citizen Kane            | PG     | 1970-01-24  |
|    8 | A Night at the Opera    | NULL   | 2015-09-29  |
+------+-------------------------+--------+-------------+
8 rows in set (0.00 sec)

MariaDB [dbC0715368]> SELECT DISTINCT(RATING) FROM movies;
+--------+
| RATING |
+--------+
| PG     |
| G      |
| NULL   |
| NC-17  |
| PG-13  |
+--------+
5 rows in set (0.00 sec)

MariaDB [dbC0715368]> SELECT * FROM movies WHERE rating = 'NULL';
+------+----------------------+--------+-------------+
| Code | Title                | Rating | ReleaseDate |
+------+----------------------+--------+-------------+
|    4 | The Quiet Man        | NULL   | 1997-12-15  |
|    5 | North by Northwest   | NULL   | 1978-03-11  |
|    8 | A Night at the Opera | NULL   | 2015-09-29  |
+------+----------------------+--------+-------------+
3 rows in set (0.00 sec)

MariaDB [dbC0715368]> SELECT name FROM movietheaters WHERE movie = 'NULL';
+-------------+
| name        |
+-------------+
| Nickelodeon |
+-------------+
1 row in set (0.00 sec)

MariaDB [dbC0715368]> SELECT name FROM movietheaters WHERE movie = NULL;
Empty set (0.00 sec)

MariaDB [dbC0715368]> SELECT name FROM movietheaters WHERE movie = 'NULL';
+-------------+
| name        |
+-------------+
| Nickelodeon |
+-------------+
1 row in set (0.00 sec)

MariaDB [dbC0715368]> UPDATE movietheaters SET Movie = 'NULL' where code=6;
Query OK, 0 rows affected (0.06 sec)
Rows matched: 1  Changed: 0  Warnings: 0

MariaDB [dbC0715368]> SELECT name FROM movietheaters WHERE movie = 'NULL';
+-------------+
| name        |
+-------------+
| Nickelodeon |
+-------------+
1 row in set (0.00 sec)

MariaDB [dbC0715368]> select * from movietheaters;
+------+-------------+-------+
| Code | Name        | Movie |
+------+-------------+-------+
|    1 | Odeon       | 5    |
|    2 | Imperial    | 1    |
|    3 | Majestic    | NULL |
|    4 | Royale      | 6    |
|    5 | Paraiso     | 3    |
|    6 | Nickelodeon | NULL  |
+------+-------------+-------+
6 rows in set (0.00 sec)

MariaDB [dbC0715368]> SELECT name FROM movietheaters WHERE movie = 'NULL ';
+-------------+
| name        |
+-------------+
| Nickelodeon |
+-------------+
1 row in set (0.00 sec)

MariaDB [dbC0715368]> SELECT name FROM movietheaters WHERE movie = 'NULL	';
Empty set (0.00 sec)

MariaDB [dbC0715368]> SELECT name FROM movietheaters WHERE movie like  '%NULL%';
+-------------+
| name        |
+-------------+
| Majestic    |
| Nickelodeon |
+-------------+
2 rows in set (0.00 sec)

MariaDB [dbC0715368]> UPDATE movietheaters SET Movie = 'NULL' where code=3;
Query OK, 1 row affected (0.08 sec)
Rows matched: 1  Changed: 1  Warnings: 0

MariaDB [dbC0715368]> SELECT name FROM movietheaters WHERE movie = 'NULL';
+-------------+
| name        |
+-------------+
| Majestic    |
| Nickelodeon |
+-------------+
2 rows in set (0.00 sec)

MariaDB [dbC0715368]> SELECT name FROM movietheaters WHERE movie IS NULL;
Empty set (0.00 sec)

MariaDB [dbC0715368]> SELECT * FROM movies WHERE name LIKE '%in%';
ERROR 1054 (42S22): Unknown column 'name' in 'where clause'
MariaDB [dbC0715368]> SELECT * FROM movies WHERE titles LIKE '%in%';
ERROR 1054 (42S22): Unknown column 'titles' in 'where clause'
MariaDB [dbC0715368]> SELECT * FROM movies WHERE title LIKE '%in%';
+------+-------------------------+--------+-------------+
| Code | Title                   | Rating | ReleaseDate |
+------+-------------------------+--------+-------------+
|    2 | Singin in the Rain      | G      | 1972-02-20  |
|    6 | The Last Tango in Paris | NC-17  | 1999-08-12  |
+------+-------------------------+--------+-------------+
2 rows in set (0.00 sec)

MariaDB [dbC0715368]> SELECT * FROM movies WHERE MONTH(ReleaseDate) = 01;
+------+------------------+--------+-------------+
| Code | Title            | Rating | ReleaseDate |
+------+------------------+--------+-------------+
|    1 | Citizen Kane     | PG     | 1970-01-24  |
|    3 | The Wizard of Oz | G      | 1970-01-20  |
|    7 | Some Like it Hot | PG-13  | 2017-01-08  |
+------+------------------+--------+-------------+
3 rows in set (0.03 sec)

MariaDB [dbC0715368]> SELECT releasedate,current_date,TIMESTAMPDIFF(YEAR,releasedate,current_date);
ERROR 1054 (42S22): Unknown column 'releasedate' in 'field list'
MariaDB [dbC0715368]> SELECT releasedate,current_date,TIMESTAMPDIFF(YEAR,releasedate,current_date) FROM moives;
ERROR 1146 (42S02): Table 'dbc0715368.moives' doesn't exist
MariaDB [dbC0715368]> SELECT releasedate,current_date,TIMESTAMPDIFF(YEAR,releasedate,current_date) FROM movies;
+-------------+--------------+----------------------------------------------+
| releasedate | current_date | TIMESTAMPDIFF(YEAR,releasedate,current_date) |
+-------------+--------------+----------------------------------------------+
| 1970-01-24  | 2017-09-11   |                                           47 |
| 1972-02-20  | 2017-09-11   |                                           45 |
| 1970-01-20  | 2017-09-11   |                                           47 |
| 1997-12-15  | 2017-09-11   |                                           19 |
| 1978-03-11  | 2017-09-11   |                                           39 |
| 1999-08-12  | 2017-09-11   |                                           18 |
| 2017-01-08  | 2017-09-11   |                                            0 |
| 2015-09-29  | 2017-09-11   |                                            1 |
+-------------+--------------+----------------------------------------------+
8 rows in set (0.00 sec)

MariaDB [dbC0715368]> SELECT releasedate,current_date,TIMESTAMPDIFF(YEAR,releasedate,current_date) AS Total_Year_of_Release FROM movies;
+-------------+--------------+-----------------------+
| releasedate | current_date | Total_Year_of_Release |
+-------------+--------------+-----------------------+
| 1970-01-24  | 2017-09-11   |                    47 |
| 1972-02-20  | 2017-09-11   |                    45 |
| 1970-01-20  | 2017-09-11   |                    47 |
| 1997-12-15  | 2017-09-11   |                    19 |
| 1978-03-11  | 2017-09-11   |                    39 |
| 1999-08-12  | 2017-09-11   |                    18 |
| 2017-01-08  | 2017-09-11   |                     0 |
| 2015-09-29  | 2017-09-11   |                     1 |
+-------------+--------------+-----------------------+
8 rows in set (0.00 sec)

MariaDB [dbC0715368]> select * from movies;
+------+-------------------------+--------+-------------+
| Code | Title                   | Rating | ReleaseDate |
+------+-------------------------+--------+-------------+
|    1 | Citizen Kane            | PG     | 1970-01-24  |
|    2 | Singin in the Rain      | G      | 1972-02-20  |
|    3 | The Wizard of Oz        | G      | 1970-01-20  |
|    4 | The Quiet Man           | NULL   | 1997-12-15  |
|    5 | North by Northwest      | NULL   | 1978-03-11  |
|    6 | The Last Tango in Paris | NC-17  | 1999-08-12  |
|    7 | Some Like it Hot        | PG-13  | 2017-01-08  |
|    8 | A Night at the Opera    | NULL   | 2015-09-29  |
+------+-------------------------+--------+-------------+
8 rows in set (0.00 sec)

MariaDB [dbC0715368]> UPDATE movies SET rating = 'One' WHERE code = 4;
Query OK, 1 row affected (0.08 sec)
Rows matched: 1  Changed: 1  Warnings: 0

MariaDB [dbC0715368]> UPDATE movies SET rating = 'Two' WHERE code = 5;
Query OK, 1 row affected (0.05 sec)
Rows matched: 1  Changed: 1  Warnings: 0

MariaDB [dbC0715368]> UPDATE movies SET rating = 'Three' WHERE code = 8;
Query OK, 1 row affected (0.06 sec)
Rows matched: 1  Changed: 1  Warnings: 0

MariaDB [dbC0715368]> SELECT * FROM movies;
+------+-------------------------+--------+-------------+
| Code | Title                   | Rating | ReleaseDate |
+------+-------------------------+--------+-------------+
|    1 | Citizen Kane            | PG     | 1970-01-24  |
|    2 | Singin in the Rain      | G      | 1972-02-20  |
|    3 | The Wizard of Oz        | G      | 1970-01-20  |
|    4 | The Quiet Man           | One    | 1997-12-15  |
|    5 | North by Northwest      | Two    | 1978-03-11  |
|    6 | The Last Tango in Paris | NC-17  | 1999-08-12  |
|    7 | Some Like it Hot        | PG-13  | 2017-01-08  |
|    8 | A Night at the Opera    | Three  | 2015-09-29  |
+------+-------------------------+--------+-------------+
8 rows in set (0.00 sec)

MariaDB [dbC0715368]> UPDATE movies SET rating = 'Five' WHERE Rating = 'G';
Query OK, 2 rows affected (0.06 sec)
Rows matched: 2  Changed: 2  Warnings: 0

MariaDB [dbC0715368]> SELECT * FROM movies;
+------+-------------------------+--------+-------------+
| Code | Title                   | Rating | ReleaseDate |
+------+-------------------------+--------+-------------+
|    1 | Citizen Kane            | PG     | 1970-01-24  |
|    2 | Singin in the Rain      | Five   | 1972-02-20  |
|    3 | The Wizard of Oz        | Five   | 1970-01-20  |
|    4 | The Quiet Man           | One    | 1997-12-15  |
|    5 | North by Northwest      | Two    | 1978-03-11  |
|    6 | The Last Tango in Paris | NC-17  | 1999-08-12  |
|    7 | Some Like it Hot        | PG-13  | 2017-01-08  |
|    8 | A Night at the Opera    | Three  | 2015-09-29  |
+------+-------------------------+--------+-------------+
8 rows in set (0.00 sec)

