
Setting environment for using XAMPP for Windows.
715368@203-IMAC13 c:\xampp
# mysql -u root -p
Enter password:
Welcome to the MariaDB monitor.  Commands end with ; or \g.
Your MariaDB connection id is 2
Server version: 10.1.21-MariaDB mariadb.org binary distribution

Copyright (c) 2000, 2016, Oracle, MariaDB Corporation Ab and others.

Type 'help;' or '\h' for help. Type '\c' to clear the current input statement.

MariaDB [(none)]> use mytestdb;
Database changed
MariaDB [mytestdb]> DESC INFORMATION_SCHEMA.COLUMNS;
+--------------------------+---------------------+------+-----+---------+-------+
| Field                    | Type                | Null | Key | Default | Extra |
+--------------------------+---------------------+------+-----+---------+-------+
| TABLE_CATALOG            | varchar(512)        | NO   |     |         |       |
| TABLE_SCHEMA             | varchar(64)         | NO   |     |         |       |
| TABLE_NAME               | varchar(64)         | NO   |     |         |       |
| COLUMN_NAME              | varchar(64)         | NO   |     |         |       |
| ORDINAL_POSITION         | bigint(21) unsigned | NO   |     | 0       |       |
| COLUMN_DEFAULT           | longtext            | YES  |     | NULL    |       |
| IS_NULLABLE              | varchar(3)          | NO   |     |         |       |
| DATA_TYPE                | varchar(64)         | NO   |     |         |       |
| CHARACTER_MAXIMUM_LENGTH | bigint(21) unsigned | YES  |     | NULL    |       |
| CHARACTER_OCTET_LENGTH   | bigint(21) unsigned | YES  |     | NULL    |       |
| NUMERIC_PRECISION        | bigint(21) unsigned | YES  |     | NULL    |       |
| NUMERIC_SCALE            | bigint(21) unsigned | YES  |     | NULL    |       |
| DATETIME_PRECISION       | bigint(21) unsigned | YES  |     | NULL    |       |
| CHARACTER_SET_NAME       | varchar(32)         | YES  |     | NULL    |       |
| COLLATION_NAME           | varchar(32)         | YES  |     | NULL    |       |
| COLUMN_TYPE              | longtext            | NO   |     | NULL    |       |
| COLUMN_KEY               | varchar(3)          | NO   |     |         |       |
| EXTRA                    | varchar(27)         | NO   |     |         |       |
| PRIVILEGES               | varchar(80)         | NO   |     |         |       |
| COLUMN_COMMENT           | varchar(1024)       | NO   |     |         |       |
+--------------------------+---------------------+------+-----+---------+-------+
20 rows in set (0.00 sec)

MariaDB [mytestdb]> SELECT TABLE_NAME FROM INFORMATION_SCHEMA.COLUMNS;
+----------------------------------------------------+
| TABLE_NAME                                         |
+----------------------------------------------------+
| movies                                             |
| movies                                             |
| movies                                             |
| movies                                             |
| movietheaters                                      |
| movietheaters                                      |
| movietheaters                                      |
| ALL_PLUGINS                                        |
| ALL_PLUGINS                                        |
| ALL_PLUGINS                                        |
| ALL_PLUGINS                                        |
| ALL_PLUGINS                                        |
| ALL_PLUGINS                                        |
| ALL_PLUGINS                                        |
| ALL_PLUGINS                                        |
| ALL_PLUGINS                                        |
| ALL_PLUGINS                                        |
| ALL_PLUGINS                                        |
| ALL_PLUGINS                                        |
| ALL_PLUGINS                                        |
| APPLICABLE_ROLES                                   |
| APPLICABLE_ROLES                                   |
| APPLICABLE_ROLES                                   |
| APPLICABLE_ROLES                                   |
| CHARACTER_SETS                                     |
| CHARACTER_SETS                                     |
| CHARACTER_SETS                                     |
| CHARACTER_SETS                                     |
| COLLATIONS                                         |
| COLLATIONS                                         |
| COLLATIONS                                         |
| COLLATIONS                                         |
| COLLATIONS                                         |
| COLLATIONS                                         |
| COLLATION_CHARACTER_SET_APPLICABILITY              |
| COLLATION_CHARACTER_SET_APPLICABILITY              |
| COLUMNS                                            |
| COLUMNS                                            |
| COLUMNS                                            |
| COLUMNS                                            |
| COLUMNS                                            |
| COLUMNS                                            |
| COLUMNS                                            |
| COLUMNS                                            |
| COLUMNS                                            |
| COLUMNS                                            |
| COLUMNS                                            |
| COLUMNS                                            |
| COLUMNS                                            |
| COLUMNS                                            |
| COLUMNS                                            |
| COLUMNS                                            |
| COLUMNS                                            |
| COLUMNS                                            |
| COLUMNS                                            |
| COLUMNS                                            |
| COLUMN_PRIVILEGES                                  |
| COLUMN_PRIVILEGES                                  |
| COLUMN_PRIVILEGES                                  |
| COLUMN_PRIVILEGES                                  |
| COLUMN_PRIVILEGES                                  |
| COLUMN_PRIVILEGES                                  |
| COLUMN_PRIVILEGES                                  |
| ENABLED_ROLES                                      |
| ENGINES                                            |
| ENGINES                                            |
| ENGINES                                            |
| ENGINES                                            |
| ENGINES                                            |
| ENGINES                                            |
| EVENTS                                             |
| EVENTS                                             |
| EVENTS                                             |
| EVENTS                                             |
| EVENTS                                             |
| EVENTS                                             |
| EVENTS                                             |
| EVENTS                                             |
| EVENTS                                             |
| EVENTS                                             |
| EVENTS                                             |
| EVENTS                                             |
| EVENTS                                             |
| EVENTS                                             |
| EVENTS                                             |
| EVENTS                                             |
| EVENTS                                             |
| EVENTS                                             |
| EVENTS                                             |
| EVENTS                                             |
| EVENTS                                             |
| EVENTS                                             |
| EVENTS                                             |
| EVENTS                                             |
| FILES                                              |
| FILES                                              |
| FILES                                              |
| FILES                                              |
| FILES                                              |
| FILES                                              |
| FILES                                              |
| FILES                                              |
| FILES                                              |
| FILES                                              |
| FILES                                              |
| FILES                                              |
| FILES                                              |
| FILES                                              |
| FILES                                              |
| FILES                                              |
| FILES                                              |
| FILES                                              |
| FILES                                              |
| FILES                                              |
| FILES                                              |
| FILES                                              |
| FILES                                              |
| FILES                                              |
| FILES                                              |
| FILES                                              |
| FILES                                              |
| FILES                                              |
| FILES                                              |
| FILES                                              |
| FILES                                              |
| FILES                                              |
| FILES                                              |
| FILES                                              |
| FILES                                              |
| FILES                                              |
| FILES                                              |
| FILES                                              |
| GLOBAL_STATUS                                      |
| GLOBAL_STATUS                                      |
| GLOBAL_VARIABLES                                   |
| GLOBAL_VARIABLES                                   |
| KEY_CACHES                                         |
| KEY_CACHES                                         |
| KEY_CACHES                                         |
| KEY_CACHES                                         |
| KEY_CACHES                                         |
| KEY_CACHES                                         |
| KEY_CACHES                                         |
| KEY_CACHES                                         |
| KEY_CACHES                                         |
| KEY_CACHES                                         |
| KEY_CACHES                                         |
| KEY_CACHES                                         |
| KEY_COLUMN_USAGE                                   |
| KEY_COLUMN_USAGE                                   |
| KEY_COLUMN_USAGE                                   |
| KEY_COLUMN_USAGE                                   |
| KEY_COLUMN_USAGE                                   |
| KEY_COLUMN_USAGE                                   |
| KEY_COLUMN_USAGE                                   |
| KEY_COLUMN_USAGE                                   |
| KEY_COLUMN_USAGE                                   |
| KEY_COLUMN_USAGE                                   |
| KEY_COLUMN_USAGE                                   |
| KEY_COLUMN_USAGE                                   |
| PARAMETERS                                         |
| PARAMETERS                                         |
| PARAMETERS                                         |
| PARAMETERS                                         |
| PARAMETERS                                         |
| PARAMETERS                                         |
| PARAMETERS                                         |
| PARAMETERS                                         |
| PARAMETERS                                         |
| PARAMETERS                                         |
| PARAMETERS                                         |
| PARAMETERS                                         |
| PARAMETERS                                         |
| PARAMETERS                                         |
| PARAMETERS                                         |
| PARAMETERS                                         |
| PARTITIONS                                         |
| PARTITIONS                                         |
| PARTITIONS                                         |
| PARTITIONS                                         |
| PARTITIONS                                         |
| PARTITIONS                                         |
| PARTITIONS                                         |
| PARTITIONS                                         |
| PARTITIONS                                         |
| PARTITIONS                                         |
| PARTITIONS                                         |
| PARTITIONS                                         |
| PARTITIONS                                         |
| PARTITIONS                                         |
| PARTITIONS                                         |
| PARTITIONS                                         |
| PARTITIONS                                         |
| PARTITIONS                                         |
| PARTITIONS                                         |
| PARTITIONS                                         |
| PARTITIONS                                         |
| PARTITIONS                                         |
| PARTITIONS                                         |
| PARTITIONS                                         |
| PARTITIONS                                         |
| PLUGINS                                            |
| PLUGINS                                            |
| PLUGINS                                            |
| PLUGINS                                            |
| PLUGINS                                            |
| PLUGINS                                            |
| PLUGINS                                            |
| PLUGINS                                            |
| PLUGINS                                            |
| PLUGINS                                            |
| PLUGINS                                            |
| PLUGINS                                            |
| PLUGINS                                            |
| PROCESSLIST                                        |
| PROCESSLIST                                        |
| PROCESSLIST                                        |
| PROCESSLIST                                        |
| PROCESSLIST                                        |
| PROCESSLIST                                        |
| PROCESSLIST                                        |
| PROCESSLIST                                        |
| PROCESSLIST                                        |
| PROCESSLIST                                        |
| PROCESSLIST                                        |
| PROCESSLIST                                        |
| PROCESSLIST                                        |
| PROCESSLIST                                        |
| PROCESSLIST                                        |
| PROCESSLIST                                        |
| PROCESSLIST                                        |
| PROFILING                                          |
| PROFILING                                          |
| PROFILING                                          |
| PROFILING                                          |
| PROFILING                                          |
| PROFILING                                          |
| PROFILING                                          |
| PROFILING                                          |
| PROFILING                                          |
| PROFILING                                          |
| PROFILING                                          |
| PROFILING                                          |
| PROFILING                                          |
| PROFILING                                          |
| PROFILING                                          |
| PROFILING                                          |
| PROFILING                                          |
| PROFILING                                          |
| REFERENTIAL_CONSTRAINTS                            |
| REFERENTIAL_CONSTRAINTS                            |
| REFERENTIAL_CONSTRAINTS                            |
| REFERENTIAL_CONSTRAINTS                            |
| REFERENTIAL_CONSTRAINTS                            |
| REFERENTIAL_CONSTRAINTS                            |
| REFERENTIAL_CONSTRAINTS                            |
| REFERENTIAL_CONSTRAINTS                            |
| REFERENTIAL_CONSTRAINTS                            |
| REFERENTIAL_CONSTRAINTS                            |
| REFERENTIAL_CONSTRAINTS                            |
| ROUTINES                                           |
| ROUTINES                                           |
| ROUTINES                                           |
| ROUTINES                                           |
| ROUTINES                                           |
| ROUTINES                                           |
| ROUTINES                                           |
| ROUTINES                                           |
| ROUTINES                                           |
| ROUTINES                                           |
| ROUTINES                                           |
| ROUTINES                                           |
| ROUTINES                                           |
| ROUTINES                                           |
| ROUTINES                                           |
| ROUTINES                                           |
| ROUTINES                                           |
| ROUTINES                                           |
| ROUTINES                                           |
| ROUTINES                                           |
| ROUTINES                                           |
| ROUTINES                                           |
| ROUTINES                                           |
| ROUTINES                                           |
| ROUTINES                                           |
| ROUTINES                                           |
| ROUTINES                                           |
| ROUTINES                                           |
| ROUTINES                                           |
| ROUTINES                                           |
| ROUTINES                                           |
| SCHEMATA                                           |
| SCHEMATA                                           |
| SCHEMATA                                           |
| SCHEMATA                                           |
| SCHEMATA                                           |
| SCHEMA_PRIVILEGES                                  |
| SCHEMA_PRIVILEGES                                  |
| SCHEMA_PRIVILEGES                                  |
| SCHEMA_PRIVILEGES                                  |
| SCHEMA_PRIVILEGES                                  |
| SESSION_STATUS                                     |
| SESSION_STATUS                                     |
| SESSION_VARIABLES                                  |
| SESSION_VARIABLES                                  |
| STATISTICS                                         |
| STATISTICS                                         |
| STATISTICS                                         |
| STATISTICS                                         |
| STATISTICS                                         |
| STATISTICS                                         |
| STATISTICS                                         |
| STATISTICS                                         |
| STATISTICS                                         |
| STATISTICS                                         |
| STATISTICS                                         |
| STATISTICS                                         |
| STATISTICS                                         |
| STATISTICS                                         |
| STATISTICS                                         |
| STATISTICS                                         |
| SYSTEM_VARIABLES                                   |
| SYSTEM_VARIABLES                                   |
| SYSTEM_VARIABLES                                   |
| SYSTEM_VARIABLES                                   |
| SYSTEM_VARIABLES                                   |
| SYSTEM_VARIABLES                                   |
| SYSTEM_VARIABLES                                   |
| SYSTEM_VARIABLES                                   |
| SYSTEM_VARIABLES                                   |
| SYSTEM_VARIABLES                                   |
| SYSTEM_VARIABLES                                   |
| SYSTEM_VARIABLES                                   |
| SYSTEM_VARIABLES                                   |
| SYSTEM_VARIABLES                                   |
| TABLES                                             |
| TABLES                                             |
| TABLES                                             |
| TABLES                                             |
| TABLES                                             |
| TABLES                                             |
| TABLES                                             |
| TABLES                                             |
| TABLES                                             |
| TABLES                                             |
| TABLES                                             |
| TABLES                                             |
| TABLES                                             |
| TABLES                                             |
| TABLES                                             |
| TABLES                                             |
| TABLES                                             |
| TABLES                                             |
| TABLES                                             |
| TABLES                                             |
| TABLES                                             |
| TABLESPACES                                        |
| TABLESPACES                                        |
| TABLESPACES                                        |
| TABLESPACES                                        |
| TABLESPACES                                        |
| TABLESPACES                                        |
| TABLESPACES                                        |
| TABLESPACES                                        |
| TABLESPACES                                        |
| TABLE_CONSTRAINTS                                  |
| TABLE_CONSTRAINTS                                  |
| TABLE_CONSTRAINTS                                  |
| TABLE_CONSTRAINTS                                  |
| TABLE_CONSTRAINTS                                  |
| TABLE_CONSTRAINTS                                  |
| TABLE_PRIVILEGES                                   |
| TABLE_PRIVILEGES                                   |
| TABLE_PRIVILEGES                                   |
| TABLE_PRIVILEGES                                   |
| TABLE_PRIVILEGES                                   |
| TABLE_PRIVILEGES                                   |
| TRIGGERS                                           |
| TRIGGERS                                           |
| TRIGGERS                                           |
| TRIGGERS                                           |
| TRIGGERS                                           |
| TRIGGERS                                           |
| TRIGGERS                                           |
| TRIGGERS                                           |
| TRIGGERS                                           |
| TRIGGERS                                           |
| TRIGGERS                                           |
| TRIGGERS                                           |
| TRIGGERS                                           |
| TRIGGERS                                           |
| TRIGGERS                                           |
| TRIGGERS                                           |
| TRIGGERS                                           |
| TRIGGERS                                           |
| TRIGGERS                                           |
| TRIGGERS                                           |
| TRIGGERS                                           |
| TRIGGERS                                           |
| USER_PRIVILEGES                                    |
| USER_PRIVILEGES                                    |
| USER_PRIVILEGES                                    |
| USER_PRIVILEGES                                    |
| VIEWS                                              |
| VIEWS                                              |
| VIEWS                                              |
| VIEWS                                              |
| VIEWS                                              |
| VIEWS                                              |
| VIEWS                                              |
| VIEWS                                              |
| VIEWS                                              |
| VIEWS                                              |
| VIEWS                                              |
| GEOMETRY_COLUMNS                                   |
| GEOMETRY_COLUMNS                                   |
| GEOMETRY_COLUMNS                                   |
| GEOMETRY_COLUMNS                                   |
| GEOMETRY_COLUMNS                                   |
| GEOMETRY_COLUMNS                                   |
| GEOMETRY_COLUMNS                                   |
| GEOMETRY_COLUMNS                                   |
| GEOMETRY_COLUMNS                                   |
| GEOMETRY_COLUMNS                                   |
| GEOMETRY_COLUMNS                                   |
| GEOMETRY_COLUMNS                                   |
| GEOMETRY_COLUMNS                                   |
| SPATIAL_REF_SYS                                    |
| SPATIAL_REF_SYS                                    |
| SPATIAL_REF_SYS                                    |
| SPATIAL_REF_SYS                                    |
| CLIENT_STATISTICS                                  |
| CLIENT_STATISTICS                                  |
| CLIENT_STATISTICS                                  |
| CLIENT_STATISTICS                                  |
| CLIENT_STATISTICS                                  |
| CLIENT_STATISTICS                                  |
| CLIENT_STATISTICS                                  |
| CLIENT_STATISTICS                                  |
| CLIENT_STATISTICS                                  |
| CLIENT_STATISTICS                                  |
| CLIENT_STATISTICS                                  |
| CLIENT_STATISTICS                                  |
| CLIENT_STATISTICS                                  |
| CLIENT_STATISTICS                                  |
| CLIENT_STATISTICS                                  |
| CLIENT_STATISTICS                                  |
| CLIENT_STATISTICS                                  |
| CLIENT_STATISTICS                                  |
| CLIENT_STATISTICS                                  |
| CLIENT_STATISTICS                                  |
| CLIENT_STATISTICS                                  |
| CLIENT_STATISTICS                                  |
| CLIENT_STATISTICS                                  |
| CLIENT_STATISTICS                                  |
| CLIENT_STATISTICS                                  |
| INDEX_STATISTICS                                   |
| INDEX_STATISTICS                                   |
| INDEX_STATISTICS                                   |
| INDEX_STATISTICS                                   |
| INNODB_SYS_DATAFILES                               |
| INNODB_SYS_DATAFILES                               |
| TABLE_STATISTICS                                   |
| TABLE_STATISTICS                                   |
| TABLE_STATISTICS                                   |
| TABLE_STATISTICS                                   |
| TABLE_STATISTICS                                   |
| INNODB_SYS_TABLESTATS                              |
| INNODB_SYS_TABLESTATS                              |
| INNODB_SYS_TABLESTATS                              |
| INNODB_SYS_TABLESTATS                              |
| INNODB_SYS_TABLESTATS                              |
| INNODB_SYS_TABLESTATS                              |
| INNODB_SYS_TABLESTATS                              |
| INNODB_SYS_TABLESTATS                              |
| INNODB_SYS_TABLESTATS                              |
| USER_STATISTICS                                    |
| USER_STATISTICS                                    |
| USER_STATISTICS                                    |
| USER_STATISTICS                                    |
| USER_STATISTICS                                    |
| USER_STATISTICS                                    |
| USER_STATISTICS                                    |
| USER_STATISTICS                                    |
| USER_STATISTICS                                    |
| USER_STATISTICS                                    |
| USER_STATISTICS                                    |
| USER_STATISTICS                                    |
| USER_STATISTICS                                    |
| USER_STATISTICS                                    |
| USER_STATISTICS                                    |
| USER_STATISTICS                                    |
| USER_STATISTICS                                    |
| USER_STATISTICS                                    |
| USER_STATISTICS                                    |
| USER_STATISTICS                                    |
| USER_STATISTICS                                    |
| USER_STATISTICS                                    |
| USER_STATISTICS                                    |
| USER_STATISTICS                                    |
| USER_STATISTICS                                    |
| INNODB_SYS_INDEXES                                 |
| INNODB_SYS_INDEXES                                 |
| INNODB_SYS_INDEXES                                 |
| INNODB_SYS_INDEXES                                 |
| INNODB_SYS_INDEXES                                 |
| INNODB_SYS_INDEXES                                 |
| INNODB_SYS_INDEXES                                 |
| XTRADB_RSEG                                        |
| XTRADB_RSEG                                        |
| XTRADB_RSEG                                        |
| XTRADB_RSEG                                        |
| XTRADB_RSEG                                        |
| XTRADB_RSEG                                        |
| INNODB_CMP_PER_INDEX                               |
| INNODB_CMP_PER_INDEX                               |
| INNODB_CMP_PER_INDEX                               |
| INNODB_CMP_PER_INDEX                               |
| INNODB_CMP_PER_INDEX                               |
| INNODB_CMP_PER_INDEX                               |
| INNODB_CMP_PER_INDEX                               |
| INNODB_CMP_PER_INDEX                               |
| INNODB_TRX                                         |
| INNODB_TRX                                         |
| INNODB_TRX                                         |
| INNODB_TRX                                         |
| INNODB_TRX                                         |
| INNODB_TRX                                         |
| INNODB_TRX                                         |
| INNODB_TRX                                         |
| INNODB_TRX                                         |
| INNODB_TRX                                         |
| INNODB_TRX                                         |
| INNODB_TRX                                         |
| INNODB_TRX                                         |
| INNODB_TRX                                         |
| INNODB_TRX                                         |
| INNODB_TRX                                         |
| INNODB_TRX                                         |
| INNODB_TRX                                         |
| INNODB_TRX                                         |
| INNODB_TRX                                         |
| INNODB_TRX                                         |
| INNODB_TRX                                         |
| INNODB_TRX                                         |
| INNODB_TRX                                         |
| CHANGED_PAGE_BITMAPS                               |
| INNODB_FT_BEING_DELETED                            |
| INNODB_LOCK_WAITS                                  |
| INNODB_LOCK_WAITS                                  |
| INNODB_LOCK_WAITS                                  |
| INNODB_LOCK_WAITS                                  |
| INNODB_LOCKS                                       |
| INNODB_LOCKS                                       |
| INNODB_LOCKS                                       |
| INNODB_LOCKS                                       |
| INNODB_LOCKS                                       |
| INNODB_LOCKS                                       |
| INNODB_LOCKS                                       |
| INNODB_LOCKS                                       |
| INNODB_LOCKS                                       |
| INNODB_LOCKS                                       |
| INNODB_TABLESPACES_ENCRYPTION                      |
| INNODB_TABLESPACES_ENCRYPTION                      |
| INNODB_TABLESPACES_ENCRYPTION                      |
| INNODB_TABLESPACES_ENCRYPTION                      |
| INNODB_TABLESPACES_ENCRYPTION                      |
| INNODB_TABLESPACES_ENCRYPTION                      |
| INNODB_TABLESPACES_ENCRYPTION                      |
| INNODB_TABLESPACES_ENCRYPTION                      |
| INNODB_TABLESPACES_ENCRYPTION                      |
| XTRADB_INTERNAL_HASH_TABLES                        |
| XTRADB_INTERNAL_HASH_TABLES                        |
| XTRADB_INTERNAL_HASH_TABLES                        |
| XTRADB_INTERNAL_HASH_TABLES                        |
| INNODB_SYS_FIELDS                                  |
| INNODB_SYS_FIELDS                                  |
| INNODB_SYS_FIELDS                                  |
| INNODB_CMPMEM_RESET                                |
| INNODB_CMPMEM_RESET                                |
| INNODB_CMPMEM_RESET                                |
| INNODB_CMPMEM_RESET                                |
| INNODB_CMPMEM_RESET                                |
| INNODB_CMPMEM_RESET                                |
| INNODB_CMP                                         |
| INNODB_CMP                                         |
| INNODB_CMP                                         |
| INNODB_CMP                                         |
| INNODB_CMP                                         |
| INNODB_CMP                                         |
| INNODB_FT_INDEX_TABLE                              |
| INNODB_FT_INDEX_TABLE                              |
| INNODB_FT_INDEX_TABLE                              |
| INNODB_FT_INDEX_TABLE                              |
| INNODB_FT_INDEX_TABLE                              |
| INNODB_FT_INDEX_TABLE                              |
| INNODB_SYS_TABLESPACES                             |
| INNODB_SYS_TABLESPACES                             |
| INNODB_SYS_TABLESPACES                             |
| INNODB_SYS_TABLESPACES                             |
| INNODB_SYS_TABLESPACES                             |
| INNODB_SYS_TABLESPACES                             |
| INNODB_SYS_TABLESPACES                             |
| INNODB_MUTEXES                                     |
| INNODB_MUTEXES                                     |
| INNODB_MUTEXES                                     |
| INNODB_MUTEXES                                     |
| INNODB_BUFFER_PAGE_LRU                             |
| INNODB_BUFFER_PAGE_LRU                             |
| INNODB_BUFFER_PAGE_LRU                             |
| INNODB_BUFFER_PAGE_LRU                             |
| INNODB_BUFFER_PAGE_LRU                             |
| INNODB_BUFFER_PAGE_LRU                             |
| INNODB_BUFFER_PAGE_LRU                             |
| INNODB_BUFFER_PAGE_LRU                             |
| INNODB_BUFFER_PAGE_LRU                             |
| INNODB_BUFFER_PAGE_LRU                             |
| INNODB_BUFFER_PAGE_LRU                             |
| INNODB_BUFFER_PAGE_LRU                             |
| INNODB_BUFFER_PAGE_LRU                             |
| INNODB_BUFFER_PAGE_LRU                             |
| INNODB_BUFFER_PAGE_LRU                             |
| INNODB_BUFFER_PAGE_LRU                             |
| INNODB_BUFFER_PAGE_LRU                             |
| INNODB_BUFFER_PAGE_LRU                             |
| INNODB_BUFFER_PAGE_LRU                             |
| INNODB_BUFFER_PAGE_LRU                             |
| INNODB_SYS_FOREIGN_COLS                            |
| INNODB_SYS_FOREIGN_COLS                            |
| INNODB_SYS_FOREIGN_COLS                            |
| INNODB_SYS_FOREIGN_COLS                            |
| INNODB_CMP_RESET                                   |
| INNODB_CMP_RESET                                   |
| INNODB_CMP_RESET                                   |
| INNODB_CMP_RESET                                   |
| INNODB_CMP_RESET                                   |
| INNODB_CMP_RESET                                   |
| INNODB_BUFFER_POOL_STATS                           |
| INNODB_BUFFER_POOL_STATS                           |
| INNODB_BUFFER_POOL_STATS                           |
| INNODB_BUFFER_POOL_STATS                           |
| INNODB_BUFFER_POOL_STATS                           |
| INNODB_BUFFER_POOL_STATS                           |
| INNODB_BUFFER_POOL_STATS                           |
| INNODB_BUFFER_POOL_STATS                           |
| INNODB_BUFFER_POOL_STATS                           |
| INNODB_BUFFER_POOL_STATS                           |
| INNODB_BUFFER_POOL_STATS                           |
| INNODB_BUFFER_POOL_STATS                           |
| INNODB_BUFFER_POOL_STATS                           |
| INNODB_BUFFER_POOL_STATS                           |
| INNODB_BUFFER_POOL_STATS                           |
| INNODB_BUFFER_POOL_STATS                           |
| INNODB_BUFFER_POOL_STATS                           |
| INNODB_BUFFER_POOL_STATS                           |
| INNODB_BUFFER_POOL_STATS                           |
| INNODB_BUFFER_POOL_STATS                           |
| INNODB_BUFFER_POOL_STATS                           |
| INNODB_BUFFER_POOL_STATS                           |
| INNODB_BUFFER_POOL_STATS                           |
| INNODB_BUFFER_POOL_STATS                           |
| INNODB_BUFFER_POOL_STATS                           |
| INNODB_BUFFER_POOL_STATS                           |
| INNODB_BUFFER_POOL_STATS                           |
| INNODB_BUFFER_POOL_STATS                           |
| INNODB_BUFFER_POOL_STATS                           |
| INNODB_BUFFER_POOL_STATS                           |
| INNODB_BUFFER_POOL_STATS                           |
| INNODB_BUFFER_POOL_STATS                           |
| INNODB_FT_INDEX_CACHE                              |
| INNODB_FT_INDEX_CACHE                              |
| INNODB_FT_INDEX_CACHE                              |
| INNODB_FT_INDEX_CACHE                              |
| INNODB_FT_INDEX_CACHE                              |
| INNODB_FT_INDEX_CACHE                              |
| INNODB_SYS_FOREIGN                                 |
| INNODB_SYS_FOREIGN                                 |
| INNODB_SYS_FOREIGN                                 |
| INNODB_SYS_FOREIGN                                 |
| INNODB_SYS_FOREIGN                                 |
| INNODB_METRICS                                     |
| INNODB_METRICS                                     |
| INNODB_METRICS                                     |
| INNODB_METRICS                                     |
| INNODB_METRICS                                     |
| INNODB_METRICS                                     |
| INNODB_METRICS                                     |
| INNODB_METRICS                                     |
| INNODB_METRICS                                     |
| INNODB_METRICS                                     |
| INNODB_METRICS                                     |
| INNODB_METRICS                                     |
| INNODB_METRICS                                     |
| INNODB_METRICS                                     |
| INNODB_METRICS                                     |
| INNODB_METRICS                                     |
| INNODB_METRICS                                     |
| INNODB_FT_DEFAULT_STOPWORD                         |
| INNODB_CMPMEM                                      |
| INNODB_CMPMEM                                      |
| INNODB_CMPMEM                                      |
| INNODB_CMPMEM                                      |
| INNODB_CMPMEM                                      |
| INNODB_CMPMEM                                      |
| INNODB_SYS_TABLES                                  |
| INNODB_SYS_TABLES                                  |
| INNODB_SYS_TABLES                                  |
| INNODB_SYS_TABLES                                  |
| INNODB_SYS_TABLES                                  |
| INNODB_SYS_TABLES                                  |
| INNODB_SYS_TABLES                                  |
| INNODB_SYS_TABLES                                  |
| INNODB_SYS_COLUMNS                                 |
| INNODB_SYS_COLUMNS                                 |
| INNODB_SYS_COLUMNS                                 |
| INNODB_SYS_COLUMNS                                 |
| INNODB_SYS_COLUMNS                                 |
| INNODB_SYS_COLUMNS                                 |
| INNODB_FT_CONFIG                                   |
| INNODB_FT_CONFIG                                   |
| INNODB_BUFFER_PAGE                                 |
| INNODB_BUFFER_PAGE                                 |
| INNODB_BUFFER_PAGE                                 |
| INNODB_BUFFER_PAGE                                 |
| INNODB_BUFFER_PAGE                                 |
| INNODB_BUFFER_PAGE                                 |
| INNODB_BUFFER_PAGE                                 |
| INNODB_BUFFER_PAGE                                 |
| INNODB_BUFFER_PAGE                                 |
| INNODB_BUFFER_PAGE                                 |
| INNODB_BUFFER_PAGE                                 |
| INNODB_BUFFER_PAGE                                 |
| INNODB_BUFFER_PAGE                                 |
| INNODB_BUFFER_PAGE                                 |
| INNODB_BUFFER_PAGE                                 |
| INNODB_BUFFER_PAGE                                 |
| INNODB_BUFFER_PAGE                                 |
| INNODB_BUFFER_PAGE                                 |
| INNODB_BUFFER_PAGE                                 |
| INNODB_BUFFER_PAGE                                 |
| INNODB_CMP_PER_INDEX_RESET                         |
| INNODB_CMP_PER_INDEX_RESET                         |
| INNODB_CMP_PER_INDEX_RESET                         |
| INNODB_CMP_PER_INDEX_RESET                         |
| INNODB_CMP_PER_INDEX_RESET                         |
| INNODB_CMP_PER_INDEX_RESET                         |
| INNODB_CMP_PER_INDEX_RESET                         |
| INNODB_CMP_PER_INDEX_RESET                         |
| XTRADB_READ_VIEW                                   |
| XTRADB_READ_VIEW                                   |
| XTRADB_READ_VIEW                                   |
| XTRADB_READ_VIEW                                   |
| INNODB_SYS_SEMAPHORE_WAITS                         |
| INNODB_SYS_SEMAPHORE_WAITS                         |
| INNODB_SYS_SEMAPHORE_WAITS                         |
| INNODB_SYS_SEMAPHORE_WAITS                         |
| INNODB_SYS_SEMAPHORE_WAITS                         |
| INNODB_SYS_SEMAPHORE_WAITS                         |
| INNODB_SYS_SEMAPHORE_WAITS                         |
| INNODB_SYS_SEMAPHORE_WAITS                         |
| INNODB_SYS_SEMAPHORE_WAITS                         |
| INNODB_SYS_SEMAPHORE_WAITS                         |
| INNODB_SYS_SEMAPHORE_WAITS                         |
| INNODB_SYS_SEMAPHORE_WAITS                         |
| INNODB_SYS_SEMAPHORE_WAITS                         |
| INNODB_SYS_SEMAPHORE_WAITS                         |
| INNODB_SYS_SEMAPHORE_WAITS                         |
| INNODB_SYS_SEMAPHORE_WAITS                         |
| INNODB_SYS_SEMAPHORE_WAITS                         |
| INNODB_SYS_SEMAPHORE_WAITS                         |
| INNODB_SYS_SEMAPHORE_WAITS                         |
| INNODB_SYS_SEMAPHORE_WAITS                         |
| INNODB_SYS_SEMAPHORE_WAITS                         |
| INNODB_SYS_SEMAPHORE_WAITS                         |
| INNODB_CHANGED_PAGES                               |
| INNODB_CHANGED_PAGES                               |
| INNODB_CHANGED_PAGES                               |
| INNODB_CHANGED_PAGES                               |
| INNODB_FT_DELETED                                  |
| INNODB_TABLESPACES_SCRUBBING                       |
| INNODB_TABLESPACES_SCRUBBING                       |
| INNODB_TABLESPACES_SCRUBBING                       |
| INNODB_TABLESPACES_SCRUBBING                       |
| INNODB_TABLESPACES_SCRUBBING                       |
| INNODB_TABLESPACES_SCRUBBING                       |
| INNODB_TABLESPACES_SCRUBBING                       |
| INNODB_TABLESPACES_SCRUBBING                       |
| column_stats                                       |
| column_stats                                       |
| column_stats                                       |
| column_stats                                       |
| column_stats                                       |
| column_stats                                       |
| column_stats                                       |
| column_stats                                       |
| column_stats                                       |
| column_stats                                       |
| column_stats                                       |
| columns_priv                                       |
| columns_priv                                       |
| columns_priv                                       |
| columns_priv                                       |
| columns_priv                                       |
| columns_priv                                       |
| columns_priv                                       |
| db                                                 |
| db                                                 |
| db                                                 |
| db                                                 |
| db                                                 |
| db                                                 |
| db                                                 |
| db                                                 |
| db                                                 |
| db                                                 |
| db                                                 |
| db                                                 |
| db                                                 |
| db                                                 |
| db                                                 |
| db                                                 |
| db                                                 |
| db                                                 |
| db                                                 |
| db                                                 |
| db                                                 |
| db                                                 |
| event                                              |
| event                                              |
| event                                              |
| event                                              |
| event                                              |
| event                                              |
| event                                              |
| event                                              |
| event                                              |
| event                                              |
| event                                              |
| event                                              |
| event                                              |
| event                                              |
| event                                              |
| event                                              |
| event                                              |
| event                                              |
| event                                              |
| event                                              |
| event                                              |
| event                                              |
| func                                               |
| func                                               |
| func                                               |
| func                                               |
| general_log                                        |
| general_log                                        |
| general_log                                        |
| general_log                                        |
| general_log                                        |
| general_log                                        |
| gtid_slave_pos                                     |
| gtid_slave_pos                                     |
| gtid_slave_pos                                     |
| gtid_slave_pos                                     |
| help_category                                      |
| help_category                                      |
| help_category                                      |
| help_category                                      |
| help_keyword                                       |
| help_keyword                                       |
| help_relation                                      |
| help_relation                                      |
| help_topic                                         |
| help_topic                                         |
| help_topic                                         |
| help_topic                                         |
| help_topic                                         |
| help_topic                                         |
| host                                               |
| host                                               |
| host                                               |
| host                                               |
| host                                               |
| host                                               |
| host                                               |
| host                                               |
| host                                               |
| host                                               |
| host                                               |
| host                                               |
| host                                               |
| host                                               |
| host                                               |
| host                                               |
| host                                               |
| host                                               |
| host                                               |
| host                                               |
| index_stats                                        |
| index_stats                                        |
| index_stats                                        |
| index_stats                                        |
| index_stats                                        |
| innodb_index_stats                                 |
| innodb_index_stats                                 |
| innodb_index_stats                                 |
| innodb_index_stats                                 |
| innodb_index_stats                                 |
| innodb_index_stats                                 |
| innodb_index_stats                                 |
| innodb_index_stats                                 |
| innodb_table_stats                                 |
| innodb_table_stats                                 |
| innodb_table_stats                                 |
| innodb_table_stats                                 |
| innodb_table_stats                                 |
| innodb_table_stats                                 |
| ndb_binlog_index                                   |
| ndb_binlog_index                                   |
| ndb_binlog_index                                   |
| ndb_binlog_index                                   |
| ndb_binlog_index                                   |
| ndb_binlog_index                                   |
| ndb_binlog_index                                   |
| ndb_binlog_index                                   |
| ndb_binlog_index                                   |
| ndb_binlog_index                                   |
| plugin                                             |
| plugin                                             |
| proc                                               |
| proc                                               |
| proc                                               |
| proc                                               |
| proc                                               |
| proc                                               |
| proc                                               |
| proc                                               |
| proc                                               |
| proc                                               |
| proc                                               |
| proc                                               |
| proc                                               |
| proc                                               |
| proc                                               |
| proc                                               |
| proc                                               |
| proc                                               |
| proc                                               |
| proc                                               |
| procs_priv                                         |
| procs_priv                                         |
| procs_priv                                         |
| procs_priv                                         |
| procs_priv                                         |
| procs_priv                                         |
| procs_priv                                         |
| procs_priv                                         |
| proxies_priv                                       |
| proxies_priv                                       |
| proxies_priv                                       |
| proxies_priv                                       |
| proxies_priv                                       |
| proxies_priv                                       |
| proxies_priv                                       |
| roles_mapping                                      |
| roles_mapping                                      |
| roles_mapping                                      |
| roles_mapping                                      |
| servers                                            |
| servers                                            |
| servers                                            |
| servers                                            |
| servers                                            |
| servers                                            |
| servers                                            |
| servers                                            |
| servers                                            |
| slave_master_info                                  |
| slave_master_info                                  |
| slave_master_info                                  |
| slave_master_info                                  |
| slave_master_info                                  |
| slave_master_info                                  |
| slave_master_info                                  |
| slave_master_info                                  |
| slave_master_info                                  |
| slave_master_info                                  |
| slave_master_info                                  |
| slave_master_info                                  |
| slave_master_info                                  |
| slave_master_info                                  |
| slave_master_info                                  |
| slave_master_info                                  |
| slave_master_info                                  |
| slave_master_info                                  |
| slave_master_info                                  |
| slave_master_info                                  |
| slave_master_info                                  |
| slave_master_info                                  |
| slave_master_info                                  |
| slave_relay_log_info                               |
| slave_relay_log_info                               |
| slave_relay_log_info                               |
| slave_relay_log_info                               |
| slave_relay_log_info                               |
| slave_relay_log_info                               |
| slave_relay_log_info                               |
| slave_relay_log_info                               |
| slave_worker_info                                  |
| slave_worker_info                                  |
| slave_worker_info                                  |
| slave_worker_info                                  |
| slave_worker_info                                  |
| slave_worker_info                                  |
| slave_worker_info                                  |
| slave_worker_info                                  |
| slave_worker_info                                  |
| slave_worker_info                                  |
| slave_worker_info                                  |
| slave_worker_info                                  |
| slow_log                                           |
| slow_log                                           |
| slow_log                                           |
| slow_log                                           |
| slow_log                                           |
| slow_log                                           |
| slow_log                                           |
| slow_log                                           |
| slow_log                                           |
| slow_log                                           |
| slow_log                                           |
| slow_log                                           |
| slow_log                                           |
| table_stats                                        |
| table_stats                                        |
| table_stats                                        |
| tables_priv                                        |
| tables_priv                                        |
| tables_priv                                        |
| tables_priv                                        |
| tables_priv                                        |
| tables_priv                                        |
| tables_priv                                        |
| tables_priv                                        |
| time_zone                                          |
| time_zone                                          |
| time_zone_leap_second                              |
| time_zone_leap_second                              |
| time_zone_name                                     |
| time_zone_name                                     |
| time_zone_transition                               |
| time_zone_transition                               |
| time_zone_transition                               |
| time_zone_transition_type                          |
| time_zone_transition_type                          |
| time_zone_transition_type                          |
| time_zone_transition_type                          |
| time_zone_transition_type                          |
| user                                               |
| user                                               |
| user                                               |
| user                                               |
| user                                               |
| user                                               |
| user                                               |
| user                                               |
| user                                               |
| user                                               |
| user                                               |
| user                                               |
| user                                               |
| user                                               |
| user                                               |
| user                                               |
| user                                               |
| user                                               |
| user                                               |
| user                                               |
| user                                               |
| user                                               |
| user                                               |
| user                                               |
| user                                               |
| user                                               |
| user                                               |
| user                                               |
| user                                               |
| user                                               |
| user                                               |
| user                                               |
| user                                               |
| user                                               |
| user                                               |
| user                                               |
| user                                               |
| user                                               |
| user                                               |
| user                                               |
| user                                               |
| user                                               |
| user                                               |
| user                                               |
| user                                               |
| user                                               |
| locations                                          |
| locations                                          |
| manufacturers                                      |
| manufacturers                                      |
| pet                                                |
| pet                                                |
| pet                                                |
| pet                                                |
| pet                                                |
| pet                                                |
| products                                           |
| products                                           |
| products                                           |
| products                                           |
| student                                            |
| student                                            |
| student                                            |
| student                                            |
| student                                            |
| student                                            |
| student                                            |
| student                                            |
| student                                            |
| student                                            |
| student                                            |
| student                                            |
| student                                            |
| student                                            |
| t1                                                 |
| t1                                                 |
| accounts                                           |
| accounts                                           |
| accounts                                           |
| accounts                                           |
| cond_instances                                     |
| cond_instances                                     |
| events_stages_current                              |
| events_stages_current                              |
| events_stages_current                              |
| events_stages_current                              |
| events_stages_current                              |
| events_stages_current                              |
| events_stages_current                              |
| events_stages_current                              |
| events_stages_current                              |
| events_stages_current                              |
| events_stages_history                              |
| events_stages_history                              |
| events_stages_history                              |
| events_stages_history                              |
| events_stages_history                              |
| events_stages_history                              |
| events_stages_history                              |
| events_stages_history                              |
| events_stages_history                              |
| events_stages_history                              |
| events_stages_history_long                         |
| events_stages_history_long                         |
| events_stages_history_long                         |
| events_stages_history_long                         |
| events_stages_history_long                         |
| events_stages_history_long                         |
| events_stages_history_long                         |
| events_stages_history_long                         |
| events_stages_history_long                         |
| events_stages_history_long                         |
| events_stages_summary_by_account_by_event_name     |
| events_stages_summary_by_account_by_event_name     |
| events_stages_summary_by_account_by_event_name     |
| events_stages_summary_by_account_by_event_name     |
| events_stages_summary_by_account_by_event_name     |
| events_stages_summary_by_account_by_event_name     |
| events_stages_summary_by_account_by_event_name     |
| events_stages_summary_by_account_by_event_name     |
| events_stages_summary_by_host_by_event_name        |
| events_stages_summary_by_host_by_event_name        |
| events_stages_summary_by_host_by_event_name        |
| events_stages_summary_by_host_by_event_name        |
| events_stages_summary_by_host_by_event_name        |
| events_stages_summary_by_host_by_event_name        |
| events_stages_summary_by_host_by_event_name        |
| events_stages_summary_by_thread_by_event_name      |
| events_stages_summary_by_thread_by_event_name      |
| events_stages_summary_by_thread_by_event_name      |
| events_stages_summary_by_thread_by_event_name      |
| events_stages_summary_by_thread_by_event_name      |
| events_stages_summary_by_thread_by_event_name      |
| events_stages_summary_by_thread_by_event_name      |
| events_stages_summary_by_user_by_event_name        |
| events_stages_summary_by_user_by_event_name        |
| events_stages_summary_by_user_by_event_name        |
| events_stages_summary_by_user_by_event_name        |
| events_stages_summary_by_user_by_event_name        |
| events_stages_summary_by_user_by_event_name        |
| events_stages_summary_by_user_by_event_name        |
| events_stages_summary_global_by_event_name         |
| events_stages_summary_global_by_event_name         |
| events_stages_summary_global_by_event_name         |
| events_stages_summary_global_by_event_name         |
| events_stages_summary_global_by_event_name         |
| events_stages_summary_global_by_event_name         |
| events_statements_current                          |
| events_statements_current                          |
| events_statements_current                          |
| events_statements_current                          |
| events_statements_current                          |
| events_statements_current                          |
| events_statements_current                          |
| events_statements_current                          |
| events_statements_current                          |
| events_statements_current                          |
| events_statements_current                          |
| events_statements_current                          |
| events_statements_current                          |
| events_statements_current                          |
| events_statements_current                          |
| events_statements_current                          |
| events_statements_current                          |
| events_statements_current                          |
| events_statements_current                          |
| events_statements_current                          |
| events_statements_current                          |
| events_statements_current                          |
| events_statements_current                          |
| events_statements_current                          |
| events_statements_current                          |
| events_statements_current                          |
| events_statements_current                          |
| events_statements_current                          |
| events_statements_current                          |
| events_statements_current                          |
| events_statements_current                          |
| events_statements_current                          |
| events_statements_current                          |
| events_statements_current                          |
| events_statements_current                          |
| events_statements_current                          |
| events_statements_current                          |
| events_statements_current                          |
| events_statements_current                          |
| events_statements_current                          |
| events_statements_history                          |
| events_statements_history                          |
| events_statements_history                          |
| events_statements_history                          |
| events_statements_history                          |
| events_statements_history                          |
| events_statements_history                          |
| events_statements_history                          |
| events_statements_history                          |
| events_statements_history                          |
| events_statements_history                          |
| events_statements_history                          |
| events_statements_history                          |
| events_statements_history                          |
| events_statements_history                          |
| events_statements_history                          |
| events_statements_history                          |
| events_statements_history                          |
| events_statements_history                          |
| events_statements_history                          |
| events_statements_history                          |
| events_statements_history                          |
| events_statements_history                          |
| events_statements_history                          |
| events_statements_history                          |
| events_statements_history                          |
| events_statements_history                          |
| events_statements_history                          |
| events_statements_history                          |
| events_statements_history                          |
| events_statements_history                          |
| events_statements_history                          |
| events_statements_history                          |
| events_statements_history                          |
| events_statements_history                          |
| events_statements_history                          |
| events_statements_history                          |
| events_statements_history                          |
| events_statements_history                          |
| events_statements_history                          |
| events_statements_history_long                     |
| events_statements_history_long                     |
| events_statements_history_long                     |
| events_statements_history_long                     |
| events_statements_history_long                     |
| events_statements_history_long                     |
| events_statements_history_long                     |
| events_statements_history_long                     |
| events_statements_history_long                     |
| events_statements_history_long                     |
| events_statements_history_long                     |
| events_statements_history_long                     |
| events_statements_history_long                     |
| events_statements_history_long                     |
| events_statements_history_long                     |
| events_statements_history_long                     |
| events_statements_history_long                     |
| events_statements_history_long                     |
| events_statements_history_long                     |
| events_statements_history_long                     |
| events_statements_history_long                     |
| events_statements_history_long                     |
| events_statements_history_long                     |
| events_statements_history_long                     |
| events_statements_history_long                     |
| events_statements_history_long                     |
| events_statements_history_long                     |
| events_statements_history_long                     |
| events_statements_history_long                     |
| events_statements_history_long                     |
| events_statements_history_long                     |
| events_statements_history_long                     |
| events_statements_history_long                     |
| events_statements_history_long                     |
| events_statements_history_long                     |
| events_statements_history_long                     |
| events_statements_history_long                     |
| events_statements_history_long                     |
| events_statements_history_long                     |
| events_statements_history_long                     |
| events_statements_summary_by_account_by_event_name |
| events_statements_summary_by_account_by_event_name |
| events_statements_summary_by_account_by_event_name |
| events_statements_summary_by_account_by_event_name |
| events_statements_summary_by_account_by_event_name |
| events_statements_summary_by_account_by_event_name |
| events_statements_summary_by_account_by_event_name |
| events_statements_summary_by_account_by_event_name |
| events_statements_summary_by_account_by_event_name |
| events_statements_summary_by_account_by_event_name |
| events_statements_summary_by_account_by_event_name |
| events_statements_summary_by_account_by_event_name |
| events_statements_summary_by_account_by_event_name |
| events_statements_summary_by_account_by_event_name |
| events_statements_summary_by_account_by_event_name |
| events_statements_summary_by_account_by_event_name |
| events_statements_summary_by_account_by_event_name |
| events_statements_summary_by_account_by_event_name |
| events_statements_summary_by_account_by_event_name |
| events_statements_summary_by_account_by_event_name |
| events_statements_summary_by_account_by_event_name |
| events_statements_summary_by_account_by_event_name |
| events_statements_summary_by_account_by_event_name |
| events_statements_summary_by_account_by_event_name |
| events_statements_summary_by_account_by_event_name |
| events_statements_summary_by_account_by_event_name |
| events_statements_summary_by_account_by_event_name |
| events_statements_summary_by_digest                |
| events_statements_summary_by_digest                |
| events_statements_summary_by_digest                |
| events_statements_summary_by_digest                |
| events_statements_summary_by_digest                |
| events_statements_summary_by_digest                |
| events_statements_summary_by_digest                |
| events_statements_summary_by_digest                |
| events_statements_summary_by_digest                |
| events_statements_summary_by_digest                |
| events_statements_summary_by_digest                |
| events_statements_summary_by_digest                |
| events_statements_summary_by_digest                |
| events_statements_summary_by_digest                |
| events_statements_summary_by_digest                |
| events_statements_summary_by_digest                |
| events_statements_summary_by_digest                |
| events_statements_summary_by_digest                |
| events_statements_summary_by_digest                |
| events_statements_summary_by_digest                |
| events_statements_summary_by_digest                |
| events_statements_summary_by_digest                |
| events_statements_summary_by_digest                |
| events_statements_summary_by_digest                |
| events_statements_summary_by_digest                |
| events_statements_summary_by_digest                |
| events_statements_summary_by_digest                |
| events_statements_summary_by_digest                |
| events_statements_summary_by_digest                |
| events_statements_summary_by_host_by_event_name    |
| events_statements_summary_by_host_by_event_name    |
| events_statements_summary_by_host_by_event_name    |
| events_statements_summary_by_host_by_event_name    |
| events_statements_summary_by_host_by_event_name    |
| events_statements_summary_by_host_by_event_name    |
| events_statements_summary_by_host_by_event_name    |
| events_statements_summary_by_host_by_event_name    |
| events_statements_summary_by_host_by_event_name    |
| events_statements_summary_by_host_by_event_name    |
| events_statements_summary_by_host_by_event_name    |
| events_statements_summary_by_host_by_event_name    |
| events_statements_summary_by_host_by_event_name    |
| events_statements_summary_by_host_by_event_name    |
| events_statements_summary_by_host_by_event_name    |
| events_statements_summary_by_host_by_event_name    |
| events_statements_summary_by_host_by_event_name    |
| events_statements_summary_by_host_by_event_name    |
| events_statements_summary_by_host_by_event_name    |
| events_statements_summary_by_host_by_event_name    |
| events_statements_summary_by_host_by_event_name    |
| events_statements_summary_by_host_by_event_name    |
| events_statements_summary_by_host_by_event_name    |
| events_statements_summary_by_host_by_event_name    |
| events_statements_summary_by_host_by_event_name    |
| events_statements_summary_by_host_by_event_name    |
| events_statements_summary_by_thread_by_event_name  |
| events_statements_summary_by_thread_by_event_name  |
| events_statements_summary_by_thread_by_event_name  |
| events_statements_summary_by_thread_by_event_name  |
| events_statements_summary_by_thread_by_event_name  |
| events_statements_summary_by_thread_by_event_name  |
| events_statements_summary_by_thread_by_event_name  |
| events_statements_summary_by_thread_by_event_name  |
| events_statements_summary_by_thread_by_event_name  |
| events_statements_summary_by_thread_by_event_name  |
| events_statements_summary_by_thread_by_event_name  |
| events_statements_summary_by_thread_by_event_name  |
| events_statements_summary_by_thread_by_event_name  |
| events_statements_summary_by_thread_by_event_name  |
| events_statements_summary_by_thread_by_event_name  |
| events_statements_summary_by_thread_by_event_name  |
| events_statements_summary_by_thread_by_event_name  |
| events_statements_summary_by_thread_by_event_name  |
| events_statements_summary_by_thread_by_event_name  |
| events_statements_summary_by_thread_by_event_name  |
| events_statements_summary_by_thread_by_event_name  |
| events_statements_summary_by_thread_by_event_name  |
| events_statements_summary_by_thread_by_event_name  |
| events_statements_summary_by_thread_by_event_name  |
| events_statements_summary_by_thread_by_event_name  |
| events_statements_summary_by_thread_by_event_name  |
| events_statements_summary_by_user_by_event_name    |
| events_statements_summary_by_user_by_event_name    |
| events_statements_summary_by_user_by_event_name    |
| events_statements_summary_by_user_by_event_name    |
| events_statements_summary_by_user_by_event_name    |
| events_statements_summary_by_user_by_event_name    |
| events_statements_summary_by_user_by_event_name    |
| events_statements_summary_by_user_by_event_name    |
| events_statements_summary_by_user_by_event_name    |
| events_statements_summary_by_user_by_event_name    |
| events_statements_summary_by_user_by_event_name    |
| events_statements_summary_by_user_by_event_name    |
| events_statements_summary_by_user_by_event_name    |
| events_statements_summary_by_user_by_event_name    |
| events_statements_summary_by_user_by_event_name    |
| events_statements_summary_by_user_by_event_name    |
| events_statements_summary_by_user_by_event_name    |
| events_statements_summary_by_user_by_event_name    |
| events_statements_summary_by_user_by_event_name    |
| events_statements_summary_by_user_by_event_name    |
| events_statements_summary_by_user_by_event_name    |
| events_statements_summary_by_user_by_event_name    |
| events_statements_summary_by_user_by_event_name    |
| events_statements_summary_by_user_by_event_name    |
| events_statements_summary_by_user_by_event_name    |
| events_statements_summary_by_user_by_event_name    |
| events_statements_summary_global_by_event_name     |
| events_statements_summary_global_by_event_name     |
| events_statements_summary_global_by_event_name     |
| events_statements_summary_global_by_event_name     |
| events_statements_summary_global_by_event_name     |
| events_statements_summary_global_by_event_name     |
| events_statements_summary_global_by_event_name     |
| events_statements_summary_global_by_event_name     |
| events_statements_summary_global_by_event_name     |
| events_statements_summary_global_by_event_name     |
| events_statements_summary_global_by_event_name     |
| events_statements_summary_global_by_event_name     |
| events_statements_summary_global_by_event_name     |
| events_statements_summary_global_by_event_name     |
| events_statements_summary_global_by_event_name     |
| events_statements_summary_global_by_event_name     |
| events_statements_summary_global_by_event_name     |
| events_statements_summary_global_by_event_name     |
| events_statements_summary_global_by_event_name     |
| events_statements_summary_global_by_event_name     |
| events_statements_summary_global_by_event_name     |
| events_statements_summary_global_by_event_name     |
| events_statements_summary_global_by_event_name     |
| events_statements_summary_global_by_event_name     |
| events_statements_summary_global_by_event_name     |
| events_waits_current                               |
| events_waits_current                               |
| events_waits_current                               |
| events_waits_current                               |
| events_waits_current                               |
| events_waits_current                               |
| events_waits_current                               |
| events_waits_current                               |
| events_waits_current                               |
| events_waits_current                               |
| events_waits_current                               |
| events_waits_current                               |
| events_waits_current                               |
| events_waits_current                               |
| events_waits_current                               |
| events_waits_current                               |
| events_waits_current                               |
| events_waits_current                               |
| events_waits_current                               |
| events_waits_history                               |
| events_waits_history                               |
| events_waits_history                               |
| events_waits_history                               |
| events_waits_history                               |
| events_waits_history                               |
| events_waits_history                               |
| events_waits_history                               |
| events_waits_history                               |
| events_waits_history                               |
| events_waits_history                               |
| events_waits_history                               |
| events_waits_history                               |
| events_waits_history                               |
| events_waits_history                               |
| events_waits_history                               |
| events_waits_history                               |
| events_waits_history                               |
| events_waits_history                               |
| events_waits_history_long                          |
| events_waits_history_long                          |
| events_waits_history_long                          |
| events_waits_history_long                          |
| events_waits_history_long                          |
| events_waits_history_long                          |
| events_waits_history_long                          |
| events_waits_history_long                          |
| events_waits_history_long                          |
| events_waits_history_long                          |
| events_waits_history_long                          |
| events_waits_history_long                          |
| events_waits_history_long                          |
| events_waits_history_long                          |
| events_waits_history_long                          |
| events_waits_history_long                          |
| events_waits_history_long                          |
| events_waits_history_long                          |
| events_waits_history_long                          |
| events_waits_summary_by_account_by_event_name      |
| events_waits_summary_by_account_by_event_name      |
| events_waits_summary_by_account_by_event_name      |
| events_waits_summary_by_account_by_event_name      |
| events_waits_summary_by_account_by_event_name      |
| events_waits_summary_by_account_by_event_name      |
| events_waits_summary_by_account_by_event_name      |
| events_waits_summary_by_account_by_event_name      |
| events_waits_summary_by_host_by_event_name         |
| events_waits_summary_by_host_by_event_name         |
| events_waits_summary_by_host_by_event_name         |
| events_waits_summary_by_host_by_event_name         |
| events_waits_summary_by_host_by_event_name         |
| events_waits_summary_by_host_by_event_name         |
| events_waits_summary_by_host_by_event_name         |
| events_waits_summary_by_instance                   |
| events_waits_summary_by_instance                   |
| events_waits_summary_by_instance                   |
| events_waits_summary_by_instance                   |
| events_waits_summary_by_instance                   |
| events_waits_summary_by_instance                   |
| events_waits_summary_by_instance                   |
| events_waits_summary_by_thread_by_event_name       |
| events_waits_summary_by_thread_by_event_name       |
| events_waits_summary_by_thread_by_event_name       |
| events_waits_summary_by_thread_by_event_name       |
| events_waits_summary_by_thread_by_event_name       |
| events_waits_summary_by_thread_by_event_name       |
| events_waits_summary_by_thread_by_event_name       |
| events_waits_summary_by_user_by_event_name         |
| events_waits_summary_by_user_by_event_name         |
| events_waits_summary_by_user_by_event_name         |
| events_waits_summary_by_user_by_event_name         |
| events_waits_summary_by_user_by_event_name         |
| events_waits_summary_by_user_by_event_name         |
| events_waits_summary_by_user_by_event_name         |
| events_waits_summary_global_by_event_name          |
| events_waits_summary_global_by_event_name          |
| events_waits_summary_global_by_event_name          |
| events_waits_summary_global_by_event_name          |
| events_waits_summary_global_by_event_name          |
| events_waits_summary_global_by_event_name          |
| file_instances                                     |
| file_instances                                     |
| file_instances                                     |
| file_summary_by_event_name                         |
| file_summary_by_event_name                         |
| file_summary_by_event_name                         |
| file_summary_by_event_name                         |
| file_summary_by_event_name                         |
| file_summary_by_event_name                         |
| file_summary_by_event_name                         |
| file_summary_by_event_name                         |
| file_summary_by_event_name                         |
| file_summary_by_event_name                         |
| file_summary_by_event_name                         |
| file_summary_by_event_name                         |
| file_summary_by_event_name                         |
| file_summary_by_event_name                         |
| file_summary_by_event_name                         |
| file_summary_by_event_name                         |
| file_summary_by_event_name                         |
| file_summary_by_event_name                         |
| file_summary_by_event_name                         |
| file_summary_by_event_name                         |
| file_summary_by_event_name                         |
| file_summary_by_event_name                         |
| file_summary_by_event_name                         |
| file_summary_by_instance                           |
| file_summary_by_instance                           |
| file_summary_by_instance                           |
| file_summary_by_instance                           |
| file_summary_by_instance                           |
| file_summary_by_instance                           |
| file_summary_by_instance                           |
| file_summary_by_instance                           |
| file_summary_by_instance                           |
| file_summary_by_instance                           |
| file_summary_by_instance                           |
| file_summary_by_instance                           |
| file_summary_by_instance                           |
| file_summary_by_instance                           |
| file_summary_by_instance                           |
| file_summary_by_instance                           |
| file_summary_by_instance                           |
| file_summary_by_instance                           |
| file_summary_by_instance                           |
| file_summary_by_instance                           |
| file_summary_by_instance                           |
| file_summary_by_instance                           |
| file_summary_by_instance                           |
| file_summary_by_instance                           |
| file_summary_by_instance                           |
| host_cache                                         |
| host_cache                                         |
| host_cache                                         |
| host_cache                                         |
| host_cache                                         |
| host_cache                                         |
| host_cache                                         |
| host_cache                                         |
| host_cache                                         |
| host_cache                                         |
| host_cache                                         |
| host_cache                                         |
| host_cache                                         |
| host_cache                                         |
| host_cache                                         |
| host_cache                                         |
| host_cache                                         |
| host_cache                                         |
| host_cache                                         |
| host_cache                                         |
| host_cache                                         |
| host_cache                                         |
| host_cache                                         |
| host_cache                                         |
| host_cache                                         |
| host_cache                                         |
| host_cache                                         |
| host_cache                                         |
| host_cache                                         |
| hosts                                              |
| hosts                                              |
| hosts                                              |
| mutex_instances                                    |
| mutex_instances                                    |
| mutex_instances                                    |
| objects_summary_global_by_type                     |
| objects_summary_global_by_type                     |
| objects_summary_global_by_type                     |
| objects_summary_global_by_type                     |
| objects_summary_global_by_type                     |
| objects_summary_global_by_type                     |
| objects_summary_global_by_type                     |
| objects_summary_global_by_type                     |
| performance_timers                                 |
| performance_timers                                 |
| performance_timers                                 |
| performance_timers                                 |
| rwlock_instances                                   |
| rwlock_instances                                   |
| rwlock_instances                                   |
| rwlock_instances                                   |
| session_account_connect_attrs                      |
| session_account_connect_attrs                      |
| session_account_connect_attrs                      |
| session_account_connect_attrs                      |
| session_connect_attrs                              |
| session_connect_attrs                              |
| session_connect_attrs                              |
| session_connect_attrs                              |
| setup_actors                                       |
| setup_actors                                       |
| setup_actors                                       |
| setup_consumers                                    |
| setup_consumers                                    |
| setup_instruments                                  |
| setup_instruments                                  |
| setup_instruments                                  |
| setup_objects                                      |
| setup_objects                                      |
| setup_objects                                      |
| setup_objects                                      |
| setup_objects                                      |
| setup_timers                                       |
| setup_timers                                       |
| socket_instances                                   |
| socket_instances                                   |
| socket_instances                                   |
| socket_instances                                   |
| socket_instances                                   |
| socket_instances                                   |
| socket_instances                                   |
| socket_summary_by_event_name                       |
| socket_summary_by_event_name                       |
| socket_summary_by_event_name                       |
| socket_summary_by_event_name                       |
| socket_summary_by_event_name                       |
| socket_summary_by_event_name                       |
| socket_summary_by_event_name                       |
| socket_summary_by_event_name                       |
| socket_summary_by_event_name                       |
| socket_summary_by_event_name                       |
| socket_summary_by_event_name                       |
| socket_summary_by_event_name                       |
| socket_summary_by_event_name                       |
| socket_summary_by_event_name                       |
| socket_summary_by_event_name                       |
| socket_summary_by_event_name                       |
| socket_summary_by_event_name                       |
| socket_summary_by_event_name                       |
| socket_summary_by_event_name                       |
| socket_summary_by_event_name                       |
| socket_summary_by_event_name                       |
| socket_summary_by_event_name                       |
| socket_summary_by_event_name                       |
| socket_summary_by_instance                         |
| socket_summary_by_instance                         |
| socket_summary_by_instance                         |
| socket_summary_by_instance                         |
| socket_summary_by_instance                         |
| socket_summary_by_instance                         |
| socket_summary_by_instance                         |
| socket_summary_by_instance                         |
| socket_summary_by_instance                         |
| socket_summary_by_instance                         |
| socket_summary_by_instance                         |
| socket_summary_by_instance                         |
| socket_summary_by_instance                         |
| socket_summary_by_instance                         |
| socket_summary_by_instance                         |
| socket_summary_by_instance                         |
| socket_summary_by_instance                         |
| socket_summary_by_instance                         |
| socket_summary_by_instance                         |
| socket_summary_by_instance                         |
| socket_summary_by_instance                         |
| socket_summary_by_instance                         |
| socket_summary_by_instance                         |
| socket_summary_by_instance                         |
| table_io_waits_summary_by_index_usage              |
| table_io_waits_summary_by_index_usage              |
| table_io_waits_summary_by_index_usage              |
| table_io_waits_summary_by_index_usage              |
| table_io_waits_summary_by_index_usage              |
| table_io_waits_summary_by_index_usage              |
| table_io_waits_summary_by_index_usage              |
| table_io_waits_summary_by_index_usage              |
| table_io_waits_summary_by_index_usage              |
| table_io_waits_summary_by_index_usage              |
| table_io_waits_summary_by_index_usage              |
| table_io_waits_summary_by_index_usage              |
| table_io_waits_summary_by_index_usage              |
| table_io_waits_summary_by_index_usage              |
| table_io_waits_summary_by_index_usage              |
| table_io_waits_summary_by_index_usage              |
| table_io_waits_summary_by_index_usage              |
| table_io_waits_summary_by_index_usage              |
| table_io_waits_summary_by_index_usage              |
| table_io_waits_summary_by_index_usage              |
| table_io_waits_summary_by_index_usage              |
| table_io_waits_summary_by_index_usage              |
| table_io_waits_summary_by_index_usage              |
| table_io_waits_summary_by_index_usage              |
| table_io_waits_summary_by_index_usage              |
| table_io_waits_summary_by_index_usage              |
| table_io_waits_summary_by_index_usage              |
| table_io_waits_summary_by_index_usage              |
| table_io_waits_summary_by_index_usage              |
| table_io_waits_summary_by_index_usage              |
| table_io_waits_summary_by_index_usage              |
| table_io_waits_summary_by_index_usage              |
| table_io_waits_summary_by_index_usage              |
| table_io_waits_summary_by_index_usage              |
| table_io_waits_summary_by_index_usage              |
| table_io_waits_summary_by_index_usage              |
| table_io_waits_summary_by_index_usage              |
| table_io_waits_summary_by_index_usage              |
| table_io_waits_summary_by_index_usage              |
| table_io_waits_summary_by_table                    |
| table_io_waits_summary_by_table                    |
| table_io_waits_summary_by_table                    |
| table_io_waits_summary_by_table                    |
| table_io_waits_summary_by_table                    |
| table_io_waits_summary_by_table                    |
| table_io_waits_summary_by_table                    |
| table_io_waits_summary_by_table                    |
| table_io_waits_summary_by_table                    |
| table_io_waits_summary_by_table                    |
| table_io_waits_summary_by_table                    |
| table_io_waits_summary_by_table                    |
| table_io_waits_summary_by_table                    |
| table_io_waits_summary_by_table                    |
| table_io_waits_summary_by_table                    |
| table_io_waits_summary_by_table                    |
| table_io_waits_summary_by_table                    |
| table_io_waits_summary_by_table                    |
| table_io_waits_summary_by_table                    |
| table_io_waits_summary_by_table                    |
| table_io_waits_summary_by_table                    |
| table_io_waits_summary_by_table                    |
| table_io_waits_summary_by_table                    |
| table_io_waits_summary_by_table                    |
| table_io_waits_summary_by_table                    |
| table_io_waits_summary_by_table                    |
| table_io_waits_summary_by_table                    |
| table_io_waits_summary_by_table                    |
| table_io_waits_summary_by_table                    |
| table_io_waits_summary_by_table                    |
| table_io_waits_summary_by_table                    |
| table_io_waits_summary_by_table                    |
| table_io_waits_summary_by_table                    |
| table_io_waits_summary_by_table                    |
| table_io_waits_summary_by_table                    |
| table_io_waits_summary_by_table                    |
| table_io_waits_summary_by_table                    |
| table_io_waits_summary_by_table                    |
| table_lock_waits_summary_by_table                  |
| table_lock_waits_summary_by_table                  |
| table_lock_waits_summary_by_table                  |
| table_lock_waits_summary_by_table                  |
| table_lock_waits_summary_by_table                  |
| table_lock_waits_summary_by_table                  |
| table_lock_waits_summary_by_table                  |
| table_lock_waits_summary_by_table                  |
| table_lock_waits_summary_by_table                  |
| table_lock_waits_summary_by_table                  |
| table_lock_waits_summary_by_table                  |
| table_lock_waits_summary_by_table                  |
| table_lock_waits_summary_by_table                  |
| table_lock_waits_summary_by_table                  |
| table_lock_waits_summary_by_table                  |
| table_lock_waits_summary_by_table                  |
| table_lock_waits_summary_by_table                  |
| table_lock_waits_summary_by_table                  |
| table_lock_waits_summary_by_table                  |
| table_lock_waits_summary_by_table                  |
| table_lock_waits_summary_by_table                  |
| table_lock_waits_summary_by_table                  |
| table_lock_waits_summary_by_table                  |
| table_lock_waits_summary_by_table                  |
| table_lock_waits_summary_by_table                  |
| table_lock_waits_summary_by_table                  |
| table_lock_waits_summary_by_table                  |
| table_lock_waits_summary_by_table                  |
| table_lock_waits_summary_by_table                  |
| table_lock_waits_summary_by_table                  |
| table_lock_waits_summary_by_table                  |
| table_lock_waits_summary_by_table                  |
| table_lock_waits_summary_by_table                  |
| table_lock_waits_summary_by_table                  |
| table_lock_waits_summary_by_table                  |
| table_lock_waits_summary_by_table                  |
| table_lock_waits_summary_by_table                  |
| table_lock_waits_summary_by_table                  |
| table_lock_waits_summary_by_table                  |
| table_lock_waits_summary_by_table                  |
| table_lock_waits_summary_by_table                  |
| table_lock_waits_summary_by_table                  |
| table_lock_waits_summary_by_table                  |
| table_lock_waits_summary_by_table                  |
| table_lock_waits_summary_by_table                  |
| table_lock_waits_summary_by_table                  |
| table_lock_waits_summary_by_table                  |
| table_lock_waits_summary_by_table                  |
| table_lock_waits_summary_by_table                  |
| table_lock_waits_summary_by_table                  |
| table_lock_waits_summary_by_table                  |
| table_lock_waits_summary_by_table                  |
| table_lock_waits_summary_by_table                  |
| table_lock_waits_summary_by_table                  |
| table_lock_waits_summary_by_table                  |
| table_lock_waits_summary_by_table                  |
| table_lock_waits_summary_by_table                  |
| table_lock_waits_summary_by_table                  |
| table_lock_waits_summary_by_table                  |
| table_lock_waits_summary_by_table                  |
| table_lock_waits_summary_by_table                  |
| table_lock_waits_summary_by_table                  |
| table_lock_waits_summary_by_table                  |
| table_lock_waits_summary_by_table                  |
| table_lock_waits_summary_by_table                  |
| table_lock_waits_summary_by_table                  |
| table_lock_waits_summary_by_table                  |
| table_lock_waits_summary_by_table                  |
| table_lock_waits_summary_by_table                  |
| table_lock_waits_summary_by_table                  |
| table_lock_waits_summary_by_table                  |
| table_lock_waits_summary_by_table                  |
| table_lock_waits_summary_by_table                  |
| threads                                            |
| threads                                            |
| threads                                            |
| threads                                            |
| threads                                            |
| threads                                            |
| threads                                            |
| threads                                            |
| threads                                            |
| threads                                            |
| threads                                            |
| threads                                            |
| threads                                            |
| threads                                            |
| users                                              |
| users                                              |
| users                                              |
| pma__bookmark                                      |
| pma__bookmark                                      |
| pma__bookmark                                      |
| pma__bookmark                                      |
| pma__bookmark                                      |
| pma__central_columns                               |
| pma__central_columns                               |
| pma__central_columns                               |
| pma__central_columns                               |
| pma__central_columns                               |
| pma__central_columns                               |
| pma__central_columns                               |
| pma__central_columns                               |
| pma__column_info                                   |
| pma__column_info                                   |
| pma__column_info                                   |
| pma__column_info                                   |
| pma__column_info                                   |
| pma__column_info                                   |
| pma__column_info                                   |
| pma__column_info                                   |
| pma__column_info                                   |
| pma__column_info                                   |
| pma__designer_settings                             |
| pma__designer_settings                             |
| pma__export_templates                              |
| pma__export_templates                              |
| pma__export_templates                              |
| pma__export_templates                              |
| pma__export_templates                              |
| pma__favorite                                      |
| pma__favorite                                      |
| pma__history                                       |
| pma__history                                       |
| pma__history                                       |
| pma__history                                       |
| pma__history                                       |
| pma__history                                       |
| pma__navigationhiding                              |
| pma__navigationhiding                              |
| pma__navigationhiding                              |
| pma__navigationhiding                              |
| pma__navigationhiding                              |
| pma__pdf_pages                                     |
| pma__pdf_pages                                     |
| pma__pdf_pages                                     |
| pma__recent                                        |
| pma__recent                                        |
| pma__relation                                      |
| pma__relation                                      |
| pma__relation                                      |
| pma__relation                                      |
| pma__relation                                      |
| pma__relation                                      |
| pma__savedsearches                                 |
| pma__savedsearches                                 |
| pma__savedsearches                                 |
| pma__savedsearches                                 |
| pma__savedsearches                                 |
| pma__table_coords                                  |
| pma__table_coords                                  |
| pma__table_coords                                  |
| pma__table_coords                                  |
| pma__table_coords                                  |
| pma__table_info                                    |
| pma__table_info                                    |
| pma__table_info                                    |
| pma__table_uiprefs                                 |
| pma__table_uiprefs                                 |
| pma__table_uiprefs                                 |
| pma__table_uiprefs                                 |
| pma__table_uiprefs                                 |
| pma__tracking                                      |
| pma__tracking                                      |
| pma__tracking                                      |
| pma__tracking                                      |
| pma__tracking                                      |
| pma__tracking                                      |
| pma__tracking                                      |
| pma__tracking                                      |
| pma__tracking                                      |
| pma__tracking                                      |
| pma__userconfig                                    |
| pma__userconfig                                    |
| pma__userconfig                                    |
| pma__usergroups                                    |
| pma__usergroups                                    |
| pma__usergroups                                    |
| pma__users                                         |
| pma__users                                         |
+----------------------------------------------------+
2018 rows in set (0.45 sec)

MariaDB [mytestdb]> SELECT COLUMN_NAME,DATA_TYPE,IS_NULLABLE,COLUMN_DEFAULT
    -> FROM INFORMATION_SCHEME.COLUMNS
    -> WHERE TABLE_NAME = 'PRODUCTS'
    -> AND TABLE_SCHEMA = 'MYTESTDB';
ERROR 1146 (42S02): Table 'information_scheme.columns' doesn't exist
MariaDB [mytestdb]> SELECT COLUMN_NAME,DATA_TYPE,IS_NULLABLE,COLUMN_DEFAULT
    -> FROM INFORMATION_SCHEMA.COLUMNS
    -> WHERE TABLE_NAME = 'PRODUCTS'
    -> AND TABLE_SCHEMA = 'MYTESTDB';
+--------------+-----------+-------------+----------------+
| COLUMN_NAME  | DATA_TYPE | IS_NULLABLE | COLUMN_DEFAULT |
+--------------+-----------+-------------+----------------+
| Code         | int       | NO          | NULL           |
| Name         | varchar   | NO          | NULL           |
| Price        | decimal   | NO          | NULL           |
| Manufacturer | int       | YES         | NULL           |
+--------------+-----------+-------------+----------------+
4 rows in set (0.00 sec)

MariaDB [mytestdb]> USE INFORMATION_SCHEMA;
Database changed
MariaDB [INFORMATION_SCHEMA]> SHOW TABLES;
+---------------------------------------+
| Tables_in_information_schema          |
+---------------------------------------+
| ALL_PLUGINS                           |
| APPLICABLE_ROLES                      |
| CHARACTER_SETS                        |
| COLLATIONS                            |
| COLLATION_CHARACTER_SET_APPLICABILITY |
| COLUMNS                               |
| COLUMN_PRIVILEGES                     |
| ENABLED_ROLES                         |
| ENGINES                               |
| EVENTS                                |
| FILES                                 |
| GLOBAL_STATUS                         |
| GLOBAL_VARIABLES                      |
| KEY_CACHES                            |
| KEY_COLUMN_USAGE                      |
| PARAMETERS                            |
| PARTITIONS                            |
| PLUGINS                               |
| PROCESSLIST                           |
| PROFILING                             |
| REFERENTIAL_CONSTRAINTS               |
| ROUTINES                              |
| SCHEMATA                              |
| SCHEMA_PRIVILEGES                     |
| SESSION_STATUS                        |
| SESSION_VARIABLES                     |
| STATISTICS                            |
| SYSTEM_VARIABLES                      |
| TABLES                                |
| TABLESPACES                           |
| TABLE_CONSTRAINTS                     |
| TABLE_PRIVILEGES                      |
| TRIGGERS                              |
| USER_PRIVILEGES                       |
| VIEWS                                 |
| GEOMETRY_COLUMNS                      |
| SPATIAL_REF_SYS                       |
| CLIENT_STATISTICS                     |
| INDEX_STATISTICS                      |
| INNODB_SYS_DATAFILES                  |
| TABLE_STATISTICS                      |
| INNODB_SYS_TABLESTATS                 |
| USER_STATISTICS                       |
| INNODB_SYS_INDEXES                    |
| XTRADB_RSEG                           |
| INNODB_CMP_PER_INDEX                  |
| INNODB_TRX                            |
| CHANGED_PAGE_BITMAPS                  |
| INNODB_FT_BEING_DELETED               |
| INNODB_LOCK_WAITS                     |
| INNODB_LOCKS                          |
| INNODB_TABLESPACES_ENCRYPTION         |
| XTRADB_INTERNAL_HASH_TABLES           |
| INNODB_SYS_FIELDS                     |
| INNODB_CMPMEM_RESET                   |
| INNODB_CMP                            |
| INNODB_FT_INDEX_TABLE                 |
| INNODB_SYS_TABLESPACES                |
| INNODB_MUTEXES                        |
| INNODB_BUFFER_PAGE_LRU                |
| INNODB_SYS_FOREIGN_COLS               |
| INNODB_CMP_RESET                      |
| INNODB_BUFFER_POOL_STATS              |
| INNODB_FT_INDEX_CACHE                 |
| INNODB_SYS_FOREIGN                    |
| INNODB_METRICS                        |
| INNODB_FT_DEFAULT_STOPWORD            |
| INNODB_CMPMEM                         |
| INNODB_SYS_TABLES                     |
| INNODB_SYS_COLUMNS                    |
| INNODB_FT_CONFIG                      |
| INNODB_BUFFER_PAGE                    |
| INNODB_CMP_PER_INDEX_RESET            |
| XTRADB_READ_VIEW                      |
| INNODB_SYS_SEMAPHORE_WAITS            |
| INNODB_CHANGED_PAGES                  |
| INNODB_FT_DELETED                     |
| INNODB_TABLESPACES_SCRUBBING          |
+---------------------------------------+
78 rows in set (0.00 sec)

MariaDB [INFORMATION_SCHEMA]> DESC TABLES;
+-----------------+---------------------+------+-----+---------+-------+
| Field           | Type                | Null | Key | Default | Extra |
+-----------------+---------------------+------+-----+---------+-------+
| TABLE_CATALOG   | varchar(512)        | NO   |     |         |       |
| TABLE_SCHEMA    | varchar(64)         | NO   |     |         |       |
| TABLE_NAME      | varchar(64)         | NO   |     |         |       |
| TABLE_TYPE      | varchar(64)         | NO   |     |         |       |
| ENGINE          | varchar(64)         | YES  |     | NULL    |       |
| VERSION         | bigint(21) unsigned | YES  |     | NULL    |       |
| ROW_FORMAT      | varchar(10)         | YES  |     | NULL    |       |
| TABLE_ROWS      | bigint(21) unsigned | YES  |     | NULL    |       |
| AVG_ROW_LENGTH  | bigint(21) unsigned | YES  |     | NULL    |       |
| DATA_LENGTH     | bigint(21) unsigned | YES  |     | NULL    |       |
| MAX_DATA_LENGTH | bigint(21) unsigned | YES  |     | NULL    |       |
| INDEX_LENGTH    | bigint(21) unsigned | YES  |     | NULL    |       |
| DATA_FREE       | bigint(21) unsigned | YES  |     | NULL    |       |
| AUTO_INCREMENT  | bigint(21) unsigned | YES  |     | NULL    |       |
| CREATE_TIME     | datetime            | YES  |     | NULL    |       |
| UPDATE_TIME     | datetime            | YES  |     | NULL    |       |
| CHECK_TIME      | datetime            | YES  |     | NULL    |       |
| TABLE_COLLATION | varchar(32)         | YES  |     | NULL    |       |
| CHECKSUM        | bigint(21) unsigned | YES  |     | NULL    |       |
| CREATE_OPTIONS  | varchar(2048)       | YES  |     | NULL    |       |
| TABLE_COMMENT   | varchar(2048)       | NO   |     |         |       |
+-----------------+---------------------+------+-----+---------+-------+
21 rows in set (0.00 sec)

MariaDB [INFORMATION_SCHEMA]> SELECT * FROM TABLES WHERE TABLE_SCHEMA = 'MYTESTDB';
+---------------+--------------+---------------+------------+--------+---------+------------+------------+----------------+-------------+-----------------+--------------+-----------+----------------+---------------------+-------------+------------+-------------------+----------+----------------+---------------+
| TABLE_CATALOG | TABLE_SCHEMA | TABLE_NAME    | TABLE_TYPE | ENGINE | VERSION | ROW_FORMAT | TABLE_ROWS | AVG_ROW_LENGTH | DATA_LENGTH | MAX_DATA_LENGTH | INDEX_LENGTH | DATA_FREE | AUTO_INCREMENT | CREATE_TIME         | UPDATE_TIME | CHECK_TIME | TABLE_COLLATION   | CHECKSUM | CREATE_OPTIONS | TABLE_COMMENT |
+---------------+--------------+---------------+------------+--------+---------+------------+------------+----------------+-------------+-----------------+--------------+-----------+----------------+---------------------+-------------+------------+-------------------+----------+----------------+---------------+
| def           | mytestdb     | locations     | BASE TABLE | InnoDB |      10 | Compact    |          0 |              0 |       16384 |               0 |            0 |         0 |              1 | 2017-09-08 20:35:14 | NULL        | NULL       | latin1_swedish_ci |     NULL |                |               |
| def           | mytestdb     | manufacturers | BASE TABLE | InnoDB |      10 | Compact    |          7 |           2340 |       16384 |               0 |            0 |         0 |           NULL | 2017-09-08 20:42:41 | NULL        | NULL       | latin1_swedish_ci |     NULL |                |               |
| def           | mytestdb     | pet           | BASE TABLE | InnoDB |      10 | Compact    |         10 |           1638 |       16384 |               0 |            0 |         0 |           NULL | 2017-09-08 18:29:42 | NULL        | NULL       | latin1_swedish_ci |     NULL |                |               |
| def           | mytestdb     | products      | BASE TABLE | InnoDB |      10 | Compact    |         12 |           1365 |       16384 |               0 |        16384 |         0 |           NULL | 2017-09-08 20:49:29 | NULL        | NULL       | latin1_swedish_ci |     NULL |                |               |
| def           | mytestdb     | student       | BASE TABLE | InnoDB |      10 | Compact    |          5 |           3276 |       16384 |               0 |            0 |         0 |              6 | 2017-09-07 18:26:10 | NULL        | NULL       | latin1_swedish_ci |     NULL |                |               |
| def           | mytestdb     | t1            | BASE TABLE | InnoDB |      10 | Compact    |          0 |              0 |       16384 |               0 |            0 |         0 |              2 | 2017-09-07 21:13:47 | NULL        | NULL       | latin1_swedish_ci |     NULL |                |               |
+---------------+--------------+---------------+------------+--------+---------+------------+------------+----------------+-------------+-----------------+--------------+-----------+----------------+---------------------+-------------+------------+-------------------+----------+----------------+---------------+
6 rows in set (0.13 sec)

MariaDB [INFORMATION_SCHEMA]> SELECT * FROM TABLES WHERE TABLE_SCHEMA = 'MYTESTDB'\g;
+---------------+--------------+---------------+------------+--------+---------+------------+------------+----------------+-------------+-----------------+--------------+-----------+----------------+---------------------+-------------+------------+-------------------+----------+----------------+---------------+
| TABLE_CATALOG | TABLE_SCHEMA | TABLE_NAME    | TABLE_TYPE | ENGINE | VERSION | ROW_FORMAT | TABLE_ROWS | AVG_ROW_LENGTH | DATA_LENGTH | MAX_DATA_LENGTH | INDEX_LENGTH | DATA_FREE | AUTO_INCREMENT | CREATE_TIME         | UPDATE_TIME | CHECK_TIME | TABLE_COLLATION   | CHECKSUM | CREATE_OPTIONS | TABLE_COMMENT |
+---------------+--------------+---------------+------------+--------+---------+------------+------------+----------------+-------------+-----------------+--------------+-----------+----------------+---------------------+-------------+------------+-------------------+----------+----------------+---------------+
| def           | mytestdb     | locations     | BASE TABLE | InnoDB |      10 | Compact    |          0 |              0 |       16384 |               0 |            0 |         0 |              1 | 2017-09-08 20:35:14 | NULL        | NULL       | latin1_swedish_ci |     NULL |                |               |
| def           | mytestdb     | manufacturers | BASE TABLE | InnoDB |      10 | Compact    |          7 |           2340 |       16384 |               0 |            0 |         0 |           NULL | 2017-09-08 20:42:41 | NULL        | NULL       | latin1_swedish_ci |     NULL |                |               |
| def           | mytestdb     | pet           | BASE TABLE | InnoDB |      10 | Compact    |         10 |           1638 |       16384 |               0 |            0 |         0 |           NULL | 2017-09-08 18:29:42 | NULL        | NULL       | latin1_swedish_ci |     NULL |                |               |
| def           | mytestdb     | products      | BASE TABLE | InnoDB |      10 | Compact    |         12 |           1365 |       16384 |               0 |        16384 |         0 |           NULL | 2017-09-08 20:49:29 | NULL        | NULL       | latin1_swedish_ci |     NULL |                |               |
| def           | mytestdb     | student       | BASE TABLE | InnoDB |      10 | Compact    |          5 |           3276 |       16384 |               0 |            0 |         0 |              6 | 2017-09-07 18:26:10 | NULL        | NULL       | latin1_swedish_ci |     NULL |                |               |
| def           | mytestdb     | t1            | BASE TABLE | InnoDB |      10 | Compact    |          0 |              0 |       16384 |               0 |            0 |         0 |              2 | 2017-09-07 21:13:47 | NULL        | NULL       | latin1_swedish_ci |     NULL |                |               |
+---------------+--------------+---------------+------------+--------+---------+------------+------------+----------------+-------------+-----------------+--------------+-----------+----------------+---------------------+-------------+------------+-------------------+----------+----------------+---------------+
6 rows in set (0.00 sec)

ERROR: No query specified

MariaDB [INFORMATION_SCHEMA]> SELECT * FROM TABLES WHERE TABLE_SCHEMA = 'MYTESTDB'\g;
+---------------+--------------+---------------+------------+--------+---------+------------+------------+----------------+-------------+-----------------+--------------+-----------+----------------+---------------------+-------------+------------+-------------------+----------+----------------+---------------+
| TABLE_CATALOG | TABLE_SCHEMA | TABLE_NAME    | TABLE_TYPE | ENGINE | VERSION | ROW_FORMAT | TABLE_ROWS | AVG_ROW_LENGTH | DATA_LENGTH | MAX_DATA_LENGTH | INDEX_LENGTH | DATA_FREE | AUTO_INCREMENT | CREATE_TIME         | UPDATE_TIME | CHECK_TIME | TABLE_COLLATION   | CHECKSUM | CREATE_OPTIONS | TABLE_COMMENT |
+---------------+--------------+---------------+------------+--------+---------+------------+------------+----------------+-------------+-----------------+--------------+-----------+----------------+---------------------+-------------+------------+-------------------+----------+----------------+---------------+
| def           | mytestdb     | locations     | BASE TABLE | InnoDB |      10 | Compact    |          0 |              0 |       16384 |               0 |            0 |         0 |              1 | 2017-09-08 20:35:14 | NULL        | NULL       | latin1_swedish_ci |     NULL |                |               |
| def           | mytestdb     | manufacturers | BASE TABLE | InnoDB |      10 | Compact    |          7 |           2340 |       16384 |               0 |            0 |         0 |           NULL | 2017-09-08 20:42:41 | NULL        | NULL       | latin1_swedish_ci |     NULL |                |               |
| def           | mytestdb     | pet           | BASE TABLE | InnoDB |      10 | Compact    |         10 |           1638 |       16384 |               0 |            0 |         0 |           NULL | 2017-09-08 18:29:42 | NULL        | NULL       | latin1_swedish_ci |     NULL |                |               |
| def           | mytestdb     | products      | BASE TABLE | InnoDB |      10 | Compact    |         12 |           1365 |       16384 |               0 |        16384 |         0 |           NULL | 2017-09-08 20:49:29 | NULL        | NULL       | latin1_swedish_ci |     NULL |                |               |
| def           | mytestdb     | student       | BASE TABLE | InnoDB |      10 | Compact    |          5 |           3276 |       16384 |               0 |            0 |         0 |              6 | 2017-09-07 18:26:10 | NULL        | NULL       | latin1_swedish_ci |     NULL |                |               |
| def           | mytestdb     | t1            | BASE TABLE | InnoDB |      10 | Compact    |          0 |              0 |       16384 |               0 |            0 |         0 |              2 | 2017-09-07 21:13:47 | NULL        | NULL       | latin1_swedish_ci |     NULL |                |               |
+---------------+--------------+---------------+------------+--------+---------+------------+------------+----------------+-------------+-----------------+--------------+-----------+----------------+---------------------+-------------+------------+-------------------+----------+----------------+---------------+
6 rows in set (0.00 sec)

ERROR: No query specified

MariaDB [INFORMATION_SCHEMA]> SELECT * FROM TABLES WHERE TABLE_SCHEMA = 'MYTESTDB'\G;
*************************** 1. row ***************************
  TABLE_CATALOG: def
   TABLE_SCHEMA: mytestdb
     TABLE_NAME: locations
     TABLE_TYPE: BASE TABLE
         ENGINE: InnoDB
        VERSION: 10
     ROW_FORMAT: Compact
     TABLE_ROWS: 0
 AVG_ROW_LENGTH: 0
    DATA_LENGTH: 16384
MAX_DATA_LENGTH: 0
   INDEX_LENGTH: 0
      DATA_FREE: 0
 AUTO_INCREMENT: 1
    CREATE_TIME: 2017-09-08 20:35:14
    UPDATE_TIME: NULL
     CHECK_TIME: NULL
TABLE_COLLATION: latin1_swedish_ci
       CHECKSUM: NULL
 CREATE_OPTIONS:
  TABLE_COMMENT:
*************************** 2. row ***************************
  TABLE_CATALOG: def
   TABLE_SCHEMA: mytestdb
     TABLE_NAME: manufacturers
     TABLE_TYPE: BASE TABLE
         ENGINE: InnoDB
        VERSION: 10
     ROW_FORMAT: Compact
     TABLE_ROWS: 7
 AVG_ROW_LENGTH: 2340
    DATA_LENGTH: 16384
MAX_DATA_LENGTH: 0
   INDEX_LENGTH: 0
      DATA_FREE: 0
 AUTO_INCREMENT: NULL
    CREATE_TIME: 2017-09-08 20:42:41
    UPDATE_TIME: NULL
     CHECK_TIME: NULL
TABLE_COLLATION: latin1_swedish_ci
       CHECKSUM: NULL
 CREATE_OPTIONS:
  TABLE_COMMENT:
*************************** 3. row ***************************
  TABLE_CATALOG: def
   TABLE_SCHEMA: mytestdb
     TABLE_NAME: pet
     TABLE_TYPE: BASE TABLE
         ENGINE: InnoDB
        VERSION: 10
     ROW_FORMAT: Compact
     TABLE_ROWS: 10
 AVG_ROW_LENGTH: 1638
    DATA_LENGTH: 16384
MAX_DATA_LENGTH: 0
   INDEX_LENGTH: 0
      DATA_FREE: 0
 AUTO_INCREMENT: NULL
    CREATE_TIME: 2017-09-08 18:29:42
    UPDATE_TIME: NULL
     CHECK_TIME: NULL
TABLE_COLLATION: latin1_swedish_ci
       CHECKSUM: NULL
 CREATE_OPTIONS:
  TABLE_COMMENT:
*************************** 4. row ***************************
  TABLE_CATALOG: def
   TABLE_SCHEMA: mytestdb
     TABLE_NAME: products
     TABLE_TYPE: BASE TABLE
         ENGINE: InnoDB
        VERSION: 10
     ROW_FORMAT: Compact
     TABLE_ROWS: 12
 AVG_ROW_LENGTH: 1365
    DATA_LENGTH: 16384
MAX_DATA_LENGTH: 0
   INDEX_LENGTH: 16384
      DATA_FREE: 0
 AUTO_INCREMENT: NULL
    CREATE_TIME: 2017-09-08 20:49:29
    UPDATE_TIME: NULL
     CHECK_TIME: NULL
TABLE_COLLATION: latin1_swedish_ci
       CHECKSUM: NULL
 CREATE_OPTIONS:
  TABLE_COMMENT:
*************************** 5. row ***************************
  TABLE_CATALOG: def
   TABLE_SCHEMA: mytestdb
     TABLE_NAME: student
     TABLE_TYPE: BASE TABLE
         ENGINE: InnoDB
        VERSION: 10
     ROW_FORMAT: Compact
     TABLE_ROWS: 5
 AVG_ROW_LENGTH: 3276
    DATA_LENGTH: 16384
MAX_DATA_LENGTH: 0
   INDEX_LENGTH: 0
      DATA_FREE: 0
 AUTO_INCREMENT: 6
    CREATE_TIME: 2017-09-07 18:26:10
    UPDATE_TIME: NULL
     CHECK_TIME: NULL
TABLE_COLLATION: latin1_swedish_ci
       CHECKSUM: NULL
 CREATE_OPTIONS:
  TABLE_COMMENT:
*************************** 6. row ***************************
  TABLE_CATALOG: def
   TABLE_SCHEMA: mytestdb
     TABLE_NAME: t1
     TABLE_TYPE: BASE TABLE
         ENGINE: InnoDB
        VERSION: 10
     ROW_FORMAT: Compact
     TABLE_ROWS: 0
 AVG_ROW_LENGTH: 0
    DATA_LENGTH: 16384
MAX_DATA_LENGTH: 0
   INDEX_LENGTH: 0
      DATA_FREE: 0
 AUTO_INCREMENT: 2
    CREATE_TIME: 2017-09-07 21:13:47
    UPDATE_TIME: NULL
     CHECK_TIME: NULL
TABLE_COLLATION: latin1_swedish_ci
       CHECKSUM: NULL
 CREATE_OPTIONS:
  TABLE_COMMENT:
6 rows in set (0.00 sec)

ERROR: No query specified

MariaDB [INFORMATION_SCHEMA]> DESC TABLE_SCHEMA
    -> ;
ERROR 1109 (42S02): Unknown table 'table_schema' in information_schema
MariaDB [INFORMATION_SCHEMA]> DESC TABLE_NAME;
ERROR 1109 (42S02): Unknown table 'table_name' in information_schema
MariaDB [INFORMATION_SCHEMA]> SELECT TABLE_NAME FROM INFORMATION_SCHEMA.TABLE_CONSTRAINTS WHERE TABLE_NAME = 'PRODUCTS';
+------------+
| TABLE_NAME |
+------------+
| products   |
| products   |
+------------+
2 rows in set (0.00 sec)

MariaDB [INFORMATION_SCHEMA]> SELECT * FROM INFORMATION_SCHEMA.TABLE_CONSTRAINTS WHERE TABLE_NAME = 'PRODUCTS';
+--------------------+-------------------+-----------------+--------------+------------+-----------------+
| CONSTRAINT_CATALOG | CONSTRAINT_SCHEMA | CONSTRAINT_NAME | TABLE_SCHEMA | TABLE_NAME | CONSTRAINT_TYPE |
+--------------------+-------------------+-----------------+--------------+------------+-----------------+
| def                | mytestdb          | PRIMARY         | mytestdb     | products   | PRIMARY KEY     |
| def                | mytestdb          | products_ibfk_1 | mytestdb     | products   | FOREIGN KEY     |
+--------------------+-------------------+-----------------+--------------+------------+-----------------+
2 rows in set (0.00 sec)

MariaDB [INFORMATION_SCHEMA]> mysql --databases myestdb > C:\\Users\\715368\\Downloads\dumpMyTestDb.sql
ERROR: Unknown command '\\'.
ERROR: Unknown command '\\'.
ERROR: Unknown command '\\'.
    -> ;
    -> mysql --databases mytestdb > C:\\Users\\715368\\Downloads\dumpMyTestDb.sql
ERROR: Unknown command '\\'.
ERROR: Unknown command '\\'.
ERROR: Unknown command '\\'.
    -> Bye

715368@203-IMAC13 c:\xampp
# mysql -u root -p
Enter password:
Welcome to the MariaDB monitor.  Commands end with ; or \g.
Your MariaDB connection id is 3
Server version: 10.1.21-MariaDB mariadb.org binary distribution

Copyright (c) 2000, 2016, Oracle, MariaDB Corporation Ab and others.

Type 'help;' or '\h' for help. Type '\c' to clear the current input statement.

MariaDB [(none)]> use informatin_schema;
ERROR 1049 (42000): Unknown database 'informatin_schema'
MariaDB [(none)]> use information_schema;
Database changed
MariaDB [information_schema]> mysqldump  mytestdb > C:\\Users\\715368\\Downloads\dumpMyTestDb.sql
ERROR: Unknown command '\\'.
ERROR: Unknown command '\\'.
ERROR: Unknown command '\\'.
    -> Bye

715368@203-IMAC13 c:\xampp
# mysql -u root -p
Enter password:
Welcome to the MariaDB monitor.  Commands end with ; or \g.
Your MariaDB connection id is 4
Server version: 10.1.21-MariaDB mariadb.org binary distribution

Copyright (c) 2000, 2016, Oracle, MariaDB Corporation Ab and others.

Type 'help;' or '\h' for help. Type '\c' to clear the current input statement.

MariaDB [(none)]> use information_schema;
Database changed
MariaDB [information_schema]> mysql --databases mytestdb > C:\\Users\\715368\\Downloads\\dumpMyTestDb.sql
ERROR: Unknown command '\\'.
ERROR: Unknown command '\\'.
ERROR: Unknown command '\\'.
ERROR: Unknown command '\\'.
    -> Bye

715368@203-IMAC13 c:\xampp
# mysql -u root -p
Enter password:
Welcome to the MariaDB monitor.  Commands end with ; or \g.
Your MariaDB connection id is 5
Server version: 10.1.21-MariaDB mariadb.org binary distribution

Copyright (c) 2000, 2016, Oracle, MariaDB Corporation Ab and others.

Type 'help;' or '\h' for help. Type '\c' to clear the current input statement.

MariaDB [(none)]> use information_schema;
Database changed
MariaDB [information_schema]> mysqldump  mytestdb > C:/Users/715368/Downloads/dumpMyTestDb.sql;
ERROR 1064 (42000): You have an error in your SQL syntax; check the manual that corresponds to your MariaDB server version for the right syntax to use near 'mysqldump  mytestdb > C:/Users/715368/Downloads/dumpMyTestDb.sql' at line 1
MariaDB [information_schema]> mysqldump --single-transaction -u root -p --databases mytestdb > C:/Users/715368/Downloads/dumpMyTestDb.sql;
ERROR 1064 (42000): You have an error in your SQL syntax; check the manual that corresponds to your MariaDB server version for the right syntax to use near 'mysqldump --single-transaction -u root -p --databases mytestdb > C:/Users/715368' at line 1
MariaDB [information_schema]> mysqldump --single-transaction -u root -p --databases mytestdb > C:/Users/715368/Downloads/dumpMyTestDb.sql;
ERROR 1064 (42000): You have an error in your SQL syntax; check the manual that corresponds to your MariaDB server version for the right syntax to use near 'mysqldump --single-transaction -u root -p --databases mytestdb > C:/Users/715368' at line 1
MariaDB [information_schema]> exit;
Bye

715368@203-IMAC13 c:\xampp
# mysqldump --single-transaction -u root -p --databases mytestdb > C:/Users/715368/Downloads/dumpMyTestDb.sql;
Enter password:
mysqldump: Got error: 1049: "Unknown database ';'" when selecting the database

715368@203-IMAC13 c:\xampp
# mysqldump --single-transaction -u root -p --databases mytestdb > C:/Users/715368/Downloads/dumpMyTestDb.sql
Enter password:

715368@203-IMAC13 c:\xampp
# mysql -u root -p
Enter password:
Welcome to the MariaDB monitor.  Commands end with ; or \g.
Your MariaDB connection id is 8
Server version: 10.1.21-MariaDB mariadb.org binary distribution

Copyright (c) 2000, 2016, Oracle, MariaDB Corporation Ab and others.

Type 'help;' or '\h' for help. Type '\c' to clear the current input statement.

MariaDB [(none)]> use information_schema;
Database changed
MariaDB [information_schema]> use mytestdb;
Database changed
MariaDB [mytestdb]> CREATE TABLE Pieces(
    -> Code Integer(10) Primary key,
    -> Name VARCHAR(50) NOT NULL
    -> );
Query OK, 0 rows affected (0.28 sec)

MariaDB [mytestdb]> CREATE TABLE Providers(
    -> Code Integer(10) Primary key,
    -> Name VARCHAR(50) NOT NULL
    -> );
Query OK, 0 rows affected (0.25 sec)

MariaDB [mytestdb]> CREATE TABLE Provides(
    -> Code Integer(10)  AUTO_INCREMENT,
    -> Piece Integer(10) Refrences Pieces(Code),
    -> Provider Integer(10) Refrences Providers(Code),
    -> Price Double(10,2) CHECK(Price >10),
    -> PRIMARY_KEY(Code,Piece)
    -> );
ERROR 1064 (42000): You have an error in your SQL syntax; check the manual that corresponds to your MariaDB server version for the right syntax to use near 'Pieces(Code),
Provider Integer(10) Refrences Providers(Code),
Price Double(10,2)' at line 3
MariaDB [mytestdb]> CREATE TABLE Provides(
    -> Code Integer(10)  AUTO_INCREMENT,
    -> Piece Integer(10) FOREIGN_KEY References Pieces(Code),
    -> Provider Integer(10) FOREIGN_KEY References Providers(Code),
    -> Price Double(10,2) CHECK(Price >10),
    -> PRIMARY_KEY(Code,Piece)
    -> );
ERROR 1064 (42000): You have an error in your SQL syntax; check the manual that corresponds to your MariaDB server version for the right syntax to use near 'References Pieces(Code),
Provider Integer(10) FOREIGN_KEY References Providers(C' at line 3
MariaDB [mytestdb]> CREATE TABLE Provides(
    -> Code Integer(10)  AUTO_INCREMENT,
    -> Piece Integer(10)  References Pieces(Code),
    -> Provider Integer(10)  References Providers(Code),
    -> Price Double(10,2) CHECK(Price >10),
    -> PRIMARY_KEY(Code,Piece)
    -> );
ERROR 1064 (42000): You have an error in your SQL syntax; check the manual that corresponds to your MariaDB server version for the right syntax to use near '(Code,Piece)
)' at line 6
MariaDB [mytestdb]> CREATE TABLE Provides(
    -> Code Integer(10)  AUTO_INCREMENT,
    -> Piece Integer(10)  References Pieces(Code),
    -> Provider Integer(10)  References Providers(Code),
    -> Price Double(10,2) CHECK(Price >10),
    -> PRIMARY_KEY(Code,Piece,Provider)
    -> );
ERROR 1064 (42000): You have an error in your SQL syntax; check the manual that corresponds to your MariaDB server version for the right syntax to use near '(Code,Piece,Provider)
)' at line 6
MariaDB [mytestdb]> desc providers;
+-------+-------------+------+-----+---------+-------+
| Field | Type        | Null | Key | Default | Extra |
+-------+-------------+------+-----+---------+-------+
| Code  | int(10)     | NO   | PRI | NULL    |       |
| Name  | varchar(50) | NO   |     | NULL    |       |
+-------+-------------+------+-----+---------+-------+
2 rows in set (0.00 sec)

MariaDB [mytestdb]> CREATE TABLE Provides(
    -> Code Integer(10)  AUTO_INCREMENT,
    -> Piece Integer(10)  References Pieces(Code),
    -> Provider Integer(10)  References Providers(Code),
    -> Price Double(10,2) CHECK(Price >10),
    -> PRIMARY KEY(Code,Piece,Provider)
    -> );
Query OK, 0 rows affected (0.31 sec)

MariaDB [mytestdb]> SELECT * FROM products as p INNER JOIN manufacturers as m ON m.code = p.manufacturer;
+------+-----------------+-------+--------------+------+-----------------+
| Code | Name            | Price | Manufacturer | CODE | NAME            |
+------+-----------------+-------+--------------+------+-----------------+
|    1 | Hard drive      |   240 |            5 |    5 | Fujitsu         |
|    2 | Memory          |   120 |            6 |    6 | Winchester      |
|    3 | ZIP drive       |   150 |            4 |    4 | Iomega          |
|    4 | Floppy disk     |     5 |            6 |    6 | Winchester      |
|    5 | Monitor         |   240 |            1 |    1 | Sony            |
|    6 | DVD drive       |   180 |            2 |    2 | Creative Labs   |
|    7 | CD drive        |    90 |            2 |    2 | Creative Labs   |
|    8 | Printer         |   270 |            3 |    3 | Hewlett-Packard |
|    9 | Toner cartridge |    66 |            3 |    3 | Hewlett-Packard |
|   10 | DVD burner      |   180 |            2 |    2 | Creative Labs   |
+------+-----------------+-------+--------------+------+-----------------+
10 rows in set (0.00 sec)

MariaDB [mytestdb]> SELECT p.name as Product_Name,p.price as Price,m.name as MariaDB [mytestdb]> SELECT * FROM products as p INNER JOIN manufacturers as m ON m.code = p.manufacturer;
ERROR 1064 (42000): You have an error in your SQL syntax; check the manual that corresponds to your MariaDB server version for the right syntax to use near '[mytestdb]> SELECT * FROM products as p INNER JOIN manufacturers as m ON m.code ' at line 1
MariaDB [mytestdb]> +------+-----------------+-------+--------------+------+-----------------+
    -> | Code | Name            | Price | Manufacturer | CODE | NAME            |
    -> +------+-----------------+-------+--------------+------+-----------------+
    -> |    1 | Hard drive      |   240 |            5 |    5 | Fujitsu         |
    -> |    2 | Memory          |   120 |            6 |    6 | Winchester      |
    -> |    3 | ZIP drive       |   150 |            4 |    4 | Iomega          |
    -> |    4 | Floppy disk     |     5 |            6 |    6 | Winchester      |
    -> |    5 | Monitor         |   240 |            1 |    1 | Sony            |
    -> |    6 | DVD drive       |   180 |            2 |    2 | Creative Labs   |
    -> |    7 | CD drive        |    90 |            2 |    2 | Creative Labs   |
    -> |    8 | Printer         |   270 |            3 |    3 | Hewlett-Packard |
    -> |    9 | Toner cartridge |    66 |            3 |    3 | Hewlett-Packard |
    -> |   10 | DVD burner      |   180 |            2 |    2 | Creative Labs   |
    -> +------+-----------------+-------+--------------+------+-----------------+
    -> 10 rows in set (0.00 sec);
ERROR 1064 (42000): You have an error in your SQL syntax; check the manual that corresponds to your MariaDB server version for the right syntax to use near '+------+-----------------+-------+--------------+------+-----------------+
| Cod' at line 1
MariaDB [mytestdb]> +------+-----------------+-------+--------------+------+----
    -> ;
ERROR 1064 (42000): You have an error in your SQL syntax; check the manual that corresponds to your MariaDB server version for the right syntax to use near '+------+-----------------+-------+--------------+------+--' at line 1
MariaDB [mytestdb]> SELECT p.name as Product_Name,p.price as Price,m.name as Manufacturer FROM products as p INNER JOIN manufacturers as m ON m.code = p.manufacturer;
+-----------------+-------+-----------------+
| Product_Name    | Price | Manufacturer    |
+-----------------+-------+-----------------+
| Hard drive      |   240 | Fujitsu         |
| Memory          |   120 | Winchester      |
| ZIP drive       |   150 | Iomega          |
| Floppy disk     |     5 | Winchester      |
| Monitor         |   240 | Sony            |
| DVD drive       |   180 | Creative Labs   |
| CD drive        |    90 | Creative Labs   |
| Printer         |   270 | Hewlett-Packard |
| Toner cartridge |    66 | Hewlett-Packard |
| DVD burner      |   180 | Creative Labs   |
+-----------------+-------+-----------------+
10 rows in set (0.00 sec)

MariaDB [mytestdb]> SELECT * FROM Manufacturers;
+------+-----------------+
| CODE | NAME            |
+------+-----------------+
|    1 | Sony            |
|    2 | Creative Labs   |
|    3 | Hewlett-Packard |
|    4 | Iomega          |
|    5 | Fujitsu         |
|    6 | Winchester      |
+------+-----------------+
6 rows in set (0.00 sec)

MariaDB [mytestdb]> SELECT AVG(price),Manufacturer from products GROUP BY Manufacturer;
+------------+--------------+
| AVG(price) | Manufacturer |
+------------+--------------+
|    47.0000 |         NULL |
|   240.0000 |            1 |
|   150.0000 |            2 |
|   168.0000 |            3 |
|   150.0000 |            4 |
|   240.0000 |            5 |
|    62.5000 |            6 |
+------------+--------------+
7 rows in set (0.00 sec)

MariaDB [mytestdb]> SELECT AVG(price),m.name from products as p,Manufacturers as m where m.code = p.manufacturer GROUP BY Manufacturer;
+------------+-----------------+
| AVG(price) | name            |
+------------+-----------------+
|   240.0000 | Sony            |
|   150.0000 | Creative Labs   |
|   168.0000 | Hewlett-Packard |
|   150.0000 | Iomega          |
|   240.0000 | Fujitsu         |
|    62.5000 | Winchester      |
+------------+-----------------+
6 rows in set (0.05 sec)

MariaDB [mytestdb]> SELECT AVG(price),m.name from products as p,Manufacturers as m where m.code = p.manufacturer GROUP BY Manufacturer having AVG(p.price)>= 150;
+------------+-----------------+
| AVG(price) | name            |
+------------+-----------------+
|   240.0000 | Sony            |
|   150.0000 | Creative Labs   |
|   168.0000 | Hewlett-Packard |
|   150.0000 | Iomega          |
|   240.0000 | Fujitsu         |
+------------+-----------------+
5 rows in set (0.00 sec)

MariaDB [mytestdb]> SELECT m.name as Manufacturer from products as p,Manufacturers as m where m.code = p.manufacturer GROUP BY Manufacturer having AVG(p.price)>= 150;
+-----------------+
| Manufacturer    |
+-----------------+
| Sony            |
| Creative Labs   |
| Hewlett-Packard |
| Iomega          |
| Fujitsu         |
+-----------------+
5 rows in set, 1 warning (0.00 sec)

MariaDB [mytestdb]> SELECT name,price from products;
+-----------------+-------+
| name            | price |
+-----------------+-------+
| Hard drive      |   240 |
| Memory          |   120 |
| ZIP drive       |   150 |
| Floppy disk     |     5 |
| Monitor         |   240 |
| DVD drive       |   180 |
| CD drive        |    90 |
| Printer         |   270 |
| Toner cartridge |    66 |
| DVD burner      |   180 |
| USB Driver      |    40 |
| USB Driver      |    54 |
+-----------------+-------+
12 rows in set (0.00 sec)

MariaDB [mytestdb]> SELECT name,price from products order by price desc;
+-----------------+-------+
| name            | price |
+-----------------+-------+
| Printer         |   270 |
| Hard drive      |   240 |
| Monitor         |   240 |
| DVD burner      |   180 |
| DVD drive       |   180 |
| ZIP drive       |   150 |
| Memory          |   120 |
| CD drive        |    90 |
| Toner cartridge |    66 |
| USB Driver      |    54 |
| USB Driver      |    40 |
| Floppy disk     |     5 |
+-----------------+-------+
12 rows in set (0.00 sec)

MariaDB [mytestdb]> SELECT name,price from products order by price asc limit 1 ;
+-------------+-------+
| name        | price |
+-------------+-------+
| Floppy disk |     5 |
+-------------+-------+
1 row in set (0.00 sec)

MariaDB [mytestdb]> SELECT m.name as Manufacturer from products as p,Manufacturers as m where m.code = p.manufacturer order by price desc limit 1;
+-----------------+
| Manufacturer    |
+-----------------+
| Hewlett-Packard |
+-----------------+
1 row in set (0.00 sec)

MariaDB [mytestdb]> SELECT Products.Name, MAX(Price), Manufacturers.NameFROM Products, ManufacturersWHERE Manufacturer = Manufacturers.CodeGROUP BY Manufacturers.Name;
ERROR 1064 (42000): You have an error in your SQL syntax; check the manual that corresponds to your MariaDB server version for the right syntax to use near '= Manufacturers.CodeGROUP BY Manufacturers.Name' at line 1
MariaDB [mytestdb]> SELECT Products.Name, MAX(Price), Manufacturers.NameFROM Products, Manufacturers WHERE Manufacturer = Manufacturers.CodeGROUP BY Manufacturers.Name;
ERROR 1064 (42000): You have an error in your SQL syntax; check the manual that corresponds to your MariaDB server version for the right syntax to use near 'WHERE Manufacturer = Manufacturers.CodeGROUP BY Manufacturers.Name' at line 1
MariaDB [mytestdb]> SELECT Products.Name, MAX(Price), Manufacturers.NameFROM Products, Manufacturers WHERE Manufacturer = Manufacturers.Code GROUP BY Manufacturers.Name;
ERROR 1064 (42000): You have an error in your SQL syntax; check the manual that corresponds to your MariaDB server version for the right syntax to use near 'WHERE Manufacturer = Manufacturers.Code GROUP BY Manufacturers.Name' at line 1
MariaDB [mytestdb]> SELECT Products.Name, MAX(Price), Manufacturers.Name FROM Products, Manufacturers WHERE Manufacturer = Manufacturers.Code GROUP BY Manufacturers.Name;
+------------+------------+-----------------+
| Name       | MAX(Price) | Name            |
+------------+------------+-----------------+
| DVD drive  |        180 | Creative Labs   |
| Hard drive |        240 | Fujitsu         |
| Printer    |        270 | Hewlett-Packard |
| ZIP drive  |        150 | Iomega          |
| Monitor    |        240 | Sony            |
| Memory     |        120 | Winchester      |
+------------+------------+-----------------+
6 rows in set (0.00 sec)

MariaDB [mytestdb]>
MariaDB [mytestdb]> Setting environment for using XAMPP for Windows.
    -> 715368@203-IMAC13 c:\xampp
ERROR: Unknown command '\x'.
    -> # mysql -u root -p
    -> Enter password:
    -> Welcome to the MariaDB monitor.  Commands end with ; or \g.
ERROR 1064 (42000): You have an error in your SQL syntax; check the manual that corresponds to your MariaDB server version for the right syntax to use near 'Setting environment for using XAMPP for Windows.
715368@203-IMAC13 c:\xampp

Ent' at line 1
ERROR 1064 (42000): You have an error in your SQL syntax; check the manual that corresponds to your MariaDB server version for the right syntax to use near 'or' at line 1
    -> Your MariaDB connection id is 2
    -> Server version: 10.1.21-MariaDB mariadb.org binary distribution
    ->
    -> Copyright (c) 2000, 2016, Oracle, MariaDB Corporation Ab and others.
    ->
    -> Type 'help;' or '\h' for help. Type '\c' to clear the current input statement.
    ->
    -> MariaDB [(none)]> use mytestdb;
ERROR 1064 (42000): You have an error in your SQL syntax; check the manual that corresponds to your MariaDB server version for the right syntax to use near '.
Your MariaDB connection id is 2
Server version: 10.1.21-MariaDB mariadb.org bi' at line 1
MariaDB [mytestdb]> Database changed
    -> MariaDB [mytestdb]> DESC INFORMATION_SCHEMA.COLUMNS;
ERROR 1064 (42000): You have an error in your SQL syntax; check the manual that corresponds to your MariaDB server version for the right syntax to use near 'Database changed
MariaDB [mytestdb]> DESC INFORMATION_SCHEMA.COLUMNS' at line 1
MariaDB [mytestdb]> +--------------------------+---------------------+------+-----+---------+-------+
    -> | Field                    | Type                | Null | Key | Default | Extra |
    -> +--------------------------+---------------------+------+-----+---------+-------+
    -> | TABLE_CATALOG            | varchar(512)        | NO   |     |         |       |
    -> | TABLE_SCHEMA             | varchar(64)         | NO   |     |         |       |
    -> | TABLE_NAME               | varchar(64)         | NO   |     |         |       |
    -> | COLUMN_NAME              | varchar(64)         | NO   |     |         |       |
    -> | ORDINAL_POSITION         | bigint(21) unsigned | NO   |     | 0       |       |
    -> | COLUMN_DEFAULT           | longtext            | YES  |     | NULL    |       |
    -> | IS_NULLABLE              | varchar(3)          | NO   |     |         |       |
    -> | DATA_TYPE                | varchar(64)         | NO   |     |         |       |
    -> | CHARACTER_MAXIMUM_LENGTH | bigint(21) unsigned | YES  |     | NULL    |       |
    -> | CHARACTER_OCTET_LENGTH   | bigint(21) unsigned | YES  |     | NULL    |       |
    -> | NUMERIC_PRECISION        | bigint(21) unsigned | YES  |     | NULL    |       |
    -> | NUMERIC_SCALE            | bigint(21) unsigned | YES  |     | NULL    |       |
    -> | DATETIME_PRECISION       | bigint(21) unsigned | YES  |     | NULL    |       |
    -> | CHARACTER_SET_NAME       | varchar(32)         | YES  |     | NULL    |       |
    -> | COLLATION_NAME           | varchar(32)         | YES  |     | NULL    |       |
    -> | COLUMN_TYPE              | longtext            | NO   |     | NULL    |       |
    -> | COLUMN_KEY               | varchar(3)          | NO   |     |         |       |
    -> | EXTRA                    | varchar(27)         | NO   |     |         |       |
    -> | PRIVILEGES               | varchar(80)         | NO   |     |         |       |
    -> | COLUMN_COMMENT           | varchar(1024)       | NO   |     |         |       |
    -> +--------------------------+---------------------+------+-----+---------+-------+
    -> 20 rows in set (0.00 sec)
    ->
    -> MariaDB [mytestdb]> SELECT TABLE_NAME FROM INFORMATION_SCHEMA.COLUMNS;
ERROR 1064 (42000): You have an error in your SQL syntax; check the manual that corresponds to your MariaDB server version for the right syntax to use near '+--------------------------+---------------------+------+-----+---------+-------' at line 1
MariaDB [mytestdb]> +----------------------------------------------------+
    -> | TABLE_NAME                                         |
    -> +----------------------------------------------------+
    -> | movies                                             |
    -> | movies                                             |
    -> | movies                                             |
    -> | movies                                             |
    -> | movietheaters                                      |
    -> | movietheaters                                      |
    -> | movietheaters                                      |
    -> | ALL_PLUGINS                                        |
    -> | ALL_PLUGINS                                        |
    -> | ALL_PLUGINS                                        |
    -> | ALL_PLUGINS                                        |
    -> | ALL_PLUGINS                                        |
    -> | ALL_PLUGINS                                        |
    -> | ALL_PLUGINS                                        |
    -> | ALL_PLUGINS                                        |
    -> | ALL_PLUGINS                                        |
    -> | ALL_PLUGINS                                        |
    -> | ALL_PLUGINS                                        |
    -> | ALL_PLUGINS                                        |
    -> | ALL_PLUGINS                                        |
    -> | APPLICABLE_ROLES                                   |
    -> | APPLICABLE_ROLES                                   |
    -> | APPLICABLE_ROLES                                   |
    -> | APPLICABLE_ROLES                                   |
    -> | CHARACTER_SETS                                     |
    -> | CHARACTER_SETS                                     |
    -> | CHARACTER_SETS                                     |
    -> | CHARACTER_SETS                                     |
    -> | COLLATIONS                                         |
    -> | COLLATIONS                                         |
    -> | COLLATIONS                                         |
    -> | COLLATIONS                                         |
    -> | COLLATIONS                                         |
    -> | COLLATIONS                                         |
    -> | COLLATION_CHARACTER_SET_APPLICABILITY              |
    -> | COLLATION_CHARACTER_SET_APPLICABILITY              |
    -> | COLUMNS                                            |
    -> | COLUMNS                                            |
    -> | COLUMNS                                            |
    -> | COLUMNS                                            |
    -> | COLUMNS                                            |
    -> | COLUMNS                                            |
    -> | COLUMNS                                            |
    -> | COLUMNS                                            |
    -> | COLUMNS                                            |
    -> | COLUMNS                                            |
    -> | COLUMNS                                            |
    -> | COLUMNS                                            |
    -> | COLUMNS                                            |
    -> | COLUMNS                                            |
    -> | COLUMNS                                            |
    -> | COLUMNS                                            |
    -> | COLUMNS                                            |
    -> | COLUMNS                                            |
    -> | COLUMNS                                            |
    -> | COLUMNS                                            |
    -> | COLUMN_PRIVILEGES                                  |
    -> | COLUMN_PRIVILEGES                                  |
    -> | COLUMN_PRIVILEGES                                  |
    -> | COLUMN_PRIVILEGES                                  |
    -> | COLUMN_PRIVILEGES                                  |
    -> | COLUMN_PRIVILEGES                                  |
    -> | COLUMN_PRIVILEGES                                  |
    -> | ENABLED_ROLES                                      |
    -> | ENGINES                                            |
    -> | ENGINES                                            |
    -> | ENGINES                                            |
    -> | ENGINES                                            |
    -> | ENGINES                                            |
    -> | ENGINES                                            |
    -> | EVENTS                                             |
    -> | EVENTS                                             |
    -> | EVENTS                                             |
    -> | EVENTS                                             |
    -> | EVENTS                                             |
    -> | EVENTS                                             |
    -> | EVENTS                                             |
    -> | EVENTS                                             |
    -> | EVENTS                                             |
    -> | EVENTS                                             |
    -> | EVENTS                                             |
    -> | EVENTS                                             |
    -> | EVENTS                                             |
    -> | EVENTS                                             |
    -> | EVENTS                                             |
    -> | EVENTS                                             |
    -> | EVENTS                                             |
    -> | EVENTS                                             |
    -> | EVENTS                                             |
    -> | EVENTS                                             |
    -> | EVENTS                                             |
    -> | EVENTS                                             |
    -> | EVENTS                                             |
    -> | EVENTS                                             |
    -> | FILES                                              |
    -> | FILES                                              |
    -> | FILES                                              |
    -> | FILES                                              |
    -> | FILES                                              |
    -> | FILES                                              |
    -> | FILES                                              |
    -> | FILES                                              |
    -> | FILES                                              |
    -> | FILES                                              |
    -> | FILES                                              |
    -> | FILES                                              |
    -> | FILES                                              |
    -> | FILES                                              |
    -> | FILES                                              |
    -> | FILES                                              |
    -> | FILES                                              |
    -> | FILES                                              |
    -> | FILES                                              |
    -> | FILES                                              |
    -> | FILES                                              |
    -> | FILES                                              |
    -> | FILES                                              |
    -> | FILES                                              |
    -> | FILES                                              |
    -> | FILES                                              |
    -> | FILES                                              |
    -> | FILES                                              |
    -> | FILES                                              |
    -> | FILES                                              |
    -> | FILES                                              |
    -> | FILES                                              |
    -> | FILES                                              |
    -> | FILES                                              |
    -> | FILES                                              |
    -> | FILES                                              |
    -> | FILES                                              |
    -> | FILES                                              |
    -> | GLOBAL_STATUS                                      |
    -> | GLOBAL_STATUS                                      |
    -> | GLOBAL_VARIABLES                                   |
    -> | GLOBAL_VARIABLES                                   |
    -> | KEY_CACHES                                         |
    -> | KEY_CACHES                                         |
    -> | KEY_CACHES                                         |
    -> | KEY_CACHES                                         |
    -> | KEY_CACHES                                         |
    -> | KEY_CACHES                                         |
    -> | KEY_CACHES                                         |
    -> | KEY_CACHES                                         |
    -> | KEY_CACHES                                         |
    -> | KEY_CACHES                                         |
    -> | KEY_CACHES                                         |
    -> | KEY_CACHES                                         |
    -> | KEY_COLUMN_USAGE                                   |
    -> | KEY_COLUMN_USAGE                                   |
    -> | KEY_COLUMN_USAGE                                   |
    -> | KEY_COLUMN_USAGE                                   |
    -> | KEY_COLUMN_USAGE                                   |
    -> | KEY_COLUMN_USAGE                                   |
    -> | KEY_COLUMN_USAGE                                   |
    -> | KEY_COLUMN_USAGE                                   |
    -> | KEY_COLUMN_USAGE                                   |
    -> | KEY_COLUMN_USAGE                                   |
    -> | KEY_COLUMN_USAGE                                   |
    -> | KEY_COLUMN_USAGE                                   |
    -> | PARAMETERS                                         |
    -> | PARAMETERS                                         |
    -> | PARAMETERS                                         |
    -> | PARAMETERS                                         |
    -> | PARAMETERS                                         |
    -> | PARAMETERS                                         |
    -> | PARAMETERS                                         |
    -> | PARAMETERS                                         |
    -> | PARAMETERS                                         |
    -> | PARAMETERS                                         |
    -> | PARAMETERS                                         |
    -> | PARAMETERS                                         |
    -> | PARAMETERS                                         |
    -> | PARAMETERS                                         |
    -> | PARAMETERS                                         |
    -> | PARAMETERS                                         |
    -> | PARTITIONS                                         |
    -> | PARTITIONS                                         |
    -> | PARTITIONS                                         |
    -> | PARTITIONS                                         |
    -> | PARTITIONS                                         |
    -> | PARTITIONS                                         |
    -> | PARTITIONS                                         |
    -> | PARTITIONS                                         |
    -> | PARTITIONS                                         |
    -> | PARTITIONS                                         |
    -> | PARTITIONS                                         |
    -> | PARTITIONS                                         |
    -> | PARTITIONS                                         |
    -> | PARTITIONS                                         |
    -> | PARTITIONS                                         |
    -> | PARTITIONS                                         |
    -> | PARTITIONS                                         |
    -> | PARTITIONS                                         |
    -> | PARTITIONS                                         |
    -> | PARTITIONS                                         |
    -> | PARTITIONS                                         |
    -> | PARTITIONS                                         |
    -> | PARTITIONS                                         |
    -> | PARTITIONS                                         |
    -> | PARTITIONS                                         |
    -> | PLUGINS                                            |
    -> | PLUGINS                                            |
    -> | PLUGINS                                            |
    -> | PLUGINS                                            |
    -> | PLUGINS                                            |
    -> | PLUGINS                                            |
    -> | PLUGINS                                            |
    -> | PLUGINS                                            |
    -> | PLUGINS                                            |
    -> | PLUGINS                                            |
    -> | PLUGINS                                            |
    -> | PLUGINS                                            |
    -> | PLUGINS                                            |
    -> | PROCESSLIST                                        |
    -> | PROCESSLIST                                        |
    -> | PROCESSLIST                                        |
    -> | PROCESSLIST                                        |
    -> | PROCESSLIST                                        |
    -> | PROCESSLIST                                        |
    -> | PROCESSLIST                                        |
    -> | PROCESSLIST                                        |
    -> | PROCESSLIST                                        |
    -> | PROCESSLIST                                        |
    -> | PROCESSLIST                                        |
    -> | PROCESSLIST                                        |
    -> | PROCESSLIST                                        |
    -> | PROCESSLIST                                        |
    -> | PROCESSLIST                                        |
    -> | PROCESSLIST                                        |
    -> | PROCESSLIST                                        |
    -> | PROFILING                                          |
    -> | PROFILING                                          |
    -> | PROFILING                                          |
    -> | PROFILING                                          |
    -> | PROFILING                                          |
    -> | PROFILING                                          |
    -> | PROFILING                                          |
    -> | PROFILING                                          |
    -> | PROFILING                                          |
    -> | PROFILING                                          |
    -> | PROFILING                                          |
    -> | PROFILING                                          |
    -> | PROFILING                                          |
    -> | PROFILING                                          |
    -> | PROFILING                                          |
    -> | PROFILING                                          |
    -> | PROFILING                                          |
    -> | PROFILING                                          |
    -> | REFERENTIAL_CONSTRAINTS                            |
    -> | REFERENTIAL_CONSTRAINTS                            |
    -> | REFERENTIAL_CONSTRAINTS                            |
    -> | REFERENTIAL_CONSTRAINTS                            |
    -> | REFERENTIAL_CONSTRAINTS                            |
    -> | REFERENTIAL_CONSTRAINTS                            |
    -> | REFERENTIAL_CONSTRAINTS                            |
    -> | REFERENTIAL_CONSTRAINTS                            |
    -> | REFERENTIAL_CONSTRAINTS                            |
    -> | REFERENTIAL_CONSTRAINTS                            |
    -> | REFERENTIAL_CONSTRAINTS                            |
    -> | ROUTINES                                           |
    -> | ROUTINES                                           |
    -> | ROUTINES                                           |
    -> | ROUTINES                                           |
    -> | ROUTINES                                           |
    -> | ROUTINES                                           |
    -> | ROUTINES                                           |
    -> | ROUTINES                                           |
    -> | ROUTINES                                           |
    -> | ROUTINES                                           |
    -> | ROUTINES                                           |
    -> | ROUTINES                                           |
    -> | ROUTINES                                           |
    -> | ROUTINES                                           |
    -> | ROUTINES                                           |
    -> | ROUTINES                                           |
    -> | ROUTINES                                           |
    -> | ROUTINES                                           |
    -> | ROUTINES                                           |
    -> | ROUTINES                                           |
    -> | ROUTINES                                           |
    -> | ROUTINES                                           |
    -> | ROUTINES                                           |
    -> | ROUTINES                                           |
    -> | ROUTINES                                           |
    -> | ROUTINES                                           |
    -> | ROUTINES                                           |
    -> | ROUTINES                                           |
    -> | ROUTINES                                           |
    -> | ROUTINES                                           |
    -> | ROUTINES                                           |
    -> | SCHEMATA                                           |
    -> | SCHEMATA                                           |
    -> | SCHEMATA                                           |
    -> | SCHEMATA                                           |
    -> | SCHEMATA                                           |
    -> | SCHEMA_PRIVILEGES                                  |
    -> | SCHEMA_PRIVILEGES                                  |
    -> | SCHEMA_PRIVILEGES                                  |
    -> | SCHEMA_PRIVILEGES                                  |
    -> | SCHEMA_PRIVILEGES                                  |
    -> | SESSION_STATUS                                     |
    -> | SESSION_STATUS                                     |
    -> | SESSION_VARIABLES                                  |
    -> | SESSION_VARIABLES                                  |
    -> | STATISTICS                                         |
    -> | STATISTICS                                         |
    -> | STATISTICS                                         |
    -> | STATISTICS                                         |
    -> | STATISTICS                                         |
    -> | STATISTICS                                         |
    -> | STATISTICS                                         |
    -> | STATISTICS                                         |
    -> | STATISTICS                                         |
    -> | STATISTICS                                         |
    -> | STATISTICS                                         |
    -> | STATISTICS                                         |
    -> | STATISTICS                                         |
    -> | STATISTICS                                         |
    -> | STATISTICS                                         |
    -> | STATISTICS                                         |
    -> | SYSTEM_VARIABLES                                   |
    -> | SYSTEM_VARIABLES                                   |
    -> | SYSTEM_VARIABLES                                   |
    -> | SYSTEM_VARIABLES                                   |
    -> | SYSTEM_VARIABLES                                   |
    -> | SYSTEM_VARIABLES                                   |
    -> | SYSTEM_VARIABLES                                   |
    -> | SYSTEM_VARIABLES                                   |
    -> | SYSTEM_VARIABLES                                   |
    -> | SYSTEM_VARIABLES                                   |
    -> | SYSTEM_VARIABLES                                   |
    -> | SYSTEM_VARIABLES                                   |
    -> | SYSTEM_VARIABLES                                   |
    -> | SYSTEM_VARIABLES                                   |
    -> | TABLES                                             |
    -> | TABLES                                             |
    -> | TABLES                                             |
    -> | TABLES                                             |
    -> | TABLES                                             |
    -> | TABLES                                             |
    -> | TABLES                                             |
    -> | TABLES                                             |
    -> | TABLES                                             |
    -> | TABLES                                             |
    -> | TABLES                                             |
    -> | TABLES                                             |
    -> | TABLES                                             |
    -> | TABLES                                             |
    -> | TABLES                                             |
    -> | TABLES                                             |
    -> | TABLES                                             |
    -> | TABLES                                             |
    -> | TABLES                                             |
    -> | TABLES                                             |
    -> | TABLES                                             |
    -> | TABLESPACES                                        |
    -> | TABLESPACES                                        |
    -> | TABLESPACES                                        |
    -> | TABLESPACES                                        |
    -> | TABLESPACES                                        |
    -> | TABLESPACES                                        |
    -> | TABLESPACES                                        |
    -> | TABLESPACES                                        |
    -> | TABLESPACES                                        |
    -> | TABLE_CONSTRAINTS                                  |
    -> | TABLE_CONSTRAINTS                                  |
    -> | TABLE_CONSTRAINTS                                  |
    -> | TABLE_CONSTRAINTS                                  |
    -> | TABLE_CONSTRAINTS                                  |
    -> | TABLE_CONSTRAINTS                                  |
    -> | TABLE_PRIVILEGES                                   |
    -> | TABLE_PRIVILEGES                                   |
    -> | TABLE_PRIVILEGES                                   |
    -> | TABLE_PRIVILEGES                                   |
    -> | TABLE_PRIVILEGES                                   |
    -> | TABLE_PRIVILEGES                                   |
    -> | TRIGGERS                                           |
    -> | TRIGGERS                                           |
    -> | TRIGGERS                                           |
    -> | TRIGGERS                                           |
    -> | TRIGGERS                                           |
    -> | TRIGGERS                                           |
    -> | TRIGGERS                                           |
    -> | TRIGGERS                                           |
    -> | TRIGGERS                                           |
    -> | TRIGGERS                                           |
    -> | TRIGGERS                                           |
    -> | TRIGGERS                                           |
    -> | TRIGGERS                                           |
    -> | TRIGGERS                                           |
    -> | TRIGGERS                                           |
    -> | TRIGGERS                                           |
    -> | TRIGGERS                                           |
    -> | TRIGGERS                                           |
    -> | TRIGGERS                                           |
    -> | TRIGGERS                                           |
    -> | TRIGGERS                                           |
    -> | TRIGGERS                                           |
    -> | USER_PRIVILEGES                                    |
    -> | USER_PRIVILEGES                                    |
    -> | USER_PRIVILEGES                                    |
    -> | USER_PRIVILEGES                                    |
    -> | VIEWS                                              |
    -> | VIEWS                                              |
    -> | VIEWS                                              |
    -> | VIEWS                                              |
    -> | VIEWS                                              |
    -> | VIEWS                                              |
    -> | VIEWS                                              |
    -> | VIEWS                                              |
    -> | VIEWS                                              |
    -> | VIEWS                                              |
    -> | VIEWS                                              |
    -> | GEOMETRY_COLUMNS                                   |
    -> | GEOMETRY_COLUMNS                                   |
    -> | GEOMETRY_COLUMNS                                   |
    -> | GEOMETRY_COLUMNS                                   |
    -> | GEOMETRY_COLUMNS                                   |
    -> | GEOMETRY_COLUMNS                                   |
    -> | GEOMETRY_COLUMNS                                   |
    -> | GEOMETRY_COLUMNS                                   |
    -> | GEOMETRY_COLUMNS                                   |
    -> | GEOMETRY_COLUMNS                                   |
    -> | GEOMETRY_COLUMNS                                   |
    -> | GEOMETRY_COLUMNS                                   |
    -> | GEOMETRY_COLUMNS                                   |
    -> | SPATIAL_REF_SYS                                    |
    -> | SPATIAL_REF_SYS                                    |
    -> | SPATIAL_REF_SYS                                    |
    -> | SPATIAL_REF_SYS                                    |
    -> | CLIENT_STATISTICS                                  |
    -> | CLIENT_STATISTICS                                  |
    -> | CLIENT_STATISTICS                                  |
    -> | CLIENT_STATISTICS                                  |
    -> | CLIENT_STATISTICS                                  |
    -> | CLIENT_STATISTICS                                  |
    -> | CLIENT_STATISTICS                                  |
    -> | CLIENT_STATISTICS                                  |
    -> | CLIENT_STATISTICS                                  |
    -> | CLIENT_STATISTICS                                  |
    -> | CLIENT_STATISTICS                                  |
    -> | CLIENT_STATISTICS                                  |
    -> | CLIENT_STATISTICS                                  |
    -> | CLIENT_STATISTICS                                  |
    -> | CLIENT_STATISTICS                                  |
    -> | CLIENT_STATISTICS                                  |
    -> | CLIENT_STATISTICS                                  |
    -> | CLIENT_STATISTICS                                  |
    -> | CLIENT_STATISTICS                                  |
    -> | CLIENT_STATISTICS                                  |
    -> | CLIENT_STATISTICS                                  |
    -> | CLIENT_STATISTICS                                  |
    -> | CLIENT_STATISTICS                                  |
    -> | CLIENT_STATISTICS                                  |
    -> | CLIENT_STATISTICS                                  |
    -> | INDEX_STATISTICS                                   |
    -> | INDEX_STATISTICS                                   |
    -> | INDEX_STATISTICS                                   |
    -> | INDEX_STATISTICS                                   |
    -> | INNODB_SYS_DATAFILES                               |
    -> | INNODB_SYS_DATAFILES                               |
    -> | TABLE_STATISTICS                                   |
    -> | TABLE_STATISTICS                                   |
    -> | TABLE_STATISTICS                                   |
    -> | TABLE_STATISTICS                                   |
    -> | TABLE_STATISTICS                                   |
    -> | INNODB_SYS_TABLESTATS                              |
    -> | INNODB_SYS_TABLESTATS                              |
    -> | INNODB_SYS_TABLESTATS                              |
    -> | INNODB_SYS_TABLESTATS                              |
    -> | INNODB_SYS_TABLESTATS                              |
    -> | INNODB_SYS_TABLESTATS                              |
    -> | INNODB_SYS_TABLESTATS                              |
    -> | INNODB_SYS_TABLESTATS                              |
    -> | INNODB_SYS_TABLESTATS                              |
    -> | USER_STATISTICS                                    |
    -> | USER_STATISTICS                                    |
    -> | USER_STATISTICS                                    |
    -> | USER_STATISTICS                                    |
    -> | USER_STATISTICS                                    |
    -> | USER_STATISTICS                                    |
    -> | USER_STATISTICS                                    |
    -> | USER_STATISTICS                                    |
    -> | USER_STATISTICS                                    |
    -> | USER_STATISTICS                                    |
    -> | USER_STATISTICS                                    |
    -> | USER_STATISTICS                                    |
    -> | USER_STATISTICS                                    |
    -> | USER_STATISTICS                                    |
    -> | USER_STATISTICS                                    |
    -> | USER_STATISTICS                                    |
    -> | USER_STATISTICS                                    |
    -> | USER_STATISTICS                                    |
    -> | USER_STATISTICS                                    |
    -> | USER_STATISTICS                                    |
    -> | USER_STATISTICS                                    |
    -> | USER_STATISTICS                                    |
    -> | USER_STATISTICS                                    |
    -> | USER_STATISTICS                                    |
    -> | USER_STATISTICS                                    |
    -> | INNODB_SYS_INDEXES                                 |
    -> | INNODB_SYS_INDEXES                                 |
    -> | INNODB_SYS_INDEXES                                 |
    -> | INNODB_SYS_INDEXES                                 |
    -> | INNODB_SYS_INDEXES                                 |
    -> | INNODB_SYS_INDEXES                                 |
    -> | INNODB_SYS_INDEXES                                 |
    -> | XTRADB_RSEG                                        |
    -> | XTRADB_RSEG                                        |
    -> | XTRADB_RSEG                                        |
    -> | XTRADB_RSEG                                        |
    -> | XTRADB_RSEG                                        |
    -> | XTRADB_RSEG                                        |
    -> | INNODB_CMP_PER_INDEX                               |
    -> | INNODB_CMP_PER_INDEX                               |
    -> | INNODB_CMP_PER_INDEX                               |
    -> | INNODB_CMP_PER_INDEX                               |
    -> | INNODB_CMP_PER_INDEX                               |
    -> | INNODB_CMP_PER_INDEX                               |
    -> | INNODB_CMP_PER_INDEX                               |
    -> | INNODB_CMP_PER_INDEX                               |
    -> | INNODB_TRX                                         |
    -> | INNODB_TRX                                         |
    -> | INNODB_TRX                                         |
    -> | INNODB_TRX                                         |
    -> | INNODB_TRX                                         |
    -> | INNODB_TRX                                         |
    -> | INNODB_TRX                                         |
    -> | INNODB_TRX                                         |
    -> | INNODB_TRX                                         |
    -> | INNODB_TRX                                         |
    -> | INNODB_TRX                                         |
    -> | INNODB_TRX                                         |
    -> | INNODB_TRX                                         |
    -> | INNODB_TRX                                         |
    -> | INNODB_TRX                                         |
    -> | INNODB_TRX                                         |
    -> | INNODB_TRX                                         |
    -> | INNODB_TRX                                         |
    -> | INNODB_TRX                                         |
    -> | INNODB_TRX                                         |
    -> | INNODB_TRX                                         |
    -> | INNODB_TRX                                         |
    -> | INNODB_TRX                                         |
    -> | INNODB_TRX                                         |
    -> | CHANGED_PAGE_BITMAPS                               |
    -> | INNODB_FT_BEING_DELETED                            |
    -> | INNODB_LOCK_WAITS                                  |
    -> | INNODB_LOCK_WAITS                                  |
    -> | INNODB_LOCK_WAITS                                  |
    -> | INNODB_LOCK_WAITS                                  |
    -> | INNODB_LOCKS                                       |
    -> | INNODB_LOCKS                                       |
    -> | INNODB_LOCKS                                       |
    -> | INNODB_LOCKS                                       |
    -> | INNODB_LOCKS                                       |
    -> | INNODB_LOCKS                                       |
    -> | INNODB_LOCKS                                       |
    -> | INNODB_LOCKS                                       |
    -> | INNODB_LOCKS                                       |
    -> | INNODB_LOCKS                                       |
    -> | INNODB_TABLESPACES_ENCRYPTION                      |
    -> | INNODB_TABLESPACES_ENCRYPTION                      |
    -> | INNODB_TABLESPACES_ENCRYPTION                      |
    -> | INNODB_TABLESPACES_ENCRYPTION                      |
    -> | INNODB_TABLESPACES_ENCRYPTION                      |
    -> | INNODB_TABLESPACES_ENCRYPTION                      |
    -> | INNODB_TABLESPACES_ENCRYPTION                      |
    -> | INNODB_TABLESPACES_ENCRYPTION                      |
    -> | INNODB_TABLESPACES_ENCRYPTION                      |
    -> | XTRADB_INTERNAL_HASH_TABLES                        |
    -> | XTRADB_INTERNAL_HASH_TABLES                        |
    -> | XTRADB_INTERNAL_HASH_TABLES                        |
    -> | XTRADB_INTERNAL_HASH_TABLES                        |
    -> | INNODB_SYS_FIELDS                                  |
    -> | INNODB_SYS_FIELDS                                  |
    -> | INNODB_SYS_FIELDS                                  |
    -> | INNODB_CMPMEM_RESET                                |
    -> | INNODB_CMPMEM_RESET                                |
    -> | INNODB_CMPMEM_RESET                                |
    -> | INNODB_CMPMEM_RESET                                |
    -> | INNODB_CMPMEM_RESET                                |
    -> | INNODB_CMPMEM_RESET                                |
    -> | INNODB_CMP                                         |
    -> | INNODB_CMP                                         |
    -> | INNODB_CMP                                         |
    -> | INNODB_CMP                                         |
    -> | INNODB_CMP                                         |
    -> | INNODB_CMP                                         |
    -> | INNODB_FT_INDEX_TABLE                              |
    -> | INNODB_FT_INDEX_TABLE                              |
    -> | INNODB_FT_INDEX_TABLE                              |
    -> | INNODB_FT_INDEX_TABLE                              |
    -> | INNODB_FT_INDEX_TABLE                              |
    -> | INNODB_FT_INDEX_TABLE                              |
    -> | INNODB_SYS_TABLESPACES                             |
    -> | INNODB_SYS_TABLESPACES                             |
    -> | INNODB_SYS_TABLESPACES                             |
    -> | INNODB_SYS_TABLESPACES                             |
    -> | INNODB_SYS_TABLESPACES                             |
    -> | INNODB_SYS_TABLESPACES                             |
    -> | INNODB_SYS_TABLESPACES                             |
    -> | INNODB_MUTEXES                                     |
    -> | INNODB_MUTEXES                                     |
    -> | INNODB_MUTEXES                                     |
    -> | INNODB_MUTEXES                                     |
    -> | INNODB_BUFFER_PAGE_LRU                             |
    -> | INNODB_BUFFER_PAGE_LRU                             |
    -> | INNODB_BUFFER_PAGE_LRU                             |
    -> | INNODB_BUFFER_PAGE_LRU                             |
    -> | INNODB_BUFFER_PAGE_LRU                             |
    -> | INNODB_BUFFER_PAGE_LRU                             |
    -> | INNODB_BUFFER_PAGE_LRU                             |
    -> | INNODB_BUFFER_PAGE_LRU                             |
    -> | INNODB_BUFFER_PAGE_LRU                             |
    -> | INNODB_BUFFER_PAGE_LRU                             |
    -> | INNODB_BUFFER_PAGE_LRU                             |
    -> | INNODB_BUFFER_PAGE_LRU                             |
    -> | INNODB_BUFFER_PAGE_LRU                             |
    -> | INNODB_BUFFER_PAGE_LRU                             |
    -> | INNODB_BUFFER_PAGE_LRU                             |
    -> | INNODB_BUFFER_PAGE_LRU                             |
    -> | INNODB_BUFFER_PAGE_LRU                             |
    -> | INNODB_BUFFER_PAGE_LRU                             |
    -> | INNODB_BUFFER_PAGE_LRU                             |
    -> | INNODB_BUFFER_PAGE_LRU                             |
    -> | INNODB_SYS_FOREIGN_COLS                            |
    -> | INNODB_SYS_FOREIGN_COLS                            |
    -> | INNODB_SYS_FOREIGN_COLS                            |
    -> | INNODB_SYS_FOREIGN_COLS                            |
    -> | INNODB_CMP_RESET                                   |
    -> | INNODB_CMP_RESET                                   |
    -> | INNODB_CMP_RESET                                   |
    -> | INNODB_CMP_RESET                                   |
    -> | INNODB_CMP_RESET                                   |
    -> | INNODB_CMP_RESET                                   |
    -> | INNODB_BUFFER_POOL_STATS                           |
    -> | INNODB_BUFFER_POOL_STATS                           |
    -> | INNODB_BUFFER_POOL_STATS                           |
    -> | INNODB_BUFFER_POOL_STATS                           |
    -> | INNODB_BUFFER_POOL_STATS                           |
    -> | INNODB_BUFFER_POOL_STATS                           |
    -> | INNODB_BUFFER_POOL_STATS                           |
    -> | INNODB_BUFFER_POOL_STATS                           |
    -> | INNODB_BUFFER_POOL_STATS                           |
    -> | INNODB_BUFFER_POOL_STATS                           |
    -> | INNODB_BUFFER_POOL_STATS                           |
    -> | INNODB_BUFFER_POOL_STATS                           |
    -> | INNODB_BUFFER_POOL_STATS                           |
    -> | INNODB_BUFFER_POOL_STATS                           |
    -> | INNODB_BUFFER_POOL_STATS                           |
    -> | INNODB_BUFFER_POOL_STATS                           |
    -> | INNODB_BUFFER_POOL_STATS                           |
    -> | INNODB_BUFFER_POOL_STATS                           |
    -> | INNODB_BUFFER_POOL_STATS                           |
    -> | INNODB_BUFFER_POOL_STATS                           |
    -> | INNODB_BUFFER_POOL_STATS                           |
    -> | INNODB_BUFFER_POOL_STATS                           |
    -> | INNODB_BUFFER_POOL_STATS                           |
    -> | INNODB_BUFFER_POOL_STATS                           |
    -> | INNODB_BUFFER_POOL_STATS                           |
    -> | INNODB_BUFFER_POOL_STATS                           |
    -> | INNODB_BUFFER_POOL_STATS                           |
    -> | INNODB_BUFFER_POOL_STATS                           |
    -> | INNODB_BUFFER_POOL_STATS                           |
    -> | INNODB_BUFFER_POOL_STATS                           |
    -> | INNODB_BUFFER_POOL_STATS                           |
    -> | INNODB_BUFFER_POOL_STATS                           |
    -> | INNODB_FT_INDEX_CACHE                              |
    -> | INNODB_FT_INDEX_CACHE                              |
    -> | INNODB_FT_INDEX_CACHE                              |
    -> | INNODB_FT_INDEX_CACHE                              |
    -> | INNODB_FT_INDEX_CACHE                              |
    -> | INNODB_FT_INDEX_CACHE                              |
    -> | INNODB_SYS_FOREIGN                                 |
    -> | INNODB_SYS_FOREIGN                                 |
    -> | INNODB_SYS_FOREIGN                                 |
    -> | INNODB_SYS_FOREIGN                                 |
    -> | INNODB_SYS_FOREIGN                                 |
    -> | INNODB_METRICS                                     |
    -> | INNODB_METRICS                                     |
    -> | INNODB_METRICS                                     |
    -> | INNODB_METRICS                                     |
    -> | INNODB_METRICS                                     |
    -> | INNODB_METRICS                                     |
    -> | INNODB_METRICS                                     |
    -> | INNODB_METRICS                                     |
    -> | INNODB_METRICS                                     |
    -> | INNODB_METRICS                                     |
    -> | INNODB_METRICS                                     |
    -> | INNODB_METRICS                                     |
    -> | INNODB_METRICS                                     |
    -> | INNODB_METRICS                                     |
    -> | INNODB_METRICS                                     |
    -> | INNODB_METRICS                                     |
    -> | INNODB_METRICS                                     |
    -> | INNODB_FT_DEFAULT_STOPWORD                         |
    -> | INNODB_CMPMEM                                      |
    -> | INNODB_CMPMEM                                      |
    -> | INNODB_CMPMEM                                      |
    -> | INNODB_CMPMEM                                      |
    -> | INNODB_CMPMEM                                      |
    -> | INNODB_CMPMEM                                      |
    -> | INNODB_SYS_TABLES                                  |
    -> | INNODB_SYS_TABLES                                  |
    -> | INNODB_SYS_TABLES                                  |
    -> | INNODB_SYS_TABLES                                  |
    -> | INNODB_SYS_TABLES                                  |
    -> | INNODB_SYS_TABLES                                  |
    -> | INNODB_SYS_TABLES                                  |
    -> | INNODB_SYS_TABLES                                  |
    -> | INNODB_SYS_COLUMNS                                 |
    -> | INNODB_SYS_COLUMNS                                 |
    -> | INNODB_SYS_COLUMNS                                 |
    -> | INNODB_SYS_COLUMNS                                 |
    -> | INNODB_SYS_COLUMNS                                 |
    -> | INNODB_SYS_COLUMNS                                 |
    -> | INNODB_FT_CONFIG                                   |
    -> | INNODB_FT_CONFIG                                   |
    -> | INNODB_BUFFER_PAGE                                 |
    -> | INNODB_BUFFER_PAGE                                 |
    -> | INNODB_BUFFER_PAGE                                 |
    -> | INNODB_BUFFER_PAGE                                 |
    -> | INNODB_BUFFER_PAGE                                 |
    -> | INNODB_BUFFER_PAGE                                 |
    -> | INNODB_BUFFER_PAGE                                 |
    -> | INNODB_BUFFER_PAGE                                 |
    -> | INNODB_BUFFER_PAGE                                 |
    -> | INNODB_BUFFER_PAGE                                 |
    -> | INNODB_BUFFER_PAGE                                 |
    -> | INNODB_BUFFER_PAGE                                 |
    -> | INNODB_BUFFER_PAGE                                 |
    -> | INNODB_BUFFER_PAGE                                 |
    -> | INNODB_BUFFER_PAGE                                 |
    -> | INNODB_BUFFER_PAGE                                 |
    -> | INNODB_BUFFER_PAGE                                 |
    -> | INNODB_BUFFER_PAGE                                 |
    -> | INNODB_BUFFER_PAGE                                 |
    -> | INNODB_BUFFER_PAGE                                 |
    -> | INNODB_CMP_PER_INDEX_RESET                         |
    -> | INNODB_CMP_PER_INDEX_RESET                         |
    -> | INNODB_CMP_PER_INDEX_RESET                         |
    -> | INNODB_CMP_PER_INDEX_RESET                         |
    -> | INNODB_CMP_PER_INDEX_RESET                         |
    -> | INNODB_CMP_PER_INDEX_RESET                         |
    -> | INNODB_CMP_PER_INDEX_RESET                         |
    -> | INNODB_CMP_PER_INDEX_RESET                         |
    -> | XTRADB_READ_VIEW                                   |
    -> | XTRADB_READ_VIEW                                   |
    -> | XTRADB_READ_VIEW                                   |
    -> | XTRADB_READ_VIEW                                   |
    -> | INNODB_SYS_SEMAPHORE_WAITS                         |
    -> | INNODB_SYS_SEMAPHORE_WAITS                         |
    -> | INNODB_SYS_SEMAPHORE_WAITS                         |
    -> | INNODB_SYS_SEMAPHORE_WAITS                         |
    -> | INNODB_SYS_SEMAPHORE_WAITS                         |
    -> | INNODB_SYS_SEMAPHORE_WAITS                         |
    -> | INNODB_SYS_SEMAPHORE_WAITS                         |
    -> | INNODB_SYS_SEMAPHORE_WAITS                         |
    -> | INNODB_SYS_SEMAPHORE_WAITS                         |
    -> | INNODB_SYS_SEMAPHORE_WAITS                         |
    -> | INNODB_SYS_SEMAPHORE_WAITS                         |
    -> | INNODB_SYS_SEMAPHORE_WAITS                         |
    -> | INNODB_SYS_SEMAPHORE_WAITS                         |
    -> | INNODB_SYS_SEMAPHORE_WAITS                         |
    -> | INNODB_SYS_SEMAPHORE_WAITS                         |
    -> | INNODB_SYS_SEMAPHORE_WAITS                         |
    -> | INNODB_SYS_SEMAPHORE_WAITS                         |
    -> | INNODB_SYS_SEMAPHORE_WAITS                         |
    -> | INNODB_SYS_SEMAPHORE_WAITS                         |
    -> | INNODB_SYS_SEMAPHORE_WAITS                         |
    -> | INNODB_SYS_SEMAPHORE_WAITS                         |
    -> | INNODB_SYS_SEMAPHORE_WAITS                         |
    -> | INNODB_CHANGED_PAGES                               |
    -> | INNODB_CHANGED_PAGES                               |
    -> | INNODB_CHANGED_PAGES                               |
    -> | INNODB_CHANGED_PAGES                               |
    -> | INNODB_FT_DELETED                                  |
    -> | INNODB_TABLESPACES_SCRUBBING                       |
    -> | INNODB_TABLESPACES_SCRUBBING                       |
    -> | INNODB_TABLESPACES_SCRUBBING                       |
    -> | INNODB_TABLESPACES_SCRUBBING                       |
    -> | INNODB_TABLESPACES_SCRUBBING                       |
    -> | INNODB_TABLESPACES_SCRUBBING                       |
    -> | INNODB_TABLESPACES_SCRUBBING                       |
    -> | INNODB_TABLESPACES_SCRUBBING                       |
    -> | column_stats                                       |
    -> | column_stats                                       |
    -> | column_stats                                       |
    -> | column_stats                                       |
    -> | column_stats                                       |
    -> | column_stats                                       |
    -> | column_stats                                       |
    -> | column_stats                                       |
    -> | column_stats                                       |
    -> | column_stats                                       |
    -> | column_stats                                       |
    -> | columns_priv                                       |
    -> | columns_priv                                       |
    -> | columns_priv                                       |
    -> | columns_priv                                       |
    -> | columns_priv                                       |
    -> | columns_priv                                       |
    -> | columns_priv                                       |
    -> | db                                                 |
    -> | db                                                 |
    -> | db                                                 |
    -> | db                                                 |
    -> | db                                                 |
    -> | db                                                 |
    -> | db                                                 |
    -> | db                                                 |
    -> | db                                                 |
    -> | db                                                 |
    -> | db                                                 |
    -> | db                                                 |
    -> | db                                                 |
    -> | db                                                 |
    -> | db                                                 |
    -> | db                                                 |
    -> | db                                                 |
    -> | db                                                 |
    -> | db                                                 |
    -> | db                                                 |
    -> | db                                                 |
    -> | db                                                 |
    -> | event                                              |
    -> | event                                              |
    -> | event                                              |
    -> | event                                              |
    -> | event                                              |
    -> | event                                              |
    -> | event                                              |
    -> | event                                              |
    -> | event                                              |
    -> | event                                              |
    -> | event                                              |
    -> | event                                              |
    -> | event                                              |
    -> | event                                              |
    -> | event                                              |
    -> | event                                              |
    -> | event                                              |
    -> | event                                              |
    -> | event                                              |
    -> | event                                              |
    -> | event                                              |
    -> | event                                              |
    -> | func                                               |
    -> | func                                               |
    -> | func                                               |
    -> | func                                               |
    -> | general_log                                        |
    -> | general_log                                        |
    -> | general_log                                        |
    -> | general_log                                        |
    -> | general_log                                        |
    -> | general_log                                        |
    -> | gtid_slave_pos                                     |
    -> | gtid_slave_pos                                     |
    -> | gtid_slave_pos                                     |
    -> | gtid_slave_pos                                     |
    -> | help_category                                      |
    -> | help_category                                      |
    -> | help_category                                      |
    -> | help_category                                      |
    -> | help_keyword                                       |
    -> | help_keyword                                       |
    -> | help_relation                                      |
    -> | help_relation                                      |
    -> | help_topic                                         |
    -> | help_topic                                         |
    -> | help_topic                                         |
    -> | help_topic                                         |
    -> | help_topic                                         |
    -> | help_topic                                         |
    -> | host                                               |
    -> | host                                               |
    -> | host                                               |
    -> | host                                               |
    -> | host                                               |
    -> | host                                               |
    -> | host                                               |
    -> | host                                               |
    -> | host                                               |
    -> | host                                               |
    -> | host                                               |
    -> | host                                               |
    -> | host                                               |
    -> | host                                               |
    -> | host                                               |
    -> | host                                               |
    -> | host                                               |
    -> | host                                               |
    -> | host                                               |
    -> | host                                               |
    -> | index_stats                                        |
    -> | index_stats                                        |
    -> | index_stats                                        |
    -> | index_stats                                        |
    -> | index_stats                                        |
    -> | innodb_index_stats                                 |
    -> | innodb_index_stats                                 |
    -> | innodb_index_stats                                 |
    -> | innodb_index_stats                                 |
    -> | innodb_index_stats                                 |
    -> | innodb_index_stats                                 |
    -> | innodb_index_stats                                 |
    -> | innodb_index_stats                                 |
    -> | innodb_table_stats                                 |
    -> | innodb_table_stats                                 |
    -> | innodb_table_stats                                 |
    -> | innodb_table_stats                                 |
    -> | innodb_table_stats                                 |
    -> | innodb_table_stats                                 |
    -> | ndb_binlog_index                                   |
    -> | ndb_binlog_index                                   |
    -> | ndb_binlog_index                                   |
    -> | ndb_binlog_index                                   |
    -> | ndb_binlog_index                                   |
    -> | ndb_binlog_index                                   |
    -> | ndb_binlog_index                                   |
    -> | ndb_binlog_index                                   |
    -> | ndb_binlog_index                                   |
    -> | ndb_binlog_index                                   |
    -> | plugin                                             |
    -> | plugin                                             |
    -> | proc                                               |
    -> | proc                                               |
    -> | proc                                               |
    -> | proc                                               |
    -> | proc                                               |
    -> | proc                                               |
    -> | proc                                               |
    -> | proc                                               |
    -> | proc                                               |
    -> | proc                                               |
    -> | proc                                               |
    -> | proc                                               |
    -> | proc                                               |
    -> | proc                                               |
    -> | proc                                               |
    -> | proc                                               |
    -> | proc                                               |
    -> | proc                                               |
    -> | proc                                               |
    -> | proc                                               |
    -> | procs_priv                                         |
    -> | procs_priv                                         |
    -> | procs_priv                                         |
    -> | procs_priv                                         |
    -> | procs_priv                                         |
    -> | procs_priv                                         |
    -> | procs_priv                                         |
    -> | procs_priv                                         |
    -> | proxies_priv                                       |
    -> | proxies_priv                                       |
    -> | proxies_priv                                       |
    -> | proxies_priv                                       |
    -> | proxies_priv                                       |
    -> | proxies_priv                                       |
    -> | proxies_priv                                       |
    -> | roles_mapping                                      |
    -> | roles_mapping                                      |
    -> | roles_mapping                                      |
    -> | roles_mapping                                      |
    -> | servers                                            |
    -> | servers                                            |
    -> | servers                                            |
    -> | servers                                            |
    -> | servers                                            |
    -> | servers                                            |
    -> | servers                                            |
    -> | servers                                            |
    -> | servers                                            |
    -> | slave_master_info                                  |
    -> | slave_master_info                                  |
    -> | slave_master_info                                  |
    -> | slave_master_info                                  |
    -> | slave_master_info                                  |
    -> | slave_master_info                                  |
    -> | slave_master_info                                  |
    -> | slave_master_info                                  |
    -> | slave_master_info                                  |
    -> | slave_master_info                                  |
    -> | slave_master_info                                  |
    -> | slave_master_info                                  |
    -> | slave_master_info                                  |
    -> | slave_master_info                                  |
    -> | slave_master_info                                  |
    -> | slave_master_info                                  |
    -> | slave_master_info                                  |
    -> | slave_master_info                                  |
    -> | slave_master_info                                  |
    -> | slave_master_info                                  |
    -> | slave_master_info                                  |
    -> | slave_master_info                                  |
    -> | slave_master_info                                  |
    -> | slave_relay_log_info                               |
    -> | slave_relay_log_info                               |
    -> | slave_relay_log_info                               |
    -> | slave_relay_log_info                               |
    -> | slave_relay_log_info                               |
    -> | slave_relay_log_info                               |
    -> | slave_relay_log_info                               |
    -> | slave_relay_log_info                               |
    -> | slave_worker_info                                  |
    -> | slave_worker_info                                  |
    -> | slave_worker_info                                  |
    -> | slave_worker_info                                  |
    -> | slave_worker_info                                  |
    -> | slave_worker_info                                  |
    -> | slave_worker_info                                  |
    -> | slave_worker_info                                  |
    -> | slave_worker_info                                  |
    -> | slave_worker_info                                  |
    -> | slave_worker_info                                  |
    -> | slave_worker_info                                  |
    -> | slow_log                                           |
    -> | slow_log                                           |
    -> | slow_log                                           |
    -> | slow_log                                           |
    -> | slow_log                                           |
    -> | slow_log                                           |
    -> | slow_log                                           |
    -> | slow_log                                           |
    -> | slow_log                                           |
    -> | slow_log                                           |
    -> | slow_log                                           |
    -> | slow_log                                           |
    -> | slow_log                                           |
    -> | table_stats                                        |
    -> | table_stats                                        |
    -> | table_stats                                        |
    -> | tables_priv                                        |
    -> | tables_priv                                        |
    -> | tables_priv                                        |
    -> | tables_priv                                        |
    -> | tables_priv                                        |
    -> | tables_priv                                        |
    -> | tables_priv                                        |
    -> | tables_priv                                        |
    -> | time_zone                                          |
    -> | time_zone                                          |
    -> | time_zone_leap_second                              |
    -> | time_zone_leap_second                              |
    -> | time_zone_name                                     |
    -> | time_zone_name                                     |
    -> | time_zone_transition                               |
    -> | time_zone_transition                               |
    -> | time_zone_transition                               |
    -> | time_zone_transition_type                          |
    -> | time_zone_transition_type                          |
    -> | time_zone_transition_type                          |
    -> | time_zone_transition_type                          |
    -> | time_zone_transition_type                          |
    -> | user                                               |
    -> | user                                               |
    -> | user                                               |
    -> | user                                               |
    -> | user                                               |
    -> | user                                               |
    -> | user                                               |
    -> | user                                               |
    -> | user                                               |
    -> | user                                               |
    -> | user                                               |
    -> | user                                               |
    -> | user                                               |
    -> | user                                               |
    -> | user                                               |
    -> | user                                               |
    -> | user                                               |
    -> | user                                               |
    -> | user                                               |
    -> | user                                               |
    -> | user                                               |
    -> | user                                               |
    -> | user                                               |
    -> | user                                               |
    -> | user                                               |
    -> | user                                               |
    -> | user                                               |
    -> | user                                               |
    -> | user                                               |
    -> | user                                               |
    -> | user                                               |
    -> | user                                               |
    -> | user                                               |
    -> | user                                               |
    -> | user                                               |
    -> | user                                               |
    -> | user                                               |
    -> | user                                               |
    -> | user                                               |
    -> | user                                               |
    -> | user                                               |
    -> | user                                               |
    -> | user                                               |
    -> | user                                               |
    -> | user                                               |
    -> | user                                               |
    -> | locations                                          |
    -> | locations                                          |
    -> | manufacturers                                      |
    -> | manufacturers                                      |
    -> | pet                                                |
    -> | pet                                                |
    -> | pet                                                |
    -> | pet                                                |
    -> | pet                                                |
    -> | pet                                                |
    -> | products                                           |
    -> | products                                           |
    -> | products                                           |
    -> | products                                           |
    -> | student                                            |
    -> | student                                            |
    -> | student                                            |
    -> | student                                            |
    -> | student                                            |
    -> | student                                            |
    -> | student                                            |
    -> | student                                            |
    -> | student                                            |
    -> | student                                            |
    -> | student                                            |
    -> | student                                            |
    -> | student                                            |
    -> | student                                            |
    -> | t1                                                 |
    -> | t1                                                 |
    -> | accounts                                           |
    -> | accounts                                           |
    -> | accounts                                           |
    -> | accounts                                           |
    -> | cond_instances                                     |
    -> | cond_instances                                     |
    -> | events_stages_current                              |
    -> | events_stages_current                              |
    -> | events_stages_current                              |
    -> | events_stages_current                              |
    -> | events_stages_current                              |
    -> | events_stages_current                              |
    -> | events_stages_current                              |
    -> | events_stages_current                              |
    -> | events_stages_current                              |
    -> | events_stages_current                              |
    -> | events_stages_history                              |
    -> | events_stages_history                              |
    -> | events_stages_history                              |
    -> | events_stages_history                              |
    -> | events_stages_history                              |
    -> | events_stages_history                              |
    -> | events_stages_history                              |
    -> | events_stages_history                              |
    -> | events_stages_history                              |
    -> | events_stages_history                              |
    -> | events_stages_history_long                         |
    -> | events_stages_history_long                         |
    -> | events_stages_history_long                         |
    -> | events_stages_history_long                         |
    -> | events_stages_history_long                         |
    -> | events_stages_history_long                         |
    -> | events_stages_history_long                         |
    -> | events_stages_history_long                         |
    -> | events_stages_history_long                         |
    -> | events_stages_history_long                         |
    -> | events_stages_summary_by_account_by_event_name     |
    -> | events_stages_summary_by_account_by_event_name     |
    -> | events_stages_summary_by_account_by_event_name     |
    -> | events_stages_summary_by_account_by_event_name     |
    -> | events_stages_summary_by_account_by_event_name     |
    -> | events_stages_summary_by_account_by_event_name     |
    -> | events_stages_summary_by_account_by_event_name     |
    -> | events_stages_summary_by_account_by_event_name     |
    -> | events_stages_summary_by_host_by_event_name        |
    -> | events_stages_summary_by_host_by_event_name        |
    -> | events_stages_summary_by_host_by_event_name        |
    -> | events_stages_summary_by_host_by_event_name        |
    -> | events_stages_summary_by_host_by_event_name        |
    -> | events_stages_summary_by_host_by_event_name        |
    -> | events_stages_summary_by_host_by_event_name        |
    -> | events_stages_summary_by_thread_by_event_name      |
    -> | events_stages_summary_by_thread_by_event_name      |
    -> | events_stages_summary_by_thread_by_event_name      |
    -> | events_stages_summary_by_thread_by_event_name      |
    -> | events_stages_summary_by_thread_by_event_name      |
    -> | events_stages_summary_by_thread_by_event_name      |
    -> | events_stages_summary_by_thread_by_event_name      |
    -> | events_stages_summary_by_user_by_event_name        |
    -> | events_stages_summary_by_user_by_event_name        |
    -> | events_stages_summary_by_user_by_event_name        |
    -> | events_stages_summary_by_user_by_event_name        |
    -> | events_stages_summary_by_user_by_event_name        |
    -> | events_stages_summary_by_user_by_event_name        |
    -> | events_stages_summary_by_user_by_event_name        |
    -> | events_stages_summary_global_by_event_name         |
    -> | events_stages_summary_global_by_event_name         |
    -> | events_stages_summary_global_by_event_name         |
    -> | events_stages_summary_global_by_event_name         |
    -> | events_stages_summary_global_by_event_name         |
    -> | events_stages_summary_global_by_event_name         |
    -> | events_statements_current                          |
    -> | events_statements_current                          |
    -> | events_statements_current                          |
    -> | events_statements_current                          |
    -> | events_statements_current                          |
    -> | events_statements_current                          |
    -> | events_statements_current                          |
    -> | events_statements_current                          |
    -> | events_statements_current                          |
    -> | events_statements_current                          |
    -> | events_statements_current                          |
    -> | events_statements_current                          |
    -> | events_statements_current                          |
    -> | events_statements_current                          |
    -> | events_statements_current                          |
    -> | events_statements_current                          |
    -> | events_statements_current                          |
    -> | events_statements_current                          |
    -> | events_statements_current                          |
    -> | events_statements_current                          |
    -> | events_statements_current                          |
    -> | events_statements_current                          |
    -> | events_statements_current                          |
    -> | events_statements_current                          |
    -> | events_statements_current                          |
    -> | events_statements_current                          |
    -> | events_statements_current                          |
    -> | events_statements_current                          |
    -> | events_statements_current                          |
    -> | events_statements_current                          |
    -> | events_statements_current                          |
    -> | events_statements_current                          |
    -> | events_statements_current                          |
    -> | events_statements_current                          |
    -> | events_statements_current                          |
    -> | events_statements_current                          |
    -> | events_statements_current                          |
    -> | events_statements_current                          |
    -> | events_statements_current                          |
    -> | events_statements_current                          |
    -> | events_statements_history                          |
    -> | events_statements_history                          |
    -> | events_statements_history                          |
    -> | events_statements_history                          |
    -> | events_statements_history                          |
    -> | events_statements_history                          |
    -> | events_statements_history                          |
    -> | events_statements_history                          |
    -> | events_statements_history                          |
    -> | events_statements_history                          |
    -> | events_statements_history                          |
    -> | events_statements_history                          |
    -> | events_statements_history                          |
    -> | events_statements_history                          |
    -> | events_statements_history                          |
    -> | events_statements_history                          |
    -> | events_statements_history                          |
    -> | events_statements_history                          |
    -> | events_statements_history                          |
    -> | events_statements_history                          |
    -> | events_statements_history                          |
    -> | events_statements_history                          |
    -> | events_statements_history                          |
    -> | events_statements_history                          |
    -> | events_statements_history                          |
    -> | events_statements_history                          |
    -> | events_statements_history                          |
    -> | events_statements_history                          |
    -> | events_statements_history                          |
    -> | events_statements_history                          |
    -> | events_statements_history                          |
    -> | events_statements_history                          |
    -> | events_statements_history                          |
    -> | events_statements_history                          |
    -> | events_statements_history                          |
    -> | events_statements_history                          |
    -> | events_statements_history                          |
    -> | events_statements_history                          |
    -> | events_statements_history                          |
    -> | events_statements_history                          |
    -> | events_statements_history_long                     |
    -> | events_statements_history_long                     |
    -> | events_statements_history_long                     |
    -> | events_statements_history_long                     |
    -> | events_statements_history_long                     |
    -> | events_statements_history_long                     |
    -> | events_statements_history_long                     |
    -> | events_statements_history_long                     |
    -> | events_statements_history_long                     |
    -> | events_statements_history_long                     |
    -> | events_statements_history_long                     |
    -> | events_statements_history_long                     |
    -> | events_statements_history_long                     |
    -> | events_statements_history_long                     |
    -> | events_statements_history_long                     |
    -> | events_statements_history_long                     |
    -> | events_statements_history_long                     |
    -> | events_statements_history_long                     |
    -> | events_statements_history_long                     |
    -> | events_statements_history_long                     |
    -> | events_statements_history_long                     |
    -> | events_statements_history_long                     |
    -> | events_statements_history_long                     |
    -> | events_statements_history_long                     |
    -> | events_statements_history_long                     |
    -> | events_statements_history_long                     |
    -> | events_statements_history_long                     |
    -> | events_statements_history_long                     |
    -> | events_statements_history_long                     |
    -> | events_statements_history_long                     |
    -> | events_statements_history_long                     |
    -> | events_statements_history_long                     |
    -> | events_statements_history_long                     |
    -> | events_statements_history_long                     |
    -> | events_statements_history_long                     |
    -> | events_statements_history_long                     |
    -> | events_statements_history_long                     |
    -> | events_statements_history_long                     |
    -> | events_statements_history_long                     |
    -> | events_statements_history_long                     |
    -> | events_statements_summary_by_account_by_event_name |
    -> | events_statements_summary_by_account_by_event_name |
    -> | events_statements_summary_by_account_by_event_name |
    -> | events_statements_summary_by_account_by_event_name |
    -> | events_statements_summary_by_account_by_event_name |
    -> | events_statements_summary_by_account_by_event_name |
    -> | events_statements_summary_by_account_by_event_name |
    -> | events_statements_summary_by_account_by_event_name |
    -> | events_statements_summary_by_account_by_event_name |
    -> | events_statements_summary_by_account_by_event_name |
    -> | events_statements_summary_by_account_by_event_name |
    -> | events_statements_summary_by_account_by_event_name |
    -> | events_statements_summary_by_account_by_event_name |
    -> | events_statements_summary_by_account_by_event_name |
    -> | events_statements_summary_by_account_by_event_name |
    -> | events_statements_summary_by_account_by_event_name |
    -> | events_statements_summary_by_account_by_event_name |
    -> | events_statements_summary_by_account_by_event_name |
    -> | events_statements_summary_by_account_by_event_name |
    -> | events_statements_summary_by_account_by_event_name |
    -> | events_statements_summary_by_account_by_event_name |
    -> | events_statements_summary_by_account_by_event_name |
    -> | events_statements_summary_by_account_by_event_name |
    -> | events_statements_summary_by_account_by_event_name |
    -> | events_statements_summary_by_account_by_event_name |
    -> | events_statements_summary_by_account_by_event_name |
    -> | events_statements_summary_by_account_by_event_name |
    -> | events_statements_summary_by_digest                |
    -> | events_statements_summary_by_digest                |
    -> | events_statements_summary_by_digest                |
    -> | events_statements_summary_by_digest                |
    -> | events_statements_summary_by_digest                |
    -> | events_statements_summary_by_digest                |
    -> | events_statements_summary_by_digest                |
    -> | events_statements_summary_by_digest                |
    -> | events_statements_summary_by_digest                |
    -> | events_statements_summary_by_digest                |
    -> | events_statements_summary_by_digest                |
    -> | events_statements_summary_by_digest                |
    -> | events_statements_summary_by_digest                |
    -> | events_statements_summary_by_digest                |
    -> | events_statements_summary_by_digest                |
    -> | events_statements_summary_by_digest                |
    -> | events_statements_summary_by_digest                |
    -> | events_statements_summary_by_digest                |
    -> | events_statements_summary_by_digest                |
    -> | events_statements_summary_by_digest                |
    -> | events_statements_summary_by_digest                |
    -> | events_statements_summary_by_digest                |
    -> | events_statements_summary_by_digest                |
    -> | events_statements_summary_by_digest                |
    -> | events_statements_summary_by_digest                |
    -> | events_statements_summary_by_digest                |
    -> | events_statements_summary_by_digest                |
    -> | events_statements_summary_by_digest                |
    -> | events_statements_summary_by_digest                |
    -> | events_statements_summary_by_host_by_event_name    |
    -> | events_statements_summary_by_host_by_event_name    |
    -> | events_statements_summary_by_host_by_event_name    |
    -> | events_statements_summary_by_host_by_event_name    |
    -> | events_statements_summary_by_host_by_event_name    |
    -> | events_statements_summary_by_host_by_event_name    |
    -> | events_statements_summary_by_host_by_event_name    |
    -> | events_statements_summary_by_host_by_event_name    |
    -> | events_statements_summary_by_host_by_event_name    |
    -> | events_statements_summary_by_host_by_event_name    |
    -> | events_statements_summary_by_host_by_event_name    |
    -> | events_statements_summary_by_host_by_event_name    |
    -> | events_statements_summary_by_host_by_event_name    |
    -> | events_statements_summary_by_host_by_event_name    |
    -> | events_statements_summary_by_host_by_event_name    |
    -> | events_statements_summary_by_host_by_event_name    |
    -> | events_statements_summary_by_host_by_event_name    |
    -> | events_statements_summary_by_host_by_event_name    |
    -> | events_statements_summary_by_host_by_event_name    |
    -> | events_statements_summary_by_host_by_event_name    |
    -> | events_statements_summary_by_host_by_event_name    |
    -> | events_statements_summary_by_host_by_event_name    |
    -> | events_statements_summary_by_host_by_event_name    |
    -> | events_statements_summary_by_host_by_event_name    |
    -> | events_statements_summary_by_host_by_event_name    |
    -> | events_statements_summary_by_host_by_event_name    |
    -> | events_statements_summary_by_thread_by_event_name  |
    -> | events_statements_summary_by_thread_by_event_name  |
    -> | events_statements_summary_by_thread_by_event_name  |
    -> | events_statements_summary_by_thread_by_event_name  |
    -> | events_statements_summary_by_thread_by_event_name  |
    -> | events_statements_summary_by_thread_by_event_name  |
    -> | events_statements_summary_by_thread_by_event_name  |
    -> | events_statements_summary_by_thread_by_event_name  |
    -> | events_statements_summary_by_thread_by_event_name  |
    -> | events_statements_summary_by_thread_by_event_name  |
    -> | events_statements_summary_by_thread_by_event_name  |
    -> | events_statements_summary_by_thread_by_event_name  |
    -> | events_statements_summary_by_thread_by_event_name  |
    -> | events_statements_summary_by_thread_by_event_name  |
    -> | events_statements_summary_by_thread_by_event_name  |
    -> | events_statements_summary_by_thread_by_event_name  |
    -> | events_statements_summary_by_thread_by_event_name  |
    -> | events_statements_summary_by_thread_by_event_name  |
    -> | events_statements_summary_by_thread_by_event_name  |
    -> | events_statements_summary_by_thread_by_event_name  |
    -> | events_statements_summary_by_thread_by_event_name  |
    -> | events_statements_summary_by_thread_by_event_name  |
    -> | events_statements_summary_by_thread_by_event_name  |
    -> | events_statements_summary_by_thread_by_event_name  |
    -> | events_statements_summary_by_thread_by_event_name  |
    -> | events_statements_summary_by_thread_by_event_name  |
    -> | events_statements_summary_by_user_by_event_name    |
    -> | events_statements_summary_by_user_by_event_name    |
    -> | events_statements_summary_by_user_by_event_name    |
    -> | events_statements_summary_by_user_by_event_name    |
    -> | events_statements_summary_by_user_by_event_name    |
    -> | events_statements_summary_by_user_by_event_name    |
    -> | events_statements_summary_by_user_by_event_name    |
    -> | events_statements_summary_by_user_by_event_name    |
    -> | events_statements_summary_by_user_by_event_name    |
    -> | events_statements_summary_by_user_by_event_name    |
    -> | events_statements_summary_by_user_by_event_name    |
    -> | events_statements_summary_by_user_by_event_name    |
    -> | events_statements_summary_by_user_by_event_name    |
    -> | events_statements_summary_by_user_by_event_name    |
    -> | events_statements_summary_by_user_by_event_name    |
    -> | events_statements_summary_by_user_by_event_name    |
    -> | events_statements_summary_by_user_by_event_name    |
    -> | events_statements_summary_by_user_by_event_name    |
    -> | events_statements_summary_by_user_by_event_name    |
    -> | events_statements_summary_by_user_by_event_name    |
    -> | events_statements_summary_by_user_by_event_name    |
    -> | events_statements_summary_by_user_by_event_name    |
    -> | events_statements_summary_by_user_by_event_name    |
    -> | events_statements_summary_by_user_by_event_name    |
    -> | events_statements_summary_by_user_by_event_name    |
    -> | events_statements_summary_by_user_by_event_name    |
    -> | events_statements_summary_global_by_event_name     |
    -> | events_statements_summary_global_by_event_name     |
    -> | events_statements_summary_global_by_event_name     |
    -> | events_statements_summary_global_by_event_name     |
    -> | events_statements_summary_global_by_event_name     |
    -> | events_statements_summary_global_by_event_name     |
    -> | events_statements_summary_global_by_event_name     |
    -> | events_statements_summary_global_by_event_name     |
    -> | events_statements_summary_global_by_event_name     |
    -> | events_statements_summary_global_by_event_name     |
    -> | events_statements_summary_global_by_event_name     |
    -> | events_statements_summary_global_by_event_name     |
    -> | events_statements_summary_global_by_event_name     |
    -> | events_statements_summary_global_by_event_name     |
    -> | events_statements_summary_global_by_event_name     |
    -> | events_statements_summary_global_by_event_name     |
    -> | events_statements_summary_global_by_event_name     |
    -> | events_statements_summary_global_by_event_name     |
    -> | events_statements_summary_global_by_event_name     |
    -> | events_statements_summary_global_by_event_name     |
    -> | events_statements_summary_global_by_event_name     |
    -> | events_statements_summary_global_by_event_name     |
    -> | events_statements_summary_global_by_event_name     |
    -> | events_statements_summary_global_by_event_name     |
    -> | events_statements_summary_global_by_event_name     |
    -> | events_waits_current                               |
    -> | events_waits_current                               |
    -> | events_waits_current                               |
    -> | events_waits_current                               |
    -> | events_waits_current                               |
    -> | events_waits_current                               |
    -> | events_waits_current                               |
    -> | events_waits_current                               |
    -> | events_waits_current                               |
    -> | events_waits_current                               |
    -> | events_waits_current                               |
    -> | events_waits_current                               |
    -> | events_waits_current                               |
    -> | events_waits_current                               |
    -> | events_waits_current                               |
    -> | events_waits_current                               |
    -> | events_waits_current                               |
    -> | events_waits_current                               |
    -> | events_waits_current                               |
    -> | events_waits_history                               |
    -> | events_waits_history                               |
    -> | events_waits_history                               |
    -> | events_waits_history                               |
    -> | events_waits_history                               |
    -> | events_waits_history                               |
    -> | events_waits_history                               |
    -> | events_waits_history                               |
    -> | events_waits_history                               |
    -> | events_waits_history                               |
    -> | events_waits_history                               |
    -> | events_waits_history                               |
    -> | events_waits_history                               |
    -> | events_waits_history                               |
    -> | events_waits_history                               |
    -> | events_waits_history                               |
    -> | events_waits_history                               |
    -> | events_waits_history                               |
    -> | events_waits_history                               |
    -> | events_waits_history_long                          |
    -> | events_waits_history_long                          |
    -> | events_waits_history_long                          |
    -> | events_waits_history_long                          |
    -> | events_waits_history_long                          |
    -> | events_waits_history_long                          |
    -> | events_waits_history_long                          |
    -> | events_waits_history_long                          |
    -> | events_waits_history_long                          |
    -> | events_waits_history_long                          |
    -> | events_waits_history_long                          |
    -> | events_waits_history_long                          |
    -> | events_waits_history_long                          |
    -> | events_waits_history_long                          |
    -> | events_waits_history_long                          |
    -> | events_waits_history_long                          |
    -> | events_waits_history_long                          |
    -> | events_waits_history_long                          |
    -> | events_waits_history_long                          |
    -> | events_waits_summary_by_account_by_event_name      |
    -> | events_waits_summary_by_account_by_event_name      |
    -> | events_waits_summary_by_account_by_event_name      |
    -> | events_waits_summary_by_account_by_event_name      |
    -> | events_waits_summary_by_account_by_event_name      |
    -> | events_waits_summary_by_account_by_event_name      |
    -> | events_waits_summary_by_account_by_event_name      |
    -> | events_waits_summary_by_account_by_event_name      |
    -> | events_waits_summary_by_host_by_event_name         |
    -> | events_waits_summary_by_host_by_event_name         |
    -> | events_waits_summary_by_host_by_event_name         |
    -> | events_waits_summary_by_host_by_event_name         |
    -> | events_waits_summary_by_host_by_event_name         |
    -> | events_waits_summary_by_host_by_event_name         |
    -> | events_waits_summary_by_host_by_event_name         |
    -> | events_waits_summary_by_instance                   |
    -> | events_waits_summary_by_instance                   |
    -> | events_waits_summary_by_instance                   |
    -> | events_waits_summary_by_instance                   |
    -> | events_waits_summary_by_instance                   |
    -> | events_waits_summary_by_instance                   |
    -> | events_waits_summary_by_instance                   |
    -> | events_waits_summary_by_thread_by_event_name       |
    -> | events_waits_summary_by_thread_by_event_name       |
    -> | events_waits_summary_by_thread_by_event_name       |
    -> | events_waits_summary_by_thread_by_event_name       |
    -> | events_waits_summary_by_thread_by_event_name       |
    -> | events_waits_summary_by_thread_by_event_name       |
    -> | events_waits_summary_by_thread_by_event_name       |
    -> | events_waits_summary_by_user_by_event_name         |
    -> | events_waits_summary_by_user_by_event_name         |
    -> | events_waits_summary_by_user_by_event_name         |
    -> | events_waits_summary_by_user_by_event_name         |
    -> | events_waits_summary_by_user_by_event_name         |
    -> | events_waits_summary_by_user_by_event_name         |
    -> | events_waits_summary_by_user_by_event_name         |
    -> | events_waits_summary_global_by_event_name          |
    -> | events_waits_summary_global_by_event_name          |
    -> | events_waits_summary_global_by_event_name          |
    -> | events_waits_summary_global_by_event_name          |
    -> | events_waits_summary_global_by_event_name          |
    -> | events_waits_summary_global_by_event_name          |
    -> | file_instances                                     |
    -> | file_instances                                     |
    -> | file_instances                                     |
    -> | file_summary_by_event_name                         |
    -> | file_summary_by_event_name                         |
    -> | file_summary_by_event_name                         |
    -> | file_summary_by_event_name                         |
    -> | file_summary_by_event_name                         |
    -> | file_summary_by_event_name                         |
    -> | file_summary_by_event_name                         |
    -> | file_summary_by_event_name                         |
    -> | file_summary_by_event_name                         |
    -> | file_summary_by_event_name                         |
    -> | file_summary_by_event_name                         |
    -> | file_summary_by_event_name                         |
    -> | file_summary_by_event_name                         |
    -> | file_summary_by_event_name                         |
    -> | file_summary_by_event_name                         |
    -> | file_summary_by_event_name                         |
    -> | file_summary_by_event_name                         |
    -> | file_summary_by_event_name                         |
    -> | file_summary_by_event_name                         |
    -> | file_summary_by_event_name                         |
    -> | file_summary_by_event_name                         |
    -> | file_summary_by_event_name                         |
    -> | file_summary_by_event_name                         |
    -> | file_summary_by_instance                           |
    -> | file_summary_by_instance                           |
    -> | file_summary_by_instance                           |
    -> | file_summary_by_instance                           |
    -> | file_summary_by_instance                           |
    -> | file_summary_by_instance                           |
    -> | file_summary_by_instance                           |
    -> | file_summary_by_instance                           |
    -> | file_summary_by_instance                           |
    -> | file_summary_by_instance                           |
    -> | file_summary_by_instance                           |
    -> | file_summary_by_instance                           |
    -> | file_summary_by_instance                           |
    -> | file_summary_by_instance                           |
    -> | file_summary_by_instance                           |
    -> | file_summary_by_instance                           |
    -> | file_summary_by_instance                           |
    -> | file_summary_by_instance                           |
    -> | file_summary_by_instance                           |
    -> | file_summary_by_instance                           |
    -> | file_summary_by_instance                           |
    -> | file_summary_by_instance                           |
    -> | file_summary_by_instance                           |
    -> | file_summary_by_instance                           |
    -> | file_summary_by_instance                           |
    -> | host_cache                                         |
    -> | host_cache                                         |
    -> | host_cache                                         |
    -> | host_cache                                         |
    -> | host_cache                                         |
    -> | host_cache                                         |
    -> | host_cache                                         |
    -> | host_cache                                         |
    -> | host_cache                                         |
    -> | host_cache                                         |
    -> | host_cache                                         |
    -> | host_cache                                         |
    -> | host_cache                                         |
    -> | host_cache                                         |
    -> | host_cache                                         |
    -> | host_cache                                         |
    -> | host_cache                                         |
    -> | host_cache                                         |
    -> | host_cache                                         |
    -> | host_cache                                         |
    -> | host_cache                                         |
    -> | host_cache                                         |
    -> | host_cache                                         |
    -> | host_cache                                         |
    -> | host_cache                                         |
    -> | host_cache                                         |
    -> | host_cache                                         |
    -> | host_cache                                         |
    -> | host_cache                                         |
    -> | hosts                                              |
    -> | hosts                                              |
    -> | hosts                                              |
    -> | mutex_instances                                    |
    -> | mutex_instances                                    |
    -> | mutex_instances                                    |
    -> | objects_summary_global_by_type                     |
    -> | objects_summary_global_by_type                     |
    -> | objects_summary_global_by_type                     |
    -> | objects_summary_global_by_type                     |
    -> | objects_summary_global_by_type                     |
    -> | objects_summary_global_by_type                     |
    -> | objects_summary_global_by_type                     |
    -> | objects_summary_global_by_type                     |
    -> | performance_timers                                 |
    -> | performance_timers                                 |
    -> | performance_timers                                 |
    -> | performance_timers                                 |
    -> | rwlock_instances                                   |
    -> | rwlock_instances                                   |
    -> | rwlock_instances                                   |
    -> | rwlock_instances                                   |
    -> | session_account_connect_attrs                      |
    -> | session_account_connect_attrs                      |
    -> | session_account_connect_attrs                      |
    -> | session_account_connect_attrs                      |
    -> | session_connect_attrs                              |
    -> | session_connect_attrs                              |
    -> | session_connect_attrs                              |
    -> | session_connect_attrs                              |
    -> | setup_actors                                       |
    -> | setup_actors                                       |
    -> | setup_actors                                       |
    -> | setup_consumers                                    |
    -> | setup_consumers                                    |
    -> | setup_instruments                                  |
    -> | setup_instruments                                  |
    -> | setup_instruments                                  |
    -> | setup_objects                                      |
    -> | setup_objects                                      |
    -> | setup_objects                                      |
    -> | setup_objects                                      |
    -> | setup_objects                                      |
    -> | setup_timers                                       |
    -> | setup_timers                                       |
    -> | socket_instances                                   |
    -> | socket_instances                                   |
    -> | socket_instances                                   |
    -> | socket_instances                                   |
    -> | socket_instances                                   |
    -> | socket_instances                                   |
    -> | socket_instances                                   |
    -> | socket_summary_by_event_name                       |
    -> | socket_summary_by_event_name                       |
    -> | socket_summary_by_event_name                       |
    -> | socket_summary_by_event_name                       |
    -> | socket_summary_by_event_name                       |
    -> | socket_summary_by_event_name                       |
    -> | socket_summary_by_event_name                       |
    -> | socket_summary_by_event_name                       |
    -> | socket_summary_by_event_name                       |
    -> | socket_summary_by_event_name                       |
    -> | socket_summary_by_event_name                       |
    -> | socket_summary_by_event_name                       |
    -> | socket_summary_by_event_name                       |
    -> | socket_summary_by_event_name                       |
    -> | socket_summary_by_event_name                       |
    -> | socket_summary_by_event_name                       |
    -> | socket_summary_by_event_name                       |
    -> | socket_summary_by_event_name                       |
    -> | socket_summary_by_event_name                       |
    -> | socket_summary_by_event_name                       |
    -> | socket_summary_by_event_name                       |
    -> | socket_summary_by_event_name                       |
    -> | socket_summary_by_event_name                       |
    -> | socket_summary_by_instance                         |
    -> | socket_summary_by_instance                         |
    -> | socket_summary_by_instance                         |
    -> | socket_summary_by_instance                         |
    -> | socket_summary_by_instance                         |
    -> | socket_summary_by_instance                         |
    -> | socket_summary_by_instance                         |
    -> | socket_summary_by_instance                         |
    -> | socket_summary_by_instance                         |
    -> | socket_summary_by_instance                         |
    -> | socket_summary_by_instance                         |
    -> | socket_summary_by_instance                         |
    -> | socket_summary_by_instance                         |
    -> | socket_summary_by_instance                         |
    -> | socket_summary_by_instance                         |
    -> | socket_summary_by_instance                         |
    -> | socket_summary_by_instance                         |
    -> | socket_summary_by_instance                         |
    -> | socket_summary_by_instance                         |
    -> | socket_summary_by_instance                         |
    -> | socket_summary_by_instance                         |
    -> | socket_summary_by_instance                         |
    -> | socket_summary_by_instance                         |
    -> | socket_summary_by_instance                         |
    -> | table_io_waits_summary_by_index_usage              |
    -> | table_io_waits_summary_by_index_usage              |
    -> | table_io_waits_summary_by_index_usage              |
    -> | table_io_waits_summary_by_index_usage              |
    -> | table_io_waits_summary_by_index_usage              |
    -> | table_io_waits_summary_by_index_usage              |
    -> | table_io_waits_summary_by_index_usage              |
    -> | table_io_waits_summary_by_index_usage              |
    -> | table_io_waits_summary_by_index_usage              |
    -> | table_io_waits_summary_by_index_usage              |
    -> | table_io_waits_summary_by_index_usage              |
    -> | table_io_waits_summary_by_index_usage              |
    -> | table_io_waits_summary_by_index_usage              |
    -> | table_io_waits_summary_by_index_usage              |
    -> | table_io_waits_summary_by_index_usage              |
    -> | table_io_waits_summary_by_index_usage              |
    -> | table_io_waits_summary_by_index_usage              |
    -> | table_io_waits_summary_by_index_usage              |
    -> | table_io_waits_summary_by_index_usage              |
    -> | table_io_waits_summary_by_index_usage              |
    -> | table_io_waits_summary_by_index_usage              |
    -> | table_io_waits_summary_by_index_usage              |
    -> | table_io_waits_summary_by_index_usage              |
    -> | table_io_waits_summary_by_index_usage              |
    -> | table_io_waits_summary_by_index_usage              |
    -> | table_io_waits_summary_by_index_usage              |
    -> | table_io_waits_summary_by_index_usage              |
    -> | table_io_waits_summary_by_index_usage              |
    -> | table_io_waits_summary_by_index_usage              |
    -> | table_io_waits_summary_by_index_usage              |
    -> | table_io_waits_summary_by_index_usage              |
    -> | table_io_waits_summary_by_index_usage              |
    -> | table_io_waits_summary_by_index_usage              |
    -> | table_io_waits_summary_by_index_usage              |
    -> | table_io_waits_summary_by_index_usage              |
    -> | table_io_waits_summary_by_index_usage              |
    -> | table_io_waits_summary_by_index_usage              |
    -> | table_io_waits_summary_by_index_usage              |
    -> | table_io_waits_summary_by_index_usage              |
    -> | table_io_waits_summary_by_table                    |
    -> | table_io_waits_summary_by_table                    |
    -> | table_io_waits_summary_by_table                    |
    -> | table_io_waits_summary_by_table                    |
    -> | table_io_waits_summary_by_table                    |
    -> | table_io_waits_summary_by_table                    |
    -> | table_io_waits_summary_by_table                    |
    -> | table_io_waits_summary_by_table                    |
    -> | table_io_waits_summary_by_table                    |
    -> | table_io_waits_summary_by_table                    |
    -> | table_io_waits_summary_by_table                    |
    -> | table_io_waits_summary_by_table                    |
    -> | table_io_waits_summary_by_table                    |
    -> | table_io_waits_summary_by_table                    |
    -> | table_io_waits_summary_by_table                    |
    -> | table_io_waits_summary_by_table                    |
    -> | table_io_waits_summary_by_table                    |
    -> | table_io_waits_summary_by_table                    |
    -> | table_io_waits_summary_by_table                    |
    -> | table_io_waits_summary_by_table                    |
    -> | table_io_waits_summary_by_table                    |
    -> | table_io_waits_summary_by_table                    |
    -> | table_io_waits_summary_by_table                    |
    -> | table_io_waits_summary_by_table                    |
    -> | table_io_waits_summary_by_table                    |
    -> | table_io_waits_summary_by_table                    |
    -> | table_io_waits_summary_by_table                    |
    -> | table_io_waits_summary_by_table                    |
    -> | table_io_waits_summary_by_table                    |
    -> | table_io_waits_summary_by_table                    |
    -> | table_io_waits_summary_by_table                    |
    -> | table_io_waits_summary_by_table                    |
    -> | table_io_waits_summary_by_table                    |
    -> | table_io_waits_summary_by_table                    |
    -> | table_io_waits_summary_by_table                    |
    -> | table_io_waits_summary_by_table                    |
    -> | table_io_waits_summary_by_table                    |
    -> | table_io_waits_summary_by_table                    |
    -> | table_lock_waits_summary_by_table                  |
    -> | table_lock_waits_summary_by_table                  |
    -> | table_lock_waits_summary_by_table                  |
    -> | table_lock_waits_summary_by_table                  |
    -> | table_lock_waits_summary_by_table                  |
    -> | table_lock_waits_summary_by_table                  |
    -> | table_lock_waits_summary_by_table                  |
    -> | table_lock_waits_summary_by_table                  |
    -> | table_lock_waits_summary_by_table                  |
    -> | table_lock_waits_summary_by_table                  |
    -> | table_lock_waits_summary_by_table                  |
    -> | table_lock_waits_summary_by_table                  |
    -> | table_lock_waits_summary_by_table                  |
    -> | table_lock_waits_summary_by_table                  |
    -> | table_lock_waits_summary_by_table                  |
    -> | table_lock_waits_summary_by_table                  |
    -> | table_lock_waits_summary_by_table                  |
    -> | table_lock_waits_summary_by_table                  |
    -> | table_lock_waits_summary_by_table                  |
    -> | table_lock_waits_summary_by_table                  |
    -> | table_lock_waits_summary_by_table                  |
    -> | table_lock_waits_summary_by_table                  |
    -> | table_lock_waits_summary_by_table                  |
    -> | table_lock_waits_summary_by_table                  |
    -> | table_lock_waits_summary_by_table                  |
    -> | table_lock_waits_summary_by_table                  |
    -> | table_lock_waits_summary_by_table                  |
    -> | table_lock_waits_summary_by_table                  |
    -> | table_lock_waits_summary_by_table                  |
    -> | table_lock_waits_summary_by_table                  |
    -> | table_lock_waits_summary_by_table                  |
    -> | table_lock_waits_summary_by_table                  |
    -> | table_lock_waits_summary_by_table                  |
    -> | table_lock_waits_summary_by_table                  |
    -> | table_lock_waits_summary_by_table                  |
    -> | table_lock_waits_summary_by_table                  |
    -> | table_lock_waits_summary_by_table                  |
    -> | table_lock_waits_summary_by_table                  |
    -> | table_lock_waits_summary_by_table                  |
    -> | table_lock_waits_summary_by_table                  |
    -> | table_lock_waits_summary_by_table                  |
    -> | table_lock_waits_summary_by_table                  |
    -> | table_lock_waits_summary_by_table                  |
    -> | table_lock_waits_summary_by_table                  |
    -> | table_lock_waits_summary_by_table                  |
    -> | table_lock_waits_summary_by_table                  |
    -> | table_lock_waits_summary_by_table                  |
    -> | table_lock_waits_summary_by_table                  |
    -> | table_lock_waits_summary_by_table                  |
    -> | table_lock_waits_summary_by_table                  |
    -> | table_lock_waits_summary_by_table                  |
    -> | table_lock_waits_summary_by_table                  |
    -> | table_lock_waits_summary_by_table                  |
    -> | table_lock_waits_summary_by_table                  |
    -> | table_lock_waits_summary_by_table                  |
    -> | table_lock_waits_summary_by_table                  |
    -> | table_lock_waits_summary_by_table                  |
    -> | table_lock_waits_summary_by_table                  |
    -> | table_lock_waits_summary_by_table                  |
    -> | table_lock_waits_summary_by_table                  |
    -> | table_lock_waits_summary_by_table                  |
    -> | table_lock_waits_summary_by_table                  |
    -> | table_lock_waits_summary_by_table                  |
    -> | table_lock_waits_summary_by_table                  |
    -> | table_lock_waits_summary_by_table                  |
    -> | table_lock_waits_summary_by_table                  |
    -> | table_lock_waits_summary_by_table                  |
    -> | table_lock_waits_summary_by_table                  |
    -> | table_lock_waits_summary_by_table                  |
    -> | table_lock_waits_summary_by_table                  |
    -> | table_lock_waits_summary_by_table                  |
    -> | table_lock_waits_summary_by_table                  |
    -> | table_lock_waits_summary_by_table                  |
    -> | threads                                            |
    -> | threads                                            |
    -> | threads                                            |
    -> | threads                                            |
    -> | threads                                            |
    -> | threads                                            |
    -> | threads                                            |
    -> | threads                                            |
    -> | threads                                            |
    -> | threads                                            |
    -> | threads                                            |
    -> | threads                                            |
    -> | threads                                            |
    -> | threads                                            |
    -> | users                                              |
    -> | users                                              |
    -> | users                                              |
    -> | pma__bookmark                                      |
    -> | pma__bookmark                                      |
    -> | pma__bookmark                                      |
    -> | pma__bookmark                                      |
    -> | pma__bookmark                                      |
    -> | pma__central_columns                               |
    -> | pma__central_columns                               |
    -> | pma__central_columns                               |
    -> | pma__central_columns                               |
    -> | pma__central_columns                               |
    -> | pma__central_columns                               |
    -> | pma__central_columns                               |
    -> | pma__central_columns                               |
    -> | pma__column_info                                   |
    -> | pma__column_info                                   |
    -> | pma__column_info                                   |
    -> | pma__column_info                                   |
    -> | pma__column_info                                   |
    -> | pma__column_info                                   |
    -> | pma__column_info                                   |
    -> | pma__column_info                                   |
    -> | pma__column_info                                   |
    -> | pma__column_info                                   |
    -> | pma__designer_settings                             |
    -> | pma__designer_settings                             |
    -> | pma__export_templates                              |
    -> | pma__export_templates                              |
    -> | pma__export_templates                              |
    -> | pma__export_templates                              |
    -> | pma__export_templates                              |
    -> | pma__favorite                                      |
    -> | pma__favorite                                      |
    -> | pma__history                                       |
    -> | pma__history                                       |
    -> | pma__history                                       |
    -> | pma__history                                       |
    -> | pma__history                                       |
    -> | pma__history                                       |
    -> | pma__navigationhiding                              |
    -> | pma__navigationhiding                              |
    -> | pma__navigationhiding                              |
    -> | pma__navigationhiding                              |
    -> | pma__navigationhiding                              |
    -> | pma__pdf_pages                                     |
    -> | pma__pdf_pages                                     |
    -> | pma__pdf_pages                                     |
    -> | pma__recent                                        |
    -> | pma__recent                                        |
    -> | pma__relation                                      |
    -> | pma__relation                                      |
    -> | pma__relation                                      |
    -> | pma__relation                                      |
    -> | pma__relation                                      |
    -> | pma__relation                                      |
    -> | pma__savedsearches                                 |
    -> | pma__savedsearches                                 |
    -> | pma__savedsearches                                 |
    -> | pma__savedsearches                                 |
    -> | pma__savedsearches                                 |
    -> | pma__table_coords                                  |
    -> | pma__table_coords                                  |
    -> | pma__table_coords                                  |
    -> | pma__table_coords                                  |
    -> | pma__table_coords                                  |
    -> | pma__table_info                                    |
    -> | pma__table_info                                    |
    -> | pma__table_info                                    |
    -> | pma__table_uiprefs                                 |
    -> | pma__table_uiprefs                                 |
    -> | pma__table_uiprefs                                 |
    -> | pma__table_uiprefs                                 |
    -> | pma__table_uiprefs                                 |
    -> | pma__tracking                                      |
    -> | pma__tracking                                      |
    -> | pma__tracking                                      |
    -> | pma__tracking                                      |
    -> | pma__tracking                                      |
    -> | pma__tracking                                      |
    -> | pma__tracking                                      |
    -> | pma__tracking                                      |
    -> | pma__tracking                                      |
    -> | pma__tracking                                      |
    -> | pma__userconfig                                    |
    -> | pma__userconfig                                    |
    -> | pma__userconfig                                    |
    -> | pma__usergroups                                    |
    -> | pma__usergroups                                    |
    -> | pma__usergroups                                    |
    -> | pma__users                                         |
    -> | pma__users                                         |
    -> +----------------------------------------------------+
    -> 2018 rows in set (0.45 sec)
    ->
    -> MariaDB [mytestdb]> SELECT COLUMN_NAME,DATA_TYPE,IS_NULLABLE,COLUMN_DEFAULT
    ->     -> FROM INFORMATION_SCHEME.COLUMNS
    ->     -> WHERE TABLE_NAME = 'PRODUCTS'
    ->     -> AND TABLE_SCHEMA = 'MYTESTDB';
ERROR 1064 (42000): You have an error in your SQL syntax; check the manual that corresponds to your MariaDB server version for the right syntax to use near '+----------------------------------------------------+
| TABLE_NAME             ' at line 1
MariaDB [mytestdb]> ERROR 1146 (42S02): Table 'information_scheme.columns' doesn't exist
    '> MariaDB [mytestdb]> SELECT COLUMN_NAME,DATA_TYPE,IS_NULLABLE,COLUMN_DEFAULT
    '>     -> FROM INFORMATION_SCHEMA.COLUMNS
    '>     -> WHERE TABLE_NAME = 'PRODUCTS'
    '>     -> AND TABLE_SCHEMA = 'MYTESTDB';
    '> +--------------+-----------+-------------+----------------+
    '> | COLUMN_NAME  | DATA_TYPE | IS_NULLABLE | COLUMN_DEFAULT |
    '> +--------------+-----------+-------------+----------------+
    '> | Code         | int       | NO          | NULL           |
    '> | Name         | varchar   | NO          | NULL           |
    '> | Price        | decimal   | NO          | NULL           |
    '> | Manufacturer | int       | YES         | NULL           |
    '> +--------------+-----------+-------------+----------------+
    '> 4 rows in set (0.00 sec)
    '>
    '> MariaDB [mytestdb]> USE INFORMATION_SCHEMA;
    '> Database changed
    '> MariaDB [INFORMATION_SCHEMA]> SHOW TABLES;
    '> +---------------------------------------+
    '> | Tables_in_information_schema          |
    '> +---------------------------------------+
    '> | ALL_PLUGINS                           |
    '> | APPLICABLE_ROLES                      |
    '> | CHARACTER_SETS                        |
    '> | COLLATIONS                            |
    '> | COLLATION_CHARACTER_SET_APPLICABILITY |
    '> | COLUMNS                               |
    '> | COLUMN_PRIVILEGES                     |
    '> | ENABLED_ROLES                         |
    '> | ENGINES                               |
    '> | EVENTS                                |
    '> | FILES                                 |
    '> | GLOBAL_STATUS                         |
    '> | GLOBAL_VARIABLES                      |
    '> | KEY_CACHES                            |
    '> | KEY_COLUMN_USAGE                      |
    '> | PARAMETERS                            |
    '> | PARTITIONS                            |
    '> | PLUGINS                               |
    '> | PROCESSLIST                           |
    '> | PROFILING                             |
    '> | REFERENTIAL_CONSTRAINTS               |
    '> | ROUTINES                              |
    '> | SCHEMATA                              |
    '> | SCHEMA_PRIVILEGES                     |
    '> | SESSION_STATUS                        |
    '> | SESSION_VARIABLES                     |
    '> | STATISTICS                            |
    '> | SYSTEM_VARIABLES                      |
    '> | TABLES                                |
    '> | TABLESPACES                           |
    '> | TABLE_CONSTRAINTS                     |
    '> | TABLE_PRIVILEGES                      |
    '> | TRIGGERS                              |
    '> | USER_PRIVILEGES                       |
    '> | VIEWS                                 |
    '> | GEOMETRY_COLUMNS                      |
    '> | SPATIAL_REF_SYS                       |
    '> | CLIENT_STATISTICS                     |
    '> | INDEX_STATISTICS                      |
    '> | INNODB_SYS_DATAFILES                  |
    '> | TABLE_STATISTICS                      |
    '> | INNODB_SYS_TABLESTATS                 |
    '> | USER_STATISTICS                       |
    '> | INNODB_SYS_INDEXES                    |
    '> | XTRADB_RSEG                           |
    '> | INNODB_CMP_PER_INDEX                  |
    '> | INNODB_TRX                            |
    '> | CHANGED_PAGE_BITMAPS                  |
    '> | INNODB_FT_BEING_DELETED               |
    '> | INNODB_LOCK_WAITS                     |
    '> | INNODB_LOCKS                          |
    '> | INNODB_TABLESPACES_ENCRYPTION         |
    '> | XTRADB_INTERNAL_HASH_TABLES           |
    '> | INNODB_SYS_FIELDS                     |
    '> | INNODB_CMPMEM_RESET                   |
    '> | INNODB_CMP                            |
    '> | INNODB_FT_INDEX_TABLE                 |
    '> | INNODB_SYS_TABLESPACES                |
    '> | INNODB_MUTEXES                        |
    '> | INNODB_BUFFER_PAGE_LRU                |
    '> | INNODB_SYS_FOREIGN_COLS               |
    '> | INNODB_CMP_RESET                      |
    '> | INNODB_BUFFER_POOL_STATS              |
    '> | INNODB_FT_INDEX_CACHE                 |
    '> | INNODB_SYS_FOREIGN                    |
    '> | INNODB_METRICS                        |
    '> | INNODB_FT_DEFAULT_STOPWORD            |
    '> | INNODB_CMPMEM                         |
    '> | INNODB_SYS_TABLES                     |
    '> | INNODB_SYS_COLUMNS                    |
    '> | INNODB_FT_CONFIG                      |
    '> | INNODB_BUFFER_PAGE                    |
    '> | INNODB_CMP_PER_INDEX_RESET            |
    '> | XTRADB_READ_VIEW                      |
    '> | INNODB_SYS_SEMAPHORE_WAITS            |
    '> | INNODB_CHANGED_PAGES                  |
    '> | INNODB_FT_DELETED                     |
    '> | INNODB_TABLESPACES_SCRUBBING          |
    '> +---------------------------------------+
    '> 78 rows in set (0.00 sec)
    '>
    '> MariaDB [INFORMATION_SCHEMA]> DESC TABLES;
    '> +-----------------+---------------------+------+-----+---------+-------+
    '> | Field           | Type                | Null | Key | Default | Extra |
    '> +-----------------+---------------------+------+-----+---------+-------+
    '> | TABLE_CATALOG   | varchar(512)        | NO   |     |         |       |
    '> | TABLE_SCHEMA    | varchar(64)         | NO   |     |         |       |
    '> | TABLE_NAME      | varchar(64)         | NO   |     |         |       |
    '> | TABLE_TYPE      | varchar(64)         | NO   |     |         |       |
    '> | ENGINE          | varchar(64)         | YES  |     | NULL    |       |
    '> | VERSION         | bigint(21) unsigned | YES  |     | NULL    |       |
    '> | ROW_FORMAT      | varchar(10)         | YES  |     | NULL    |       |
    '> | TABLE_ROWS      | bigint(21) unsigned | YES  |     | NULL    |       |
    '> | AVG_ROW_LENGTH  | bigint(21) unsigned | YES  |     | NULL    |       |
    '> | DATA_LENGTH     | bigint(21) unsigned | YES  |     | NULL    |       |
    '> | MAX_DATA_LENGTH | bigint(21) unsigned | YES  |     | NULL    |       |
    '> | INDEX_LENGTH    | bigint(21) unsigned | YES  |     | NULL    |       |
    '> | DATA_FREE       | bigint(21) unsigned | YES  |     | NULL    |       |
    '> | AUTO_INCREMENT  | bigint(21) unsigned | YES  |     | NULL    |       |
    '> | CREATE_TIME     | datetime            | YES  |     | NULL    |       |
    '> | UPDATE_TIME     | datetime            | YES  |     | NULL    |       |
    '> | CHECK_TIME      | datetime            | YES  |     | NULL    |       |
    '> | TABLE_COLLATION | varchar(32)         | YES  |     | NULL    |       |
    '> | CHECKSUM        | bigint(21) unsigned | YES  |     | NULL    |       |
    '> | CREATE_OPTIONS  | varchar(2048)       | YES  |     | NULL    |       |
    '> | TABLE_COMMENT   | varchar(2048)       | NO   |     |         |       |
    '> +-----------------+---------------------+------+-----+---------+-------+
    '> 21 rows in set (0.00 sec)
    '>
    '> MariaDB [INFORMATION_SCHEMA]> SELECT * FROM TABLES WHERE TABLE_SCHEMA = 'MYTESTDB';
    '> +---------------+--------------+---------------+------------+--------+---------+------------+------------+----------------+-------------+-----------------+--------------+-----------+----------------+---------------------+-------------+------------+-------------------+----------+----------------+---------------+
    '> | TABLE_CATALOG | TABLE_SCHEMA | TABLE_NAME    | TABLE_TYPE | ENGINE | VERSION | ROW_FORMAT | TABLE_ROWS | AVG_ROW_LENGTH | DATA_LENGTH | MAX_DATA_LENGTH | INDEX_LENGTH | DATA_FREE | AUTO_INCREMENT | CREATE_TIME         | UPDATE_TIME | CHECK_TIME | TABLE_COLLATION   | CHECKSUM | CREATE_OPTIONS | TABLE_COMMENT |
    '> +---------------+--------------+---------------+------------+--------+---------+------------+------------+----------------+-------------+-----------------+--------------+-----------+----------------+---------------------+-------------+------------+-------------------+----------+----------------+---------------+
    '> | def           | mytestdb     | locations     | BASE TABLE | InnoDB |      10 | Compact    |          0 |              0 |       16384 |               0 |            0 |         0 |              1 | 2017-09-08 20:35:14 | NULL        | NULL       | latin1_swedish_ci |     NULL |                |               |
    '> | def           | mytestdb     | manufacturers | BASE TABLE | InnoDB |      10 | Compact    |          7 |           2340 |       16384 |               0 |            0 |         0 |           NULL | 2017-09-08 20:42:41 | NULL        | NULL       | latin1_swedish_ci |     NULL |                |               |
    '> | def           | mytestdb     | pet           | BASE TABLE | InnoDB |      10 | Compact    |         10 |           1638 |       16384 |               0 |            0 |         0 |           NULL | 2017-09-08 18:29:42 | NULL        | NULL       | latin1_swedish_ci |     NULL |                |               |
    '> | def           | mytestdb     | products      | BASE TABLE | InnoDB |      10 | Compact    |         12 |           1365 |       16384 |               0 |        16384 |         0 |           NULL | 2017-09-08 20:49:29 | NULL        | NULL       | latin1_swedish_ci |     NULL |                |               |
    '> | def           | mytestdb     | student       | BASE TABLE | InnoDB |      10 | Compact    |          5 |           3276 |       16384 |               0 |            0 |         0 |              6 | 2017-09-07 18:26:10 | NULL        | NULL       | latin1_swedish_ci |     NULL |                |               |
    '> | def           | mytestdb     | t1            | BASE TABLE | InnoDB |      10 | Compact    |          0 |              0 |       16384 |               0 |            0 |         0 |              2 | 2017-09-07 21:13:47 | NULL        | NULL       | latin1_swedish_ci |     NULL |                |               |
    '> +---------------+--------------+---------------+------------+--------+---------+------------+------------+----------------+-------------+-----------------+--------------+-----------+----------------+---------------------+-------------+------------+-------------------+----------+----------------+---------------+
    '> 6 rows in set (0.13 sec)
    '>
    '> MariaDB [INFORMATION_SCHEMA]> SELECT * FROM TABLES WHERE TABLE_SCHEMA = 'MYTESTDB'\g;
    '> +---------------+--------------+---------------+------------+--------+---------+------------+------------+----------------+-------------+-----------------+--------------+-----------+----------------+---------------------+-------------+------------+-------------------+----------+----------------+---------------+
    '> | TABLE_CATALOG | TABLE_SCHEMA | TABLE_NAME    | TABLE_TYPE | ENGINE | VERSION | ROW_FORMAT | TABLE_ROWS | AVG_ROW_LENGTH | DATA_LENGTH | MAX_DATA_LENGTH | INDEX_LENGTH | DATA_FREE | AUTO_INCREMENT | CREATE_TIME         | UPDATE_TIME | CHECK_TIME | TABLE_COLLATION   | CHECKSUM | CREATE_OPTIONS | TABLE_COMMENT |
    '> +---------------+--------------+---------------+------------+--------+---------+------------+------------+----------------+-------------+-----------------+--------------+-----------+----------------+---------------------+-------------+------------+-------------------+----------+----------------+---------------+
    '> | def           | mytestdb     | locations     | BASE TABLE | InnoDB |      10 | Compact    |          0 |              0 |       16384 |               0 |            0 |         0 |              1 | 2017-09-08 20:35:14 | NULL        | NULL       | latin1_swedish_ci |     NULL |                |               |
    '> | def           | mytestdb     | manufacturers | BASE TABLE | InnoDB |      10 | Compact    |          7 |           2340 |       16384 |               0 |            0 |         0 |           NULL | 2017-09-08 20:42:41 | NULL        | NULL       | latin1_swedish_ci |     NULL |                |               |
    '> | def           | mytestdb     | pet           | BASE TABLE | InnoDB |      10 | Compact    |         10 |           1638 |       16384 |               0 |            0 |         0 |           NULL | 2017-09-08 18:29:42 | NULL        | NULL       | latin1_swedish_ci |     NULL |                |               |
    '> | def           | mytestdb     | products      | BASE TABLE | InnoDB |      10 | Compact    |         12 |           1365 |       16384 |               0 |        16384 |         0 |           NULL | 2017-09-08 20:49:29 | NULL        | NULL       | latin1_swedish_ci |     NULL |                |               |
    '> | def           | mytestdb     | student       | BASE TABLE | InnoDB |      10 | Compact    |          5 |           3276 |       16384 |               0 |            0 |         0 |              6 | 2017-09-07 18:26:10 | NULL        | NULL       | latin1_swedish_ci |     NULL |                |               |
    '> | def           | mytestdb     | t1            | BASE TABLE | InnoDB |      10 | Compact    |          0 |              0 |       16384 |               0 |            0 |         0 |              2 | 2017-09-07 21:13:47 | NULL        | NULL       | latin1_swedish_ci |     NULL |                |               |
    '> +---------------+--------------+---------------+------------+--------+---------+------------+------------+----------------+-------------+-----------------+--------------+-----------+----------------+---------------------+-------------+------------+-------------------+----------+----------------+---------------+
    '> 6 rows in set (0.00 sec)
    '>
    '> ERROR: No query specified
    '>
    '> MariaDB [INFORMATION_SCHEMA]> SELECT * FROM TABLES WHERE TABLE_SCHEMA = 'MYTESTDB'\g;
    '> +---------------+--------------+---------------+------------+--------+---------+------------+------------+----------------+-------------+-----------------+--------------+-----------+----------------+---------------------+-------------+------------+-------------------+----------+----------------+---------------+
    '> | TABLE_CATALOG | TABLE_SCHEMA | TABLE_NAME    | TABLE_TYPE | ENGINE | VERSION | ROW_FORMAT | TABLE_ROWS | AVG_ROW_LENGTH | DATA_LENGTH | MAX_DATA_LENGTH | INDEX_LENGTH | DATA_FREE | AUTO_INCREMENT | CREATE_TIME         | UPDATE_TIME | CHECK_TIME | TABLE_COLLATION   | CHECKSUM | CREATE_OPTIONS | TABLE_COMMENT |
    '> +---------------+--------------+---------------+------------+--------+---------+------------+------------+----------------+-------------+-----------------+--------------+-----------+----------------+---------------------+-------------+------------+-------------------+----------+----------------+---------------+
    '> | def           | mytestdb     | locations     | BASE TABLE | InnoDB |      10 | Compact    |          0 |              0 |       16384 |               0 |            0 |         0 |              1 | 2017-09-08 20:35:14 | NULL        | NULL       | latin1_swedish_ci |     NULL |                |               |
    '> | def           | mytestdb     | manufacturers | BASE TABLE | InnoDB |      10 | Compact    |          7 |           2340 |       16384 |               0 |            0 |         0 |           NULL | 2017-09-08 20:42:41 | NULL        | NULL       | latin1_swedish_ci |     NULL |                |               |
    '> | def           | mytestdb     | pet           | BASE TABLE | InnoDB |      10 | Compact    |         10 |           1638 |       16384 |               0 |            0 |         0 |           NULL | 2017-09-08 18:29:42 | NULL        | NULL       | latin1_swedish_ci |     NULL |                |               |
    '> | def           | mytestdb     | products      | BASE TABLE | InnoDB |      10 | Compact    |         12 |           1365 |       16384 |               0 |        16384 |         0 |           NULL | 2017-09-08 20:49:29 | NULL        | NULL       | latin1_swedish_ci |     NULL |                |               |
    '> | def           | mytestdb     | student       | BASE TABLE | InnoDB |      10 | Compact    |          5 |           3276 |       16384 |               0 |            0 |         0 |              6 | 2017-09-07 18:26:10 | NULL        | NULL       | latin1_swedish_ci |     NULL |                |               |
    '> | def           | mytestdb     | t1            | BASE TABLE | InnoDB |      10 | Compact    |          0 |              0 |       16384 |               0 |            0 |         0 |              2 | 2017-09-07 21:13:47 | NULL        | NULL       | latin1_swedish_ci |     NULL |                |               |
    '> +---------------+--------------+---------------+------------+--------+---------+------------+------------+----------------+-------------+-----------------+--------------+-----------+----------------+---------------------+-------------+------------+-------------------+----------+----------------+---------------+
    '> 6 rows in set (0.00 sec)
    '>
    '> ERROR: No query specified
    '>
    '> MariaDB [INFORMATION_SCHEMA]> SELECT * FROM TABLES WHERE TABLE_SCHEMA = 'MYTESTDB'\G;
    '> *************************** 1. row ***************************
    '>   TABLE_CATALOG: def
    '>    TABLE_SCHEMA: mytestdb
    '>      TABLE_NAME: locations
    '>      TABLE_TYPE: BASE TABLE
    '>          ENGINE: InnoDB
    '>         VERSION: 10
    '>      ROW_FORMAT: Compact
    '>      TABLE_ROWS: 0
    '>  AVG_ROW_LENGTH: 0
    '>     DATA_LENGTH: 16384
    '> MAX_DATA_LENGTH: 0
    '>    INDEX_LENGTH: 0
    '>       DATA_FREE: 0
    '>  AUTO_INCREMENT: 1
    '>     CREATE_TIME: 2017-09-08 20:35:14
    '>     UPDATE_TIME: NULL
    '>      CHECK_TIME: NULL
    '> TABLE_COLLATION: latin1_swedish_ci
    '>        CHECKSUM: NULL
    '>  CREATE_OPTIONS:
    '>   TABLE_COMMENT:
    '> *************************** 2. row ***************************
    '>   TABLE_CATALOG: def
    '>    TABLE_SCHEMA: mytestdb
    '>      TABLE_NAME: manufacturers
    '>      TABLE_TYPE: BASE TABLE
    '>          ENGINE: InnoDB
    '>         VERSION: 10
    '>      ROW_FORMAT: Compact
    '>      TABLE_ROWS: 7
    '>  AVG_ROW_LENGTH: 2340
    '>     DATA_LENGTH: 16384
    '> MAX_DATA_LENGTH: 0
    '>    INDEX_LENGTH: 0
    '>       DATA_FREE: 0
    '>  AUTO_INCREMENT: NULL
    '>     CREATE_TIME: 2017-09-08 20:42:41
    '>     UPDATE_TIME: NULL
    '>      CHECK_TIME: NULL
    '> TABLE_COLLATION: latin1_swedish_ci
    '>        CHECKSUM: NULL
    '>  CREATE_OPTIONS:
    '>   TABLE_COMMENT:
    '> *************************** 3. row ***************************
    '>   TABLE_CATALOG: def
    '>    TABLE_SCHEMA: mytestdb
    '>      TABLE_NAME: pet
    '>      TABLE_TYPE: BASE TABLE
    '>          ENGINE: InnoDB
    '>         VERSION: 10
    '>      ROW_FORMAT: Compact
    '>      TABLE_ROWS: 10
    '>  AVG_ROW_LENGTH: 1638
    '>     DATA_LENGTH: 16384
    '> MAX_DATA_LENGTH: 0
    '>    INDEX_LENGTH: 0
    '>       DATA_FREE: 0
    '>  AUTO_INCREMENT: NULL
    '>     CREATE_TIME: 2017-09-08 18:29:42
    '>     UPDATE_TIME: NULL
    '>      CHECK_TIME: NULL
    '> TABLE_COLLATION: latin1_swedish_ci
    '>        CHECKSUM: NULL
    '>  CREATE_OPTIONS:
    '>   TABLE_COMMENT:
    '> *************************** 4. row ***************************
    '>   TABLE_CATALOG: def
    '>    TABLE_SCHEMA: mytestdb
    '>      TABLE_NAME: products
    '>      TABLE_TYPE: BASE TABLE
    '>          ENGINE: InnoDB
    '>         VERSION: 10
    '>      ROW_FORMAT: Compact
    '>      TABLE_ROWS: 12
    '>  AVG_ROW_LENGTH: 1365
    '>     DATA_LENGTH: 16384
    '> MAX_DATA_LENGTH: 0
    '>    INDEX_LENGTH: 16384
    '>       DATA_FREE: 0
    '>  AUTO_INCREMENT: NULL
    '>     CREATE_TIME: 2017-09-08 20:49:29
    '>     UPDATE_TIME: NULL
    '>      CHECK_TIME: NULL
    '> TABLE_COLLATION: latin1_swedish_ci
    '>        CHECKSUM: NULL
    '>  CREATE_OPTIONS:
    '>   TABLE_COMMENT:
    '> *************************** 5. row ***************************
    '>   TABLE_CATALOG: def
    '>    TABLE_SCHEMA: mytestdb
    '>      TABLE_NAME: student
    '>      TABLE_TYPE: BASE TABLE
    '>          ENGINE: InnoDB
    '>         VERSION: 10
    '>      ROW_FORMAT: Compact
    '>      TABLE_ROWS: 5
    '>  AVG_ROW_LENGTH: 3276
    '>     DATA_LENGTH: 16384
    '> MAX_DATA_LENGTH: 0
    '>    INDEX_LENGTH: 0
    '>       DATA_FREE: 0
    '>  AUTO_INCREMENT: 6
    '>     CREATE_TIME: 2017-09-07 18:26:10
    '>     UPDATE_TIME: NULL
    '>      CHECK_TIME: NULL
    '> TABLE_COLLATION: latin1_swedish_ci
    '>        CHECKSUM: NULL
    '>  CREATE_OPTIONS:
    '>   TABLE_COMMENT:
    '> *************************** 6. row ***************************
    '>   TABLE_CATALOG: def
    '>    TABLE_SCHEMA: mytestdb
    '>      TABLE_NAME: t1
    '>      TABLE_TYPE: BASE TABLE
    '>          ENGINE: InnoDB
    '>         VERSION: 10
    '>      ROW_FORMAT: Compact
    '>      TABLE_ROWS: 0
    '>  AVG_ROW_LENGTH: 0
    '>     DATA_LENGTH: 16384
    '> MAX_DATA_LENGTH: 0
    '>    INDEX_LENGTH: 0
    '>       DATA_FREE: 0
    '>  AUTO_INCREMENT: 2
    '>     CREATE_TIME: 2017-09-07 21:13:47
    '>     UPDATE_TIME: NULL
    '>      CHECK_TIME: NULL
    '> TABLE_COLLATION: latin1_swedish_ci
    '>        CHECKSUM: NULL
    '>  CREATE_OPTIONS:
    '>   TABLE_COMMENT:
    '> 6 rows in set (0.00 sec)
    '>
    '> ERROR: No query specified
    '>
    '> MariaDB [INFORMATION_SCHEMA]> DESC TABLE_SCHEMA
    '>     -> ;
    '> ERROR 1109 (42S02): Unknown table 'table_schema' in information_schema
    '> MariaDB [INFORMATION_SCHEMA]> DESC TABLE_NAME;
    '> ERROR 1109 (42S02): Unknown table 'table_name' in information_schema
    '> MariaDB [INFORMATION_SCHEMA]> SELECT TABLE_NAME FROM INFORMATION_SCHEMA.TABLE_CONSTRAINTS WHERE TABLE_NAME = 'PRODUCTS';
    '> +------------+
    '> | TABLE_NAME |
    '> +------------+
    '> | products   |
    '> | products   |
    '> +------------+
    '> 2 rows in set (0.00 sec)
    '>
    '> MariaDB [INFORMATION_SCHEMA]> SELECT * FROM INFORMATION_SCHEMA.TABLE_CONSTRAINTS WHERE TABLE_NAME = 'PRODUCTS';
    '> +--------------------+-------------------+-----------------+--------------+------------+-----------------+
    '> | CONSTRAINT_CATALOG | CONSTRAINT_SCHEMA | CONSTRAINT_NAME | TABLE_SCHEMA | TABLE_NAME | CONSTRAINT_TYPE |
    '> +--------------------+-------------------+-----------------+--------------+------------+-----------------+
    '> | def                | mytestdb          | PRIMARY         | mytestdb     | products   | PRIMARY KEY     |
    '> | def                | mytestdb          | products_ibfk_1 | mytestdb     | products   | FOREIGN KEY     |
    '> +--------------------+-------------------+-----------------+--------------+------------+-----------------+
    '> 2 rows in set (0.00 sec)
    '>
    '> MariaDB [INFORMATION_SCHEMA]> mysql --databases myestdb > C:\\Users\\715368\\Downloads\dumpMyTestDb.sql
    '> ERROR: Unknown command '\\'.
ERROR: Unknown command '\\'.
    '> ERROR: Unknown command '\\'.
ERROR: Unknown command '\\'.
    '> ERROR: Unknown command '\\'.
ERROR: Unknown command '\\'.
    '>     -> ;
    '>     -> mysql --databases mytestdb > C:\\Users\\715368\\Downloads\dumpMyTestDb.sql
    '> ERROR: Unknown command '\\'.
ERROR: Unknown command '\\'.
    '> ERROR: Unknown command '\\'.
ERROR: Unknown command '\\'.
    '> ERROR: Unknown command '\\'.
ERROR: Unknown command '\\'.
    '>     -> Bye
    '>
    '> 715368@203-IMAC13 c:\xampp
    '> # mysql -u root -p
    '> Enter password:
    '> Welcome to the MariaDB monitor.  Commands end with ; or \g.
    '> Your MariaDB connection id is 3
    '> Server version: 10.1.21-MariaDB mariadb.org binary distribution
    '>
    '> Copyright (c) 2000, 2016, Oracle, MariaDB Corporation Ab and others.
    '>
    '> Type 'help;' or '\h' for help. Type '\c' to clear the current input statement.
ERROR 1064 (42000): You have an error in your SQL syntax; check the manual that corresponds to your MariaDB server version for the right syntax to use near 'ERROR 1146 (42S02): Table 'information_scheme.columns' doesn't exist
MariaDB [my' at line 1
ERROR 1064 (42000): You have an error in your SQL syntax; check the manual that corresponds to your MariaDB server version for the right syntax to use near '\c' to clear the current input statement.'' at line 1
    ->
    -> MariaDB [(none)]> use informatin_schema;
ERROR 1064 (42000): You have an error in your SQL syntax; check the manual that corresponds to your MariaDB server version for the right syntax to use near '' or '

MariaDB [(none)]> use informatin_schema' at line 1
MariaDB [mytestdb]> ERROR 1049 (42000): Unknown database 'informatin_schema'
    -> MariaDB [(none)]> use information_schema;
ERROR 1064 (42000): You have an error in your SQL syntax; check the manual that corresponds to your MariaDB server version for the right syntax to use near 'ERROR 1049 (42000): Unknown database 'informatin_schema'
MariaDB [(none)]> use i' at line 1
MariaDB [mytestdb]> Database changed
    -> MariaDB [information_schema]> mysqldump  mytestdb > C:\\Users\\715368\\Downloads\dumpMyTestDb.sql
ERROR: Unknown command '\\'.
ERROR: Unknown command '\\'.
ERROR: Unknown command '\\'.
    -> ERROR: Unknown command '\\'.
    -> ERROR: Unknown command '\\'.
    -> ERROR: Unknown command '\\'.
    ->     -> Bye
    ->
    -> 715368@203-IMAC13 c:\xampp
ERROR: Unknown command '\x'.
    -> # mysql -u root -p
    -> Enter password:
    -> Welcome to the MariaDB monitor.  Commands end with ; or \g.
ERROR 1064 (42000): You have an error in your SQL syntax; check the manual that corresponds to your MariaDB server version for the right syntax to use near 'Database changed
MariaDB [information_schema]> mysqldump  mytestdb > C:\\Users\\' at line 1
    -> Your MariaDB connection id is 4
    -> Server version: 10.1.21-MariaDB mariadb.org binary distribution
    ->
    -> Copyright (c) 2000, 2016, Oracle, MariaDB Corporation Ab and others.
    ->
    -> Type 'help;' or '\h' for help. Type '\c' to clear the current input statement.
    ->
    -> MariaDB [(none)]> use information_schema;
    -> Database changed
    -> MariaDB [information_schema]> mysql --databases mytestdb > C:\\Users\\715368\\Downloads\\dumpMyTestDb.sql
ERROR: Unknown command '\\'.
ERROR: Unknown command '\\'.
ERROR: Unknown command '\\'.
ERROR: Unknown command '\\'.
ERROR 1064 (42000): You have an error in your SQL syntax; check the manual that corresponds to your MariaDB server version for the right syntax to use near '.
Your MariaDB connection id is 4
Server version: 10.1.21-MariaDB mariadb.org bi' at line 1
MariaDB [mytestdb]> ERROR: Unknown command '\\'.
    -> ERROR: Unknown command '\\'.
    -> ERROR: Unknown command '\\'.
    -> ERROR: Unknown command '\\'.
    ->     -> Bye
    ->
    -> 715368@203-IMAC13 c:\xampp
ERROR: Unknown command '\x'.
    -> # mysql -u root -p
    -> Enter password:
    -> Welcome to the MariaDB monitor.  Commands end with ; or \g.
ERROR 1064 (42000): You have an error in your SQL syntax; check the manual that corresponds to your MariaDB server version for the right syntax to use near 'ERROR: Unknown command '\\'.
ERROR: Unknown command '\\'.
ERROR: Unknown command' at line 1
    -> Your MariaDB connection id is 5
    -> Server version: 10.1.21-MariaDB mariadb.org binary distribution
    ->
    -> Copyright (c) 2000, 2016, Oracle, MariaDB Corporation Ab and others.
    ->
    -> Type 'help;' or '\h' for help. Type '\c' to clear the current input statement.
    ->
    -> MariaDB [(none)]> use information_schema;
    -> Database changed
    -> MariaDB [information_schema]> mysqldump  mytestdb > C:/Users/715368/Downloads/dumpMyTestDb.sql;
ERROR 1064 (42000): You have an error in your SQL syntax; check the manual that corresponds to your MariaDB server version for the right syntax to use near '.
Your MariaDB connection id is 5
Server version: 10.1.21-MariaDB mariadb.org bi' at line 1
    -> ERROR 1064 (42000): You have an error in your SQL syntax; check the manual that corresponds to your MariaDB server version for the right syntax to use near 'mysqldump  mytestdb > C:/Users/715368/Downloads/dumpMyTestDb.sql' at line 1
    -> MariaDB [information_schema]> mysqldump --single-transaction -u root -p --databases mytestdb > C:/Users/715368/Downloads/dumpMyTestDb.sql;
ERROR 1064 (42000): You have an error in your SQL syntax; check the manual that corresponds to your MariaDB server version for the right syntax to use near ';
ERROR 1064 (42000): You have an error in your SQL syntax; check the manual tha' at line 1
    -> ERROR 1064 (42000): You have an error in your SQL syntax; check the manual that corresponds to your MariaDB server version for the right syntax to use near 'mysqldump --single-transaction -u root -p --databases mytestdb > C:/Users/715368' at line 1
    -> MariaDB [information_schema]> mysqldump --single-transaction -u root -p --databases mytestdb > C:/Users/715368/Downloads/dumpMyTestDb.sql;
ERROR 1064 (42000): You have an error in your SQL syntax; check the manual that corresponds to your MariaDB server version for the right syntax to use near ';
ERROR 1064 (42000): You have an error in your SQL syntax; check the manual tha' at line 1
    -> ERROR 1064 (42000): You have an error in your SQL syntax; check the manual that corresponds to your MariaDB server version for the right syntax to use near 'mysqldump --single-transaction -u root -p --databases mytestdb > C:/Users/715368' at line 1
    -> MariaDB [information_schema]> exit;
    -> Bye
    ->
    -> 715368@203-IMAC13 c:\xampp
ERROR: Unknown command '\x'.
    -> # mysqldump --single-transaction -u root -p --databases mytestdb > C:/Users/715368/Downloads/dumpMyTestDb.sql;
    -> Enter password:
    -> mysqldump: Got error: 1049: "Unknown database ';'" when selecting the database
    ->
    -> 715368@203-IMAC13 c:\xampp
ERROR: Unknown command '\x'.
    -> # mysqldump --single-transaction -u root -p --databases mytestdb > C:/Users/715368/Downloads/dumpMyTestDb.sql
    -> Enter password:
    ->
    -> 715368@203-IMAC13 c:\xampp
ERROR: Unknown command '\x'.
    -> # mysql -u root -p
    -> Enter password:
    -> Welcome to the MariaDB monitor.  Commands end with ; or \g.
ERROR 1064 (42000): You have an error in your SQL syntax; check the manual that corresponds to your MariaDB server version for the right syntax to use near ';
ERROR 1064 (42000): You have an error in your SQL syntax; check the manual tha' at line 1
    -> Your MariaDB connection id is 8
    -> Server version: 10.1.21-MariaDB mariadb.org binary distribution
    ->
    -> Copyright (c) 2000, 2016, Oracle, MariaDB Corporation Ab and others.
    ->
    -> Type 'help;' or '\h' for help. Type '\c' to clear the current input statement.
    ->
    -> MariaDB [(none)]> use information_schema;
    -> Database changed
    -> MariaDB [information_schema]> use mytestdb;
    -> Database changed
    -> MariaDB [mytestdb]> CREATE TABLE Pieces(
    ->     -> Code Integer(10) Primary key,
    ->     -> Name VARCHAR(50) NOT NULL
    ->     -> );
    -> Query OK, 0 rows affected (0.28 sec)
    ->
    -> MariaDB [mytestdb]> CREATE TABLE Providers(
    ->     -> Code Integer(10) Primary key,
    ->     -> Name VARCHAR(50) NOT NULL
    ->     -> );
    -> Query OK, 0 rows affected (0.25 sec)
    ->
    -> MariaDB [mytestdb]> CREATE TABLE Provides(
    ->     -> Code Integer(10)  AUTO_INCREMENT,
    ->     -> Piece Integer(10) Refrences Pieces(Code),
    ->     -> Provider Integer(10) Refrences Providers(Code),
    ->     -> Price Double(10,2) CHECK(Price >10),
    ->     -> PRIMARY_KEY(Code,Piece)
    ->     -> );
    -> ERROR 1064 (42000): You have an error in your SQL syntax; check the manual that corresponds to your MariaDB server version for the right syntax to use near 'Pieces(Code),
    '> Provider Integer(10) Refrences Providers(Code),
    '> Price Double(10,2)' at line 3
    -> MariaDB [mytestdb]> CREATE TABLE Provides(
    ->     -> Code Integer(10)  AUTO_INCREMENT,
    ->     -> Piece Integer(10) FOREIGN_KEY References Pieces(Code),
    ->     -> Provider Integer(10) FOREIGN_KEY References Providers(Code),
    ->     -> Price Double(10,2) CHECK(Price >10),
    ->     -> PRIMARY_KEY(Code,Piece)
    ->     -> );
    -> ERROR 1064 (42000): You have an error in your SQL syntax; check the manual that corresponds to your MariaDB server version for the right syntax to use near 'References Pieces(Code),
    '> Provider Integer(10) FOREIGN_KEY References Providers(C' at line 3
    -> MariaDB [mytestdb]> CREATE TABLE Provides(
    ->     -> Code Integer(10)  AUTO_INCREMENT,
    ->     -> Piece Integer(10)  References Pieces(Code),
    ->     -> Provider Integer(10)  References Providers(Code),
    ->     -> Price Double(10,2) CHECK(Price >10),
    ->     -> PRIMARY_KEY(Code,Piece)
    ->     -> );
    -> ERROR 1064 (42000): You have an error in your SQL syntax; check the manual that corresponds to your MariaDB server version for the right syntax to use near '(Code,Piece)
    '> )' at line 6
    -> MariaDB [mytestdb]> CREATE TABLE Provides(
    ->     -> Code Integer(10)  AUTO_INCREMENT,
    ->     -> Piece Integer(10)  References Pieces(Code),
    ->     -> Provider Integer(10)  References Providers(Code),
    ->     -> Price Double(10,2) CHECK(Price >10),
    ->     -> PRIMARY_KEY(Code,Piece,Provider)
    ->     -> );
    -> ERROR 1064 (42000): You have an error in your SQL syntax; check the manual that corresponds to your MariaDB server version for the right syntax to use near '(Code,Piece,Provider)
    '> )' at line 6
    -> MariaDB [mytestdb]> desc providers;
    -> +-------+-------------+------+-----+---------+-------+
    -> | Field | Type        | Null | Key | Default | Extra |
    -> +-------+-------------+------+-----+---------+-------+
    -> | Code  | int(10)     | NO   | PRI | NULL    |       |
    -> | Name  | varchar(50) | NO   |     | NULL    |       |
    -> +-------+-------------+------+-----+---------+-------+
    -> 2 rows in set (0.00 sec)
    ->
    -> MariaDB [mytestdb]> CREATE TABLE Provides(
    ->     -> Code Integer(10)  AUTO_INCREMENT,
    ->     -> Piece Integer(10)  References Pieces(Code),
    ->     -> Provider Integer(10)  References Providers(Code),
    ->     -> Price Double(10,2) CHECK(Price >10),
    ->     -> PRIMARY KEY(Code,Piece,Provider)
    ->     -> );
    -> Query OK, 0 rows affected (0.31 sec)
    ->
    -> MariaDB [mytestdb]> SELECT * FROM products as p INNER JOIN manufacturers as m ON m.code = p.manufacturer;
    -> +------+-----------------+-------+--------------+------+-----------------+
    -> | Code | Name            | Price | Manufacturer | CODE | NAME            |
    -> +------+-----------------+-------+--------------+------+-----------------+
    -> |    1 | Hard drive      |   240 |            5 |    5 | Fujitsu         |
    -> |    2 | Memory          |   120 |            6 |    6 | Winchester      |
    -> |    3 | ZIP drive       |   150 |            4 |    4 | Iomega          |
    -> |    4 | Floppy disk     |     5 |            6 |    6 | Winchester      |
    -> |    5 | Monitor         |   240 |            1 |    1 | Sony            |
    -> |    6 | DVD drive       |   180 |            2 |    2 | Creative Labs   |
    -> |    7 | CD drive        |    90 |            2 |    2 | Creative Labs   |
    -> |    8 | Printer         |   270 |            3 |    3 | Hewlett-Packard |
    -> |    9 | Toner cartridge |    66 |            3 |    3 | Hewlett-Packard |
    -> |   10 | DVD burner      |   180 |            2 |    2 | Creative Labs   |
    -> +------+-----------------+-------+--------------+------+-----------------+
    -> 10 rows in set (0.00 sec)
    ->
    -> MariaDB [mytestdb]> SELECT p.name as Product_Name,p.price as Price,m.name as MariaDB [mytestdb]> SELECT * FROM products as p INNER JOIN manufacturers as m ON m.code = p.manufacturer;
    -> ERROR 1064 (42000): You have an error in your SQL syntax; check the manual that corresponds to your MariaDB server version for the right syntax to use near '[mytestdb]> SELECT * FROM products as p INNER JOIN manufacturers as m ON m.code ' at line 1
    -> MariaDB [mytestdb]> +------+-----------------+-------+--------------+------+-----------------+
    ->     -> | Code | Name            | Price | Manufacturer | CODE | NAME            |
    ->     -> +------+-----------------+-------+--------------+------+-----------------+
    ->     -> |    1 | Hard drive      |   240 |            5 |    5 | Fujitsu         |
    ->     -> |    2 | Memory          |   120 |            6 |    6 | Winchester      |
    ->     -> |    3 | ZIP drive       |   150 |            4 |    4 | Iomega          |
    ->     -> |    4 | Floppy disk     |     5 |            6 |    6 | Winchester      |
    ->     -> |    5 | Monitor         |   240 |            1 |    1 | Sony            |
    ->     -> |    6 | DVD drive       |   180 |            2 |    2 | Creative Labs   |
    ->     -> |    7 | CD drive        |    90 |            2 |    2 | Creative Labs   |
    ->     -> |    8 | Printer         |   270 |            3 |    3 | Hewlett-Packard |
    ->     -> |    9 | Toner cartridge |    66 |            3 |    3 | Hewlett-Packard |
    ->     -> |   10 | DVD burner      |   180 |            2 |    2 | Creative Labs   |
    ->     -> +------+-----------------+-------+--------------+------+-----------------+
    ->     -> 10 rows in set (0.00 sec);
    -> ERROR 1064 (42000): You have an error in your SQL syntax; check the manual that corresponds to your MariaDB server version for the right syntax to use near '+------+-----------------+-------+--------------+------+-----------------+
    '> | Cod' at line 1
    -> MariaDB [mytestdb]> +------+-----------------+-------+--------------+------+----
    ->     -> ;
    -> ERROR 1064 (42000): You have an error in your SQL syntax; check the manual that corresponds to your MariaDB server version for the right syntax to use near '+------+-----------------+-------+--------------+------+--' at line 1
    -> MariaDB [mytestdb]> SELECT p.name as Product_Name,p.price as Price,m.name as Manufacturer FROM products as p INNER JOIN manufacturers as m ON m.code = p.manufacturer;
    -> +-----------------+-------+-----------------+
    -> | Product_Name    | Price | Manufacturer    |
    -> +-----------------+-------+-----------------+
    -> | Hard drive      |   240 | Fujitsu         |
    -> | Memory          |   120 | Winchester      |
    -> | ZIP drive       |   150 | Iomega          |
    -> | Floppy disk     |     5 | Winchester      |
    -> | Monitor         |   240 | Sony            |
    -> | DVD drive       |   180 | Creative Labs   |
    -> | CD drive        |    90 | Creative Labs   |
    -> | Printer         |   270 | Hewlett-Packard |
    -> | Toner cartridge |    66 | Hewlett-Packard |
    -> | DVD burner      |   180 | Creative Labs   |
    -> +-----------------+-------+-----------------+
    -> 10 rows in set (0.00 sec)
    ->
    -> MariaDB [mytestdb]> SELECT * FROM Manufacturers;
    -> +------+-----------------+
    -> | CODE | NAME            |
    -> +------+-----------------+
    -> |    1 | Sony            |
    -> |    2 | Creative Labs   |
    -> |    3 | Hewlett-Packard |
    -> |    4 | Iomega          |
    -> |    5 | Fujitsu         |
    -> |    6 | Winchester      |
    -> +------+-----------------+
    -> 6 rows in set (0.00 sec)
    ->
    -> MariaDB [mytestdb]> SELECT AVG(price),Manufacturer from products GROUP BY Manufacturer;
    -> +------------+--------------+
    -> | AVG(price) | Manufacturer |
    -> +------------+--------------+
    -> |    47.0000 |         NULL |
    -> |   240.0000 |            1 |
    -> |   150.0000 |            2 |
    -> |   168.0000 |            3 |
    -> |   150.0000 |            4 |
    -> |   240.0000 |            5 |
    -> |    62.5000 |            6 |
    -> +------------+--------------+
    -> 7 rows in set (0.00 sec)
    ->
    -> MariaDB [mytestdb]> SELECT AVG(price),m.name from products as p,Manufacturers as m where m.code = p.manufacturer GROUP BY Manufacturer;
    -> +------------+-----------------+
    -> | AVG(price) | name            |
    -> +------------+-----------------+
    -> |   240.0000 | Sony            |
    -> |   150.0000 | Creative Labs   |
    -> |   168.0000 | Hewlett-Packard |
    -> |   150.0000 | Iomega          |
    -> |   240.0000 | Fujitsu         |
    -> |    62.5000 | Winchester      |
    -> +------------+-----------------+
    -> 6 rows in set (0.05 sec)
    ->
    -> MariaDB [mytestdb]> SELECT AVG(price),m.name from products as p,Manufacturers as m where m.code = p.manufacturer GROUP BY Manufacturer having AVG(p.price)>= 150;
    -> +------------+-----------------+
    -> | AVG(price) | name            |
    -> +------------+-----------------+
    -> |   240.0000 | Sony            |
    -> |   150.0000 | Creative Labs   |
    -> |   168.0000 | Hewlett-Packard |
    -> |   150.0000 | Iomega          |
    -> |   240.0000 | Fujitsu         |
    -> +------------+-----------------+
    -> 5 rows in set (0.00 sec)
    ->
    -> MariaDB [mytestdb]> SELECT m.name as Manufacturer from products as p,Manufacturers as m where m.code = p.manufacturer GROUP BY Manufacturer having AVG(p.price)>= 150;
    -> +-----------------+
    -> | Manufacturer    |
    -> +-----------------+
    -> | Sony            |
    -> | Creative Labs   |
    -> | Hewlett-Packard |
    -> | Iomega          |
    -> | Fujitsu         |
    -> +-----------------+
    -> 5 rows in set, 1 warning (0.00 sec)
    ->
    -> MariaDB [mytestdb]> SELECT name,price from products;
    -> +-----------------+-------+
    -> | name            | price |
    -> +-----------------+-------+
    -> | Hard drive      |   240 |
    -> | Memory          |   120 |
    -> | ZIP drive       |   150 |
    -> | Floppy disk     |     5 |
    -> | Monitor         |   240 |
    -> | DVD drive       |   180 |
    -> | CD drive        |    90 |
    -> | Printer         |   270 |
    -> | Toner cartridge |    66 |
    -> | DVD burner      |   180 |
    -> | USB Driver      |    40 |
    -> | USB Driver      |    54 |
    -> +-----------------+-------+
    -> 12 rows in set (0.00 sec)
    ->
    -> MariaDB [mytestdb]> SELECT name,price from products order by price desc;
    -> +-----------------+-------+
    -> | name            | price |
    -> +-----------------+-------+
    -> | Printer         |   270 |
    -> | Hard drive      |   240 |
    -> | Monitor         |   240 |
    -> | DVD burner      |   180 |
    -> | DVD drive       |   180 |
    -> | ZIP drive       |   150 |
    -> | Memory          |   120 |
    -> | CD drive        |    90 |
    -> | Toner cartridge |    66 |
    -> | USB Driver      |    54 |
    -> | USB Driver      |    40 |
    -> | Floppy disk     |     5 |
    -> +-----------------+-------+
    -> 12 rows in set (0.00 sec)
    ->
    -> MariaDB [mytestdb]> SELECT name,price from products order by price asc limit 1 ;
    -> +-------------+-------+
    -> | name        | price |
    -> +-------------+-------+
    -> | Floppy disk |     5 |
    -> +-------------+-------+
    -> 1 row in set (0.00 sec)
    ->
    -> MariaDB [mytestdb]> SELECT m.name as Manufacturer from products as p,Manufacturers as m where m.code = p.manufacturer order by price desc limit 1;
    -> +-----------------+
    -> | Manufacturer    |
    -> +-----------------+
    -> | Hewlett-Packard |
    -> +-----------------+
    -> 1 row in set (0.00 sec)
    ->
    -> MariaDB [mytestdb]> SELECT Products.Name, MAX(Price), Manufacturers.NameFROM Products, ManufacturersWHERE Manufacturer = Manufacturers.CodeGROUP BY Manufacturers.Name;
    -> ERROR 1064 (42000): You have an error in your SQL syntax; check the manual that corresponds to your MariaDB server version for the right syntax to use near '= Manufacturers.CodeGROUP BY Manufacturers.Name' at line 1
    -> MariaDB [mytestdb]> SELECT Products.Name, MAX(Price), Manufacturers.NameFROM Products, Manufacturers WHERE Manufacturer = Manufacturers.CodeGROUP BY Manufacturers.Name;
    -> ERROR 1064 (42000): You have an error in your SQL syntax; check the manual that corresponds to your MariaDB server version for the right syntax to use near 'WHERE Manufacturer = Manufacturers.CodeGROUP BY Manufacturers.Name' at line 1
    -> MariaDB [mytestdb]> SELECT Products.Name, MAX(Price), Manufacturers.NameFROM Products, Manufacturers WHERE Manufacturer = Manufacturers.Code GROUP BY Manufacturers.Name;
    -> ERROR 1064 (42000): You have an error in your SQL syntax; check the manual that corresponds to your MariaDB server version for the right syntax to use near 'WHERE Manufacturer = Manufacturers.Code GROUP BY Manufacturers.Name' at line 1
    -> MariaDB [mytestdb]> SELECT Products.Name, MAX(Price), Manufacturers.Name FROM Products, Manufacturers WHERE Manufacturer = Manufacturers.Code GROUP BY Manufacturers.Name;
    -> +------------+------------+-----------------+
    -> | Name       | MAX(Price) | Name            |
    -> +------------+------------+-----------------+
    -> | DVD drive  |        180 | Creative Labs   |
    -> | Hard drive |        240 | Fujitsu         |
    -> | Printer    |        270 | Hewlett-Packard |
    -> | ZIP drive  |        150 | Iomega          |
    -> | Monitor    |        240 | Sony            |
    -> | Memory     |        120 | Winchester      |
    -> +------------+------------+-----------------+
    -> 6 rows in set (0.00 sec)
    ->
    -> MariaDB [mytestdb]>;
    -> ^XBye

715368@203-IMAC13 c:\xampp
# mysql -u root -p
Enter password:
Welcome to the MariaDB monitor.  Commands end with ; or \g.
Your MariaDB connection id is 9
Server version: 10.1.21-MariaDB mariadb.org binary distribution

Copyright (c) 2000, 2016, Oracle, MariaDB Corporation Ab and others.

Type 'help;' or '\h' for help. Type '\c' to clear the current input statement.

MariaDB [(none)]> INSERT INTO Pieces(Code, Name) VALUES(1,'Sprocket');
ERROR 1046 (3D000): No database selected
MariaDB [(none)]> INSERT INTO Pieces(Code, Name) VALUES(2,'Screw');
ERROR 1046 (3D000): No database selected
MariaDB [(none)]> INSERT INTO Pieces(Code, Name) VALUES(3,'Nut');
ERROR 1046 (3D000): No database selected
MariaDB [(none)]> INSERT INTO Pieces(Code, Name) VALUES(4,'Bolt');
ERROR 1046 (3D000): No database selected
MariaDB [(none)]> use mytestdb;
Database changed
MariaDB [mytestdb]> INSERT INTO Pieces(Code, Name) VALUES(1,'Sprocket');
Query OK, 1 row affected (0.08 sec)

MariaDB [mytestdb]> INSERT INTO Pieces(Code, Name) VALUES(2,'Screw');
Query OK, 1 row affected (0.06 sec)

MariaDB [mytestdb]> INSERT INTO Pieces(Code, Name) VALUES(3,'Nut');
Query OK, 1 row affected (0.06 sec)

MariaDB [mytestdb]> INSERT INTO Pieces(Code, Name) VALUES(4,'Bolt');
Query OK, 1 row affected (0.06 sec)

MariaDB [mytestdb]> INSERT INTO Providers(Code, Name) VALUES('HAL','Clarke Enterprises');
Query OK, 1 row affected, 1 warning (0.09 sec)

MariaDB [mytestdb]> INSERT INTO Providers(Code, Name) VALUES('RBT','Susan Calvin Corp.');
ERROR 1062 (23000): Duplicate entry '0' for key 'PRIMARY'
MariaDB [mytestdb]> INSERT INTO Providers(Code, Name) VALUES('TNBC','Skellington Supplies');
ERROR 1062 (23000): Duplicate entry '0' for key 'PRIMARY'
MariaDB [mytestdb]> drop table pieces;
Query OK, 0 rows affected (0.23 sec)

MariaDB [mytestdb]> drop table providers;
Query OK, 0 rows affected (0.22 sec)

MariaDB [mytestdb]> drop table provides;
Query OK, 0 rows affected (0.20 sec)

MariaDB [mytestdb]> CREATE TABLE Pieces(
    -> Code Integer(10) Primary key,
    -> Name VARCHAR(50) NOT NULL
    -> );
Query OK, 0 rows affected (0.28 sec)

MariaDB [mytestdb]> CREATE TABLE Providers(
    -> Providers_Id Integer(10) Primary key AUTO_INCREMENT,
    -> Code VARCHAR(50) NOT NULL,
    -> Name VARCHAR(50) NOT NULL
    -> );
Query OK, 0 rows affected (0.33 sec)

MariaDB [mytestdb]> CREATE TABLE Provides(
    -> Code Integer(10)  AUTO_INCREMENT,
    -> Piece Integer(10)  References Pieces(Code),
    -> Provider Integer(10)  References Providers(Code),
    -> Price Double(10,2) CHECK(Price >10),
    -> PRIMARY KEY(Code,Piece,Provider)
    -> );
Query OK, 0 rows affected (0.38 sec)

MariaDB [mytestdb]> INSERT INTO Pieces(Code, Name) VALUES(1,'Sprocket');
Query OK, 1 row affected (0.13 sec)

MariaDB [mytestdb]> INSERT INTO Pieces(Code, Name) VALUES(2,'Screw');
Query OK, 1 row affected (0.06 sec)

MariaDB [mytestdb]> INSERT INTO Pieces(Code, Name) VALUES(3,'Nut');
Query OK, 1 row affected (0.06 sec)

MariaDB [mytestdb]> INSERT INTO Pieces(Code, Name) VALUES(4,'Bolt');
Query OK, 1 row affected (0.05 sec)

MariaDB [mytestdb]> INSERT INTO Providers(Code, Name) VALUES('HAL','Clarke Enterprises');
Query OK, 1 row affected (0.08 sec)

MariaDB [mytestdb]> INSERT INTO Providers(Code, Name) VALUES('RBT','Susan Calvin Corp.');
Query OK, 1 row affected (0.05 sec)

MariaDB [mytestdb]> INSERT INTO Providers(Code, Name) VALUES('TNBC','Skellington Supplies');
Query OK, 1 row affected (0.09 sec)

MariaDB [mytestdb]>
MariaDB [mytestdb]> INSERT INTO Provides(Piece, Provider, Price) VALUES(1,'HAL',10);
Query OK, 1 row affected, 1 warning (0.06 sec)

MariaDB [mytestdb]> INSERT INTO Provides(Piece, Provider, Price) VALUES(1,'RBT',15);
Query OK, 1 row affected, 1 warning (0.06 sec)

MariaDB [mytestdb]> INSERT INTO Provides(Piece, Provider, Price) VALUES(2,'HAL',20);
Query OK, 1 row affected, 1 warning (0.06 sec)

MariaDB [mytestdb]> INSERT INTO Provides(Piece, Provider, Price) VALUES(2,'RBT',15);
Query OK, 1 row affected, 1 warning (0.05 sec)

MariaDB [mytestdb]> INSERT INTO Provides(Piece, Provider, Price) VALUES(2,'TNBC',14);
Query OK, 1 row affected, 1 warning (0.02 sec)

MariaDB [mytestdb]> INSERT INTO Provides(Piece, Provider, Price) VALUES(3,'RBT',50);
Query OK, 1 row affected, 1 warning (0.03 sec)

MariaDB [mytestdb]> INSERT INTO Provides(Piece, Provider, Price) VALUES(3,'TNBC',45);
Query OK, 1 row affected, 1 warning (0.01 sec)

MariaDB [mytestdb]> INSERT INTO Provides(Piece, Provider, Price) VALUES(4,'HAL',5);
Query OK, 1 row affected, 1 warning (0.03 sec)

MariaDB [mytestdb]> INSERT INTO Provides(Piece, Provider, Price) VALUES(4,'RBT',7);
Query OK, 1 row affected, 1 warning (0.09 sec)

MariaDB [mytestdb]> SELECT * FROM Pieces;
+------+----------+
| Code | Name     |
+------+----------+
|    1 | Sprocket |
|    2 | Screw    |
|    3 | Nut      |
|    4 | Bolt     |
+------+----------+
4 rows in set (0.00 sec)

MariaDB [mytestdb]> SELECT * FROM Providers;
+--------------+------+----------------------+
| Providers_Id | Code | Name                 |
+--------------+------+----------------------+
|            1 | HAL  | Clarke Enterprises   |
|            2 | RBT  | Susan Calvin Corp.   |
|            3 | TNBC | Skellington Supplies |
+--------------+------+----------------------+
3 rows in set (0.00 sec)

MariaDB [mytestdb]> SELECT * FROM Provides;
+------+-------+----------+-------+
| Code | Piece | Provider | Price |
+------+-------+----------+-------+
|    1 |     1 |        0 | 10.00 |
|    2 |     1 |        0 | 15.00 |
|    3 |     2 |        0 | 20.00 |
|    4 |     2 |        0 | 15.00 |
|    5 |     2 |        0 | 14.00 |
|    6 |     3 |        0 | 50.00 |
|    7 |     3 |        0 | 45.00 |
|    8 |     4 |        0 |  5.00 |
|    9 |     4 |        0 |  7.00 |
+------+-------+----------+-------+
9 rows in set (0.00 sec)

MariaDB [mytestdb]> drop table prBye

715368@203-IMAC13 c:\xampp
# mysql -u root -p
Enter password:
Welcome to the MariaDB monitor.  Commands end with ; or \g.
Your MariaDB connection id is 10
Server version: 10.1.21-MariaDB mariadb.org binary distribution

Copyright (c) 2000, 2016, Oracle, MariaDB Corporation Ab and others.

Type 'help;' or '\h' for help. Type '\c' to clear the current input statement.

MariaDB [(none)]> use mytestdb;
Database changed
MariaDB [mytestdb]> drop table provides;
Query OK, 0 rows affected (0.22 sec)

MariaDB [mytestdb]> CREATE TABLE Provides(
    -> Code Integer(10)  AUTO_INCREMENT,
    -> Piece Integer(10)  References Pieces(Code),
    -> Provider Integer(10)  References Providers(Code),
    -> Price Double(10,2) CHECK(Price >10),
    -> PRIMARY KEY(Code,Piece,Provider)
    -> );
Query OK, 0 rows affected (0.34 sec)

MariaDB [mytestdb]>
MariaDB [mytestdb]> INSERT INTO Provides(Piece, Provider, Price) VALUES(1,1,10);
Query OK, 1 row affected (0.09 sec)

MariaDB [mytestdb]> INSERT INTO Provides(Piece, Provider, Price) VALUES(1,2,15);
Query OK, 1 row affected (0.05 sec)

MariaDB [mytestdb]> INSERT INTO Provides(Piece, Provider, Price) VALUES(2,1,20);
Query OK, 1 row affected (0.06 sec)

MariaDB [mytestdb]> INSERT INTO Provides(Piece, Provider, Price) VALUES(2,2,15);
Query OK, 1 row affected (0.05 sec)

MariaDB [mytestdb]> INSERT INTO Provides(Piece, Provider, Price) VALUES(2,3,14);
Query OK, 1 row affected (0.02 sec)

MariaDB [mytestdb]> INSERT INTO Provides(Piece, Provider, Price) VALUES(3,2,50);
Query OK, 1 row affected (0.03 sec)

MariaDB [mytestdb]> INSERT INTO Provides(Piece, Provider, Price) VALUES(3,3,45);
Query OK, 1 row affected (0.03 sec)

MariaDB [mytestdb]> INSERT INTO Provides(Piece, Provider, Price) VALUES(4,1,5);
Query OK, 1 row affected (0.02 sec)

MariaDB [mytestdb]> INSERT INTO Provides(Piece, Provider, Price) VALUES(4,2,7);
Query OK, 1 row affected (0.08 sec)

MariaDB [mytestdb]> select * from provides;
+------+-------+----------+-------+
| Code | Piece | Provider | Price |
+------+-------+----------+-------+
|    1 |     1 |        1 | 10.00 |
|    2 |     1 |        2 | 15.00 |
|    3 |     2 |        1 | 20.00 |
|    4 |     2 |        2 | 15.00 |
|    5 |     2 |        3 | 14.00 |
|    6 |     3 |        2 | 50.00 |
|    7 |     3 |        3 | 45.00 |
|    8 |     4 |        1 |  5.00 |
|    9 |     4 |        2 |  7.00 |
+------+-------+----------+-------+
9 rows in set (0.00 sec)

MariaDB [mytestdb]> select * from providers;
+--------------+------+----------------------+
| Providers_Id | Code | Name                 |
+--------------+------+----------------------+
|            1 | HAL  | Clarke Enterprises   |
|            2 | RBT  | Susan Calvin Corp.   |
|            3 | TNBC | Skellington Supplies |
+--------------+------+----------------------+
3 rows in set (0.00 sec)

MariaDB [mytestdb]> select * from pieces;
+------+----------+
| Code | Name     |
+------+----------+
|    1 | Sprocket |
|    2 | Screw    |
|    3 | Nut      |
|    4 | Bolt     |
+------+----------+
4 rows in set (0.00 sec)

MariaDB [mytestdb]> DESC pieces;
+-------+-------------+------+-----+---------+-------+
| Field | Type        | Null | Key | Default | Extra |
+-------+-------------+------+-----+---------+-------+
| Code  | int(10)     | NO   | PRI | NULL    |       |
| Name  | varchar(50) | NO   |     | NULL    |       |
+-------+-------------+------+-----+---------+-------+
2 rows in set (0.00 sec)

MariaDB [mytestdb]> DESC providers;
+--------------+-------------+------+-----+---------+----------------+
| Field        | Type        | Null | Key | Default | Extra          |
+--------------+-------------+------+-----+---------+----------------+
| Providers_Id | int(10)     | NO   | PRI | NULL    | auto_increment |
| Code         | varchar(50) | NO   |     | NULL    |                |
| Name         | varchar(50) | NO   |     | NULL    |                |
+--------------+-------------+------+-----+---------+----------------+
3 rows in set (0.00 sec)

MariaDB [mytestdb]> DESC provides;
+----------+--------------+------+-----+---------+----------------+
| Field    | Type         | Null | Key | Default | Extra          |
+----------+--------------+------+-----+---------+----------------+
| Code     | int(10)      | NO   | PRI | NULL    | auto_increment |
| Piece    | int(10)      | NO   | PRI | NULL    |                |
| Provider | int(10)      | NO   | PRI | NULL    |                |
| Price    | double(10,2) | YES  |     | NULL    |                |
+----------+--------------+------+-----+---------+----------------+
4 rows in set (0.00 sec)

MariaDB [mytestdb]> drop table pieces
    -> ;
Query OK, 0 rows affected (0.17 sec)

MariaDB [mytestdb]> drop table providers;
Query OK, 0 rows affected (0.19 sec)

MariaDB [mytestdb]> drop table provides;
Query OK, 0 rows affected (0.16 sec)

MariaDB [mytestdb]> CREATE TABLE Pieces(
    -> Code Integer(10) Primary key,
    -> Name VARCHAR(50) NOT NULL
    -> );
Query OK, 0 rows affected (0.27 sec)

MariaDB [mytestdb]> CREATE TABLE Providers(
    -> Code VARCHAR(50) PRIMARY key NOT NULL,
    -> Name VARCHAR(50) NOT NULL
    -> );
Query OK, 0 rows affected (0.50 sec)

MariaDB [mytestdb]> CREATE TABLE Provides(
    -> Code Integer(10)  AUTO_INCREMENT,
    -> Piece Integer(10)  References Pieces(Code),
    -> Provider VARCHAR(50)  References Providers(Code),
    -> Price Double(10,2) CHECK(Price >10),
    -> PRIMARY KEY(Code,Piece,Provider)
    -> );
Query OK, 0 rows affected (0.39 sec)

MariaDB [mytestdb]> INSERT INTO Pieces(Code, Name) VALUES(1,'Sprocket');
Query OK, 1 row affected (0.08 sec)

MariaDB [mytestdb]> INSERT INTO Pieces(Code, Name) VALUES(2,'Screw');
Query OK, 1 row affected (0.06 sec)

MariaDB [mytestdb]> INSERT INTO Pieces(Code, Name) VALUES(3,'Nut');
Query OK, 1 row affected (0.05 sec)

MariaDB [mytestdb]> INSERT INTO Pieces(Code, Name) VALUES(4,'Bolt');
Query OK, 1 row affected (0.05 sec)

MariaDB [mytestdb]> INSERT INTO Providers(Code, Name) VALUES('HAL','Clarke Enterprises');
Query OK, 1 row affected (0.11 sec)

MariaDB [mytestdb]> INSERT INTO Providers(Code, Name) VALUES('RBT','Susan Calvin Corp.');
Query OK, 1 row affected (0.08 sec)

MariaDB [mytestdb]> INSERT INTO Providers(Code, Name) VALUES('TNBC','Skellington Supplies');
Query OK, 1 row affected (0.03 sec)

MariaDB [mytestdb]>
MariaDB [mytestdb]> INSERT INTO Provides(Piece, Provider, Price) VALUES(1,'HAL',10);
Query OK, 1 row affected (0.08 sec)

MariaDB [mytestdb]> INSERT INTO Provides(Piece, Provider, Price) VALUES(1,'RBT',15);
Query OK, 1 row affected (0.05 sec)

MariaDB [mytestdb]> INSERT INTO Provides(Piece, Provider, Price) VALUES(2,'HAL',20);
Query OK, 1 row affected (0.11 sec)

MariaDB [mytestdb]> INSERT INTO Provides(Piece, Provider, Price) VALUES(2,'RBT',15);
Query OK, 1 row affected (0.05 sec)

MariaDB [mytestdb]> INSERT INTO Provides(Piece, Provider, Price) VALUES(2,'TNBC',14);
Query OK, 1 row affected (0.09 sec)

MariaDB [mytestdb]> INSERT INTO Provides(Piece, Provider, Price) VALUES(3,'RBT',50);
Query OK, 1 row affected (0.05 sec)

MariaDB [mytestdb]> INSERT INTO Provides(Piece, Provider, Price) VALUES(3,'TNBC',45);
Query OK, 1 row affected (0.03 sec)

MariaDB [mytestdb]> INSERT INTO Provides(Piece, Provider, Price) VALUES(4,'HAL',5);
Query OK, 1 row affected (0.03 sec)

MariaDB [mytestdb]> INSERT INTO Provides(Piece, Provider, Price) VALUES(4,'RBT',7);
Query OK, 1 row affected (0.03 sec)

MariaDB [mytestdb]> select * from pieces;
+------+----------+
| Code | Name     |
+------+----------+
|    1 | Sprocket |
|    2 | Screw    |
|    3 | Nut      |
|    4 | Bolt     |
+------+----------+
4 rows in set (0.00 sec)

MariaDB [mytestdb]> select * from providers;
+------+----------------------+
| Code | Name                 |
+------+----------------------+
| HAL  | Clarke Enterprises   |
| RBT  | Susan Calvin Corp.   |
| TNBC | Skellington Supplies |
+------+----------------------+
3 rows in set (0.00 sec)

MariaDB [mytestdb]> select * from provideus;
ERROR 1146 (42S02): Table 'mytestdb.provideus' doesn't exist
MariaDB [mytestdb]> select * from provides;
+------+-------+----------+-------+
| Code | Piece | Provider | Price |
+------+-------+----------+-------+
|    1 |     1 | HAL      | 10.00 |
|    2 |     1 | RBT      | 15.00 |
|    3 |     2 | HAL      | 20.00 |
|    4 |     2 | RBT      | 15.00 |
|    5 |     2 | TNBC     | 14.00 |
|    6 |     3 | RBT      | 50.00 |
|    7 |     3 | TNBC     | 45.00 |
|    8 |     4 | HAL      |  5.00 |
|    9 |     4 | RBT      |  7.00 |
+------+-------+----------+-------+
9 rows in set (0.00 sec)

MariaDB [mytestdb]>